Archive member included to satisfy reference by file (symbol)

../../libDaisy//build\libdaisy.a(daisy_patch_sm.o)
                              build/SimpleOscillator.o (daisy::patch_sm::DaisyPatchSM::Init())
../../libDaisy//build\libdaisy.a(codec_pcm3060.o)
                              ../../libDaisy//build\libdaisy.a(daisy_patch_sm.o) (daisy::Pcm3060::Init(daisy::I2CHandle))
../../libDaisy//build\libdaisy.a(sdram.o)
                              ../../libDaisy//build\libdaisy.a(daisy_patch_sm.o) (SdramHandle::Init())
../../libDaisy//build\libdaisy.a(audio.o)
                              ../../libDaisy//build\libdaisy.a(daisy_patch_sm.o) (daisy::AudioHandle::Init(daisy::AudioHandle::Config const&, daisy::SaiHandle))
../../libDaisy//build\libdaisy.a(ctrl.o)
                              ../../libDaisy//build\libdaisy.a(daisy_patch_sm.o) (daisy::AnalogControl::Init(unsigned short*, float, bool, bool, float))
../../libDaisy//build\libdaisy.a(gatein.o)
                              ../../libDaisy//build\libdaisy.a(daisy_patch_sm.o) (daisy::GateIn::Init(daisy::Pin, bool))
../../libDaisy//build\libdaisy.a(adc.o)
                              ../../libDaisy//build\libdaisy.a(daisy_patch_sm.o) (daisy::AdcChannelConfig::InitSingle(dsy_gpio_pin, daisy::AdcChannelConfig::ConversionSpeed))
../../libDaisy//build\libdaisy.a(dac.o)
                              ../../libDaisy//build\libdaisy.a(daisy_patch_sm.o) (daisy::DacHandle::Init(daisy::DacHandle::Config const&))
../../libDaisy//build\libdaisy.a(gpio.o)
                              ../../libDaisy//build\libdaisy.a(gatein.o) (daisy::GPIO::Init(daisy::Pin, daisy::GPIO::Mode, daisy::GPIO::Pull, daisy::GPIO::Speed))
../../libDaisy//build\libdaisy.a(i2c.o)
                              ../../libDaisy//build\libdaisy.a(daisy_patch_sm.o) (daisy::I2CHandle::Init(daisy::I2CHandle::Config const&))
../../libDaisy//build\libdaisy.a(qspi.o)
                              ../../libDaisy//build\libdaisy.a(daisy_patch_sm.o) (daisy::QSPIHandle::Init(daisy::QSPIHandle::Config const&))
../../libDaisy//build\libdaisy.a(sai.o)
                              ../../libDaisy//build\libdaisy.a(daisy_patch_sm.o) (daisy::SaiHandle::Init(daisy::SaiHandle::Config const&))
../../libDaisy//build\libdaisy.a(system.o)
                              ../../libDaisy//build\libdaisy.a(codec_pcm3060.o) (daisy::System::Delay(unsigned long))
../../libDaisy//build\libdaisy.a(system_stm32h7xx.o)
                              build/startup_stm32h750xx.o (SystemInit)
../../libDaisy//build\libdaisy.a(usbd_conf.o)
                              ../../libDaisy//build\libdaisy.a(system.o) (hpcd_USB_OTG_HS)
../../libDaisy//build\libdaisy.a(usbh_conf.o)
                              ../../libDaisy//build\libdaisy.a(system.o) (hhcd_USB_OTG_HS)
../../libDaisy//build\libdaisy.a(hal_map.o)
                              ../../libDaisy//build\libdaisy.a(gpio.o) (dsy_hal_map_get_port)
../../libDaisy//build\libdaisy.a(stm32h7xx_hal.o)
                              ../../libDaisy//build\libdaisy.a(system.o) (HAL_Init)
../../libDaisy//build\libdaisy.a(stm32h7xx_hal_adc.o)
                              ../../libDaisy//build\libdaisy.a(adc.o) (HAL_ADC_ConfigChannel)
../../libDaisy//build\libdaisy.a(stm32h7xx_hal_adc_ex.o)
                              ../../libDaisy//build\libdaisy.a(adc.o) (HAL_ADCEx_Calibration_Start)
../../libDaisy//build\libdaisy.a(stm32h7xx_hal_cortex.o)
                              ../../libDaisy//build\libdaisy.a(stm32h7xx_hal.o) (HAL_NVIC_SetPriorityGrouping)
../../libDaisy//build\libdaisy.a(stm32h7xx_hal_dac.o)
                              ../../libDaisy//build\libdaisy.a(dac.o) (HAL_DAC_Init)
../../libDaisy//build\libdaisy.a(stm32h7xx_hal_dac_ex.o)
                              ../../libDaisy//build\libdaisy.a(stm32h7xx_hal_dac.o) (HAL_DACEx_DMAUnderrunCallbackCh2)
../../libDaisy//build\libdaisy.a(stm32h7xx_hal_dma.o)
                              ../../libDaisy//build\libdaisy.a(adc.o) (HAL_DMA_Init)
../../libDaisy//build\libdaisy.a(stm32h7xx_hal_gpio.o)
                              ../../libDaisy//build\libdaisy.a(sdram.o) (HAL_GPIO_Init)
../../libDaisy//build\libdaisy.a(stm32h7xx_hal_hcd.o)
                              ../../libDaisy//build\libdaisy.a(usbh_conf.o) (HAL_HCD_HC_Init)
../../libDaisy//build\libdaisy.a(stm32h7xx_hal_i2c.o)
                              ../../libDaisy//build\libdaisy.a(i2c.o) (HAL_I2C_Init)
../../libDaisy//build\libdaisy.a(stm32h7xx_hal_i2c_ex.o)
                              ../../libDaisy//build\libdaisy.a(i2c.o) (HAL_I2CEx_ConfigAnalogFilter)
../../libDaisy//build\libdaisy.a(stm32h7xx_hal_pcd.o)
                              ../../libDaisy//build\libdaisy.a(usbd_conf.o) (HAL_PCD_Init)
../../libDaisy//build\libdaisy.a(stm32h7xx_hal_pcd_ex.o)
                              ../../libDaisy//build\libdaisy.a(usbd_conf.o) (HAL_PCDEx_SetTxFiFo)
../../libDaisy//build\libdaisy.a(stm32h7xx_hal_pwr_ex.o)
[...]
Memory Configuration

Name             Origin             Length             Attributes
FLASH            0x08000000         0x00020000         xr
DTCMRAM          0x20000000         0x00020000         xrw
SRAM             0x24000000         0x00080000         xrw
RAM_D2           0x30000000         0x00048000         xrw
RAM_D3           0x38000000         0x00010000         xrw
BACKUP_SRAM      0x38800000         0x00001000         xrw
ITCMRAM          0x00000000         0x00010000         xrw
SDRAM            0xc0000000         0x04000000         xrw
QSPIFLASH        0x90000000         0x00800000         xr
*default*        0x00000000         0xffffffff

Linker script and memory map

LOAD c:/program files/daisytoolchain/bin/../lib/gcc/arm-none-eabi/10.2.1/thumb/v7e-m+dp/hard/crti.o
LOAD c:/program files/daisytoolchain/bin/../lib/gcc/arm-none-eabi/10.2.1/thumb/v7e-m+dp/hard/crtbegin.o
LOAD c:/program files/daisytoolchain/bin/../lib/gcc/arm-none-eabi/10.2.1/../../../../arm-none-eabi/lib/thumb/v7e-m+dp/hard/crt0.o
LOAD build/startup_stm32h750xx.o
LOAD build/SimpleOscillator.o
LOAD ../../libDaisy//build\libdaisy.a
LOAD c:/program files/daisytoolchain/bin/../lib/gcc/arm-none-eabi/10.2.1/../../../../arm-none-eabi/lib/thumb/v7e-m+dp/hard\libnosys.a
LOAD ../../DaisySP//build\libdaisysp.a
LOAD c:/program files/daisytoolchain/bin/../lib/gcc/arm-none-eabi/10.2.1/../../../../arm-none-eabi/lib/thumb/v7e-m+dp/hard\libstdc++_nano.a
LOAD c:/program files/daisytoolchain/bin/../lib/gcc/arm-none-eabi/10.2.1/../../../../arm-none-eabi/lib/thumb/v7e-m+dp/hard\libm.a
LOAD c:/program files/daisytoolchain/bin/../lib/gcc/arm-none-eabi/10.2.1/../../../../arm-none-eabi/lib/thumb/v7e-m+dp/hard\libc_nano.a
START GROUP
LOAD c:/program files/daisytoolchain/bin/../lib/gcc/arm-none-eabi/10.2.1/thumb/v7e-m+dp/hard\libgcc.a
LOAD c:/program files/daisytoolchain/bin/../lib/gcc/arm-none-eabi/10.2.1/../../../../arm-none-eabi/lib/thumb/v7e-m+dp/hard\libc_nano.a
END GROUP
START GROUP
LOAD c:/program files/daisytoolchain/bin/../lib/gcc/arm-none-eabi/10.2.1/thumb/v7e-m+dp/hard\libgcc.a
LOAD c:/program files/daisytoolchain/bin/../lib/gcc/arm-none-eabi/10.2.1/../../../../arm-none-eabi/lib/thumb/v7e-m+dp/hard\libc_nano.a
LOAD c:/program files/daisytoolchain/bin/../lib/gcc/arm-none-eabi/10.2.1/../../../../arm-none-eabi/lib/thumb/v7e-m+dp/hard\libnosys.a
END GROUP
START GROUP
LOAD c:/program files/daisytoolchain/bin/../lib/gcc/arm-none-eabi/10.2.1/thumb/v7e-m+dp/hard\libgcc.a
LOAD c:/program files/daisytoolchain/bin/../lib/gcc/arm-none-eabi/10.2.1/../../../../arm-none-eabi/lib/thumb/v7e-m+dp/hard\libc_nano.a
LOAD c:/program files/daisytoolchain/bin/../lib/gcc/arm-none-eabi/10.2.1/../../../../arm-none-eabi/lib/thumb/v7e-m+dp/hard\libnosys.a
END GROUP
LOAD c:/program files/daisytoolchain/bin/../lib/gcc/arm-none-eabi/10.2.1/thumb/v7e-m+dp/hard/crtend.o
LOAD c:/program files/daisytoolchain/bin/../lib/gcc/arm-none-eabi/10.2.1/thumb/v7e-m+dp/hard/crtn.o
                0x20020000                _estack = 0x20020000

.isr_vector     0x08000000      0x298
                0x08000000                . = ALIGN (0x4)
 *(.isr_vector)
 .isr_vector    0x08000000      0x298 build/startup_stm32h750xx.o
                0x08000000                g_pfnVectors
                0x08000298                . = ALIGN (0x4)

.text           0x08000298    0x12680
                0x08000298                . = ALIGN (0x4)
                0x08000298                _stext = .
 *(.text)
 .text          0x08000298       0x40 c:/program files/daisytoolchain/bin/../lib/gcc/arm-none-eabi/10.2.1/thumb/v7e-m+dp/hard/crtbegin.o
 .text          0x080002d8      0x378 c:/program files/daisytoolchain/bin/../lib/gcc/arm-none-eabi/10.2.1/thumb/v7e-m+dp/hard\libgcc.a(_arm_addsubdf3.o)
                0x080002d8                __aeabi_drsub
                0x080002e0                __aeabi_dsub
                0x080002e0                __subdf3
                0x080002e4                __aeabi_dadd
                0x080002e4                __adddf3
                0x0800055c                __floatunsidf
                0x0800055c                __aeabi_ui2d
                0x0800057c                __floatsidf
                0x0800057c                __aeabi_i2d
                0x080005a0                __aeabi_f2d
                0x080005a0                __extendsfdf2
                0x080005e4                __floatundidf
                0x080005e4                __aeabi_ul2d
                0x080005f4                __floatdidf
                0x080005f4                __aeabi_l2d
 .text          0x08000650       0x30 c:/program files/daisytoolchain/bin/../lib/gcc/arm-none-eabi/10.2.1/thumb/v7e-m+dp/hard\libgcc.a(_aeabi_uldivmod.o)
                0x08000650                __aeabi_uldivmod
 .text          0x08000680      0x2d0 c:/program files/daisytoolchain/bin/../lib/gcc/arm-none-eabi/10.2.1/thumb/v7e-m+dp/hard\libgcc.a(_udivmoddi4.o)
                0x08000680                __udivmoddi4
 .text          0x08000950        0x4 c:/program files/daisytoolchain/bin/../lib/gcc/arm-none-eabi/10.2.1/thumb/v7e-m+dp/hard\libgcc.a(_dvmd_tls.o)
                0x08000950                __aeabi_idiv0
                0x08000950                __aeabi_ldiv0
 *(.text*)
 .text.Default_Handler
                0x08000954        0x4 build/startup_stm32h750xx.o
                0x08000954                RTC_Alarm_IRQHandler
                0x08000954                HASH_RNG_IRQHandler
                0x08000954                EXTI2_IRQHandler
                0x08000954                TIM8_CC_IRQHandler
                0x08000954                HRTIM1_Master_IRQHandler
                0x08000954                DebugMon_Handler
                0x08000954                TIM1_CC_IRQHandler
                0x08000954                BDMA_Channel6_IRQHandler
                0x08000954                DMA2_Stream5_IRQHandler
                0x08000954                HRTIM1_FLT_IRQHandler
                0x08000954                JPEG_IRQHandler
                0x08000954                BDMA_Channel1_IRQHandler
                0x08000954                HRTIM1_TIMD_IRQHandler
                0x08000954                TAMP_STAMP_IRQHandler
                0x08000954                PendSV_Handler
                0x08000954                NMI_Handler
                0x08000954                EXTI3_IRQHandler
                0x08000954                LPTIM4_IRQHandler
                0x08000954                TIM8_TRG_COM_TIM14_IRQHandler
                0x08000954                LPTIM2_IRQHandler
                0x08000954                DFSDM1_FLT1_IRQHandler
                0x08000954                DMAMUX2_OVR_IRQHandler
                0x08000954                TIM8_UP_TIM13_IRQHandler
                0x08000954                I2C3_ER_IRQHandler
                0x08000954                DFSDM1_FLT2_IRQHandler
                0x08000954                MDMA_IRQHandler
                0x08000954                LPTIM3_IRQHandler
                0x08000954                HSEM1_IRQHandler
                0x08000954                EXTI0_IRQHandler
                0x08000954                FPU_IRQHandler
                0x08000954                OTG_HS_WKUP_IRQHandler
                0x08000954                FDCAN1_IT1_IRQHandler
                0x08000954                UsageFault_Handler
                0x08000954                LTDC_ER_IRQHandler
                0x08000954                HRTIM1_TIME_IRQHandler
                0x08000954                DCMI_IRQHandler
                0x08000954                HRTIM1_TIMC_IRQHandler
                0x08000954                SAI2_IRQHandler
                0x08000954                DFSDM1_FLT3_IRQHandler
                0x08000954                TIM17_IRQHandler
                0x08000954                CRYP_IRQHandler
                0x08000954                BDMA_Channel7_IRQHandler
                0x08000954                LPTIM5_IRQHandler
                0x08000954                ADC3_IRQHandler
                0x08000954                BDMA_Channel2_IRQHandler
                0x08000954                DMAMUX1_OVR_IRQHandler
                0x08000954                TIM16_IRQHandler
                0x08000954                BDMA_Channel5_IRQHandler
                0x08000954                RCC_IRQHandler
                0x08000954                TIM8_BRK_TIM12_IRQHandler
                0x08000954                TIM1_TRG_COM_IRQHandler
                0x08000954                Default_Handler
                0x08000954                ECC_IRQHandler
                0x08000954                CEC_IRQHandler
                0x08000954                EXTI15_10_IRQHandler
                0x08000954                BDMA_Channel0_IRQHandler
                0x08000954                ADC_IRQHandler
                0x08000954                DMA1_Stream7_IRQHandler
                0x08000954                HRTIM1_TIMA_IRQHandler
                0x08000954                TIM7_IRQHandler
                0x08000954                SDMMC1_IRQHandler
                0x08000954                DMA2_Stream7_IRQHandler
                0x08000954                TIM15_IRQHandler
                0x08000954                PVD_AVD_IRQHandler
                0x08000954                EXTI9_5_IRQHandler
                0x08000954                RTC_WKUP_IRQHandler
                0x08000954                LTDC_IRQHandler
                0x08000954                SAI3_IRQHandler
                0x08000954                ETH_WKUP_IRQHandler
                0x08000954                SPDIF_RX_IRQHandler
                0x08000954                MemManage_Handler
                0x08000954                SVC_Handler
                0x08000954                CRS_IRQHandler
                0x08000954                EXTI4_IRQHandler
                0x08000954                HRTIM1_TIMB_IRQHandler
                0x08000954                FDCAN2_IT1_IRQHandler
                0x08000954                ETH_IRQHandler
                0x08000954                TIM1_UP_IRQHandler
                0x08000954                BDMA_Channel4_IRQHandler
                0x08000954                WWDG_IRQHandler
                0x08000954                SPI6_IRQHandler
                0x08000954                I2C4_EV_IRQHandler
                0x08000954                MDIOS_IRQHandler
                0x08000954                FDCAN2_IT0_IRQHandler
                0x08000954                FDCAN1_IT0_IRQHandler
                0x08000954                OTG_FS_WKUP_IRQHandler
                0x08000954                DMA2D_IRQHandler
                0x08000954                TIM1_BRK_IRQHandler
                0x08000954                EXTI1_IRQHandler
                0x08000954                SDMMC2_IRQHandler
                0x08000954                OTG_FS_EP1_OUT_IRQHandler
                0x08000954                BDMA_Channel3_IRQHandler
                0x08000954                MDIOS_WKUP_IRQHandler
                0x08000954                DFSDM1_FLT0_IRQHandler
                0x08000954                SAI4_IRQHandler
                0x08000954                I2C2_ER_IRQHandler
                0x08000954                FLASH_IRQHandler
                0x08000954                BusFault_Handler
                0x08000954                OTG_FS_IRQHandler
                0x08000954                WAKEUP_PIN_IRQHandler
                0x08000954                OTG_FS_EP1_IN_IRQHandler
                0x08000954                I2C1_ER_IRQHandler
                0x08000954                FMC_IRQHandler
                0x08000954                FDCAN_CAL_IRQHandler
                0x08000954                SWPMI1_IRQHandler
                0x08000954                COMP1_IRQHandler
                0x08000954                LPTIM1_IRQHandler
                0x08000954                I2C4_ER_IRQHandler
                0x08000954                DMA2_Stream6_IRQHandler
                0x08000954                SAI1_IRQHandler
 .text.Reset_Handler
                0x08000958       0x44 build/startup_stm32h750xx.o
                0x08000958                Reset_Handler
 .text._ZN5daisy8patch_sm12DaisyPatchSMD2Ev
                0x0800099c        0x4 build/SimpleOscillator.o
                0x0800099c                daisy::patch_sm::DaisyPatchSM::~DaisyPatchSM()
                0x0800099c                daisy::patch_sm::DaisyPatchSM::~DaisyPatchSM()
 .text._ZN7daisysp10OscillatorD2Ev
                0x080009a0        0x4 build/SimpleOscillator.o
                0x080009a0                daisysp::Oscillator::~Oscillator()
                0x080009a0                daisysp::Oscillator::~Oscillator()
 .text._Z13AudioCallbackPKPKfPPfj
                0x080009a4       0xe0 build/SimpleOscillator.o
                0x080009a4                AudioCallback(float const* const*, float**, unsigned int)
 .text.startup.main
                0x08000a84       0x68 build/SimpleOscillator.o
                0x08000a84                main
 .text.startup._GLOBAL__sub_I_patch
                0x08000aec       0x4c build/SimpleOscillator.o
 .text._ZN5daisy8patch_sm12DaisyPatchSM4Impl19InternalDacCallbackEPPtj
                0x08000b38       0xa8 ../../libDaisy//build\libdaisy.a(daisy_patch_sm.o)
                0x08000b38                daisy::patch_sm::DaisyPatchSM::Impl::InternalDacCallback(unsigned short**, unsigned int)
 .text._ZN5daisy8patch_sm12DaisyPatchSM4InitEv
                0x08000be0      0x29c ../../libDaisy//build\libdaisy.a(daisy_patch_sm.o)
                0x08000be0                daisy::patch_sm::DaisyPatchSM::Init()
 .text._ZN5daisy8patch_sm12DaisyPatchSM10StartAudioEPFvPKPKfPPfjE
                0x08000e7c        0x8 ../../libDaisy//build\libdaisy.a(daisy_patch_sm.o)
                0x08000e7c                daisy::patch_sm::DaisyPatchSM::StartAudio(void (*)(float const* const*, float**, unsigned int))
 .text._ZN5daisy8patch_sm12DaisyPatchSM15AudioSampleRateEv
                0x08000e84        0x8 ../../libDaisy//build\libdaisy.a(daisy_patch_sm.o)
                0x08000e84                daisy::patch_sm::DaisyPatchSM::AudioSampleRate()
 .text._ZN5daisy8patch_sm12DaisyPatchSM21ProcessAnalogControlsEv
                0x08000e8c       0x18 ../../libDaisy//build\libdaisy.a(daisy_patch_sm.o)
                0x08000e8c                daisy::patch_sm::DaisyPatchSM::ProcessAnalogControls()
 .text._ZN5daisy8patch_sm12DaisyPatchSM22ProcessDigitalControlsEv
                0x08000ea4        0x4 ../../libDaisy//build\libdaisy.a(daisy_patch_sm.o)
                0x08000ea4                daisy::patch_sm::DaisyPatchSM::ProcessDigitalControls()
 .text._ZN5daisy8patch_sm12DaisyPatchSM11GetAdcValueEi
                0x08000ea8        0xc ../../libDaisy//build\libdaisy.a(daisy_patch_sm.o)
                0x08000ea8                daisy::patch_sm::DaisyPatchSM::GetAdcValue(int)
 .text.startup._GLOBAL__sub_I__ZN5daisy8patch_sm12DaisyPatchSM2A1E
                0x08000eb4       0x28 ../../libDaisy//build\libdaisy.a(daisy_patch_sm.o)
 .text._ZN5daisy7Pcm30604InitENS_9I2CHandleE
                0x08000edc      0x16c ../../libDaisy//build\libdaisy.a(codec_pcm3060.o)
                0x08000edc                daisy::Pcm3060::Init(daisy::I2CHandle)
 .text._ZN11SdramHandle10DeviceInitEv
                0x08001048       0x98 ../../libDaisy//build\libdaisy.a(sdram.o)
                0x08001048                SdramHandle::DeviceInit()
 .text._ZN11SdramHandle4InitEv
                0x080010e0       0x7c ../../libDaisy//build\libdaisy.a(sdram.o)
                0x080010e0                SdramHandle::Init()
 .text.HAL_SDRAM_MspInit
                0x0800115c      0x1a8 ../../libDaisy//build\libdaisy.a(sdram.o)
                0x0800115c                HAL_SDRAM_MspInit
 .text._ZN5daisy11AudioHandle4Impl16InternalCallbackEPlS2_j
                0x08001304      0xbbc ../../libDaisy//build\libdaisy.a(audio.o)
                0x08001304                daisy::AudioHandle::Impl::InternalCallback(long*, long*, unsigned int)
 .text._ZN5daisy11AudioHandle4InitERKNS0_6ConfigENS_9SaiHandleE
                0x08001ec0       0x70 ../../libDaisy//build\libdaisy.a(audio.o)
                0x08001ec0                daisy::AudioHandle::Init(daisy::AudioHandle::Config const&, daisy::SaiHandle)
 .text._ZNK5daisy11AudioHandle9GetConfigEv
                0x08001f30        0x8 ../../libDaisy//build\libdaisy.a(audio.o)
                0x08001f30                daisy::AudioHandle::GetConfig() const
 .text._ZN5daisy11AudioHandle13GetSampleRateEv
                0x08001f38        0x8 ../../libDaisy//build\libdaisy.a(audio.o)
                0x08001f38                daisy::AudioHandle::GetSampleRate()
 .text._ZN5daisy11AudioHandle5StartEPFvPKPKfPPfjE
                0x08001f40       0x44 ../../libDaisy//build\libdaisy.a(audio.o)
                0x08001f40                daisy::AudioHandle::Start(void (*)(float const* const*, float**, unsigned int))
 .text.startup._GLOBAL__sub_I__ZN5daisy11AudioHandle4Impl4InitENS0_6ConfigENS_9SaiHandleE
                0x08001f84       0x24 ../../libDaisy//build\libdaisy.a(audio.o)
 .text._ZN5daisy13AnalogControl4InitEPtfbbf
                0x08001fa8       0x64 ../../libDaisy//build\libdaisy.a(ctrl.o)
                0x08001fa8                daisy::AnalogControl::Init(unsigned short*, float, bool, bool, float)
 .text._ZN5daisy13AnalogControl13InitBipolarCvEPtf
                0x0800200c       0x6c ../../libDaisy//build\libdaisy.a(ctrl.o)
                0x0800200c                daisy::AnalogControl::InitBipolarCv(unsigned short*, float)
 .text._ZN5daisy13AnalogControl7ProcessEv
                0x08002078       0x48 ../../libDaisy//build\libdaisy.a(ctrl.o)
                0x08002078                daisy::AnalogControl::Process()
 .text._ZN5daisy6GateIn4InitENS_3PinEb
                0x080020c0       0x24 ../../libDaisy//build\libdaisy.a(gatein.o)
                0x080020c0                daisy::GateIn::Init(daisy::Pin, bool)
 .text._ZN5daisy16AdcChannelConfig10InitSingleE12dsy_gpio_pinNS0_15ConversionSpeedE
                0x080020e4       0x28 ../../libDaisy//build\libdaisy.a(adc.o)
                0x080020e4                daisy::AdcChannelConfig::InitSingle(dsy_gpio_pin, daisy::AdcChannelConfig::ConversionSpeed)
 .text._ZN5daisy9AdcHandle4InitEPNS_16AdcChannelConfigEjNS0_12OverSamplingE
                0x0800210c      0x41c ../../libDaisy//build\libdaisy.a(adc.o)
                0x0800210c                daisy::AdcHandle::Init(daisy::AdcChannelConfig*, unsigned int, daisy::AdcHandle::OverSampling)
 .text._ZN5daisy9AdcHandle5StartEv
                0x08002528       0x2c ../../libDaisy//build\libdaisy.a(adc.o)
                0x08002528                daisy::AdcHandle::Start()
 .text._ZNK5daisy9AdcHandle6GetPtrEh
                0x08002554       0x14 ../../libDaisy//build\libdaisy.a(adc.o)
                0x08002554                daisy::AdcHandle::GetPtr(unsigned char) const
 .text.HAL_ADC_MspInit
                0x08002568       0x98 ../../libDaisy//build\libdaisy.a(adc.o)
                0x08002568                HAL_ADC_MspInit
 .text.DMA1_Stream2_IRQHandler
                0x08002600        0xc ../../libDaisy//build\libdaisy.a(adc.o)
                0x08002600                DMA1_Stream2_IRQHandler
 .text.HAL_ADC_ConvCpltCallback
                0x0800260c      0x148 ../../libDaisy//build\libdaisy.a(adc.o)
                0x0800260c                HAL_ADC_ConvCpltCallback
 .text.HAL_ADC_ErrorCallback
                0x08002754        0x4 ../../libDaisy//build\libdaisy.a(adc.o)
                0x08002754                HAL_ADC_ErrorCallback
 .text.HAL_DAC_MspInit
                0x08002758      0x15c ../../libDaisy//build\libdaisy.a(dac.o)
                0x08002758                HAL_DAC_MspInit
 .text.DMA2_Stream0_IRQHandler
                0x080028b4        0xc ../../libDaisy//build\libdaisy.a(dac.o)
                0x080028b4                DMA2_Stream0_IRQHandler
 .text.DMA2_Stream1_IRQHandler
                0x080028c0        0xc ../../libDaisy//build\libdaisy.a(dac.o)
                0x080028c0                DMA2_Stream1_IRQHandler
 .text.TIM6_DAC_IRQHandler
                0x080028cc       0x1c ../../libDaisy//build\libdaisy.a(dac.o)
                0x080028cc                TIM6_DAC_IRQHandler
 .text.HAL_DAC_ConvCpltCallbackCh1
                0x080028e8       0x60 ../../libDaisy//build\libdaisy.a(dac.o)
                0x080028e8                HAL_DAC_ConvCpltCallbackCh1
 .text.HAL_DAC_ConvHalfCpltCallbackCh1
                0x08002948       0x54 ../../libDaisy//build\libdaisy.a(dac.o)
                0x08002948                HAL_DAC_ConvHalfCpltCallbackCh1
 .text.HAL_DACEx_ConvHalfCpltCallbackCh2
                0x0800299c       0x2c ../../libDaisy//build\libdaisy.a(dac.o)
                0x0800299c                HAL_DACEx_ConvHalfCpltCallbackCh2
 .text.HAL_DACEx_ConvCpltCallbackCh2
                0x080029c8       0x34 ../../libDaisy//build\libdaisy.a(dac.o)
                0x080029c8                HAL_DACEx_ConvCpltCallbackCh2
 .text._ZN5daisy9DacHandle4InitERKNS0_6ConfigE
                0x080029fc       0xfc ../../libDaisy//build\libdaisy.a(dac.o)
                0x080029fc                daisy::DacHandle::Init(daisy::DacHandle::Config const&)
 .text._ZN5daisy9DacHandle5StartEPtS1_jPFvPS1_jE
                0x08002af8       0x6c ../../libDaisy//build\libdaisy.a(dac.o)
                0x08002af8                daisy::DacHandle::Start(unsigned short*, unsigned short*, unsigned int, void (*)(unsigned short**, unsigned int))
 .text._ZN5daisy9DacHandle4StopEv
                0x08002b64       0x40 ../../libDaisy//build\libdaisy.a(dac.o)
                0x08002b64                daisy::DacHandle::Stop()
 .text._ZN5daisy4GPIO4InitENS_3PinENS0_4ModeENS0_4PullENS0_5SpeedE
                0x08002ba4      0x1cc ../../libDaisy//build\libdaisy.a(gpio.o)
                0x08002ba4                daisy::GPIO::Init(daisy::Pin, daisy::GPIO::Mode, daisy::GPIO::Pull, daisy::GPIO::Speed)
 .text.dsy_gpio_init
                0x08002d70      0x1b8 ../../libDaisy//build\libdaisy.a(gpio.o)
                0x08002d70                dsy_gpio_init
 .text.dsy_gpio_write
                0x08002f28       0x24 ../../libDaisy//build\libdaisy.a(gpio.o)
                0x08002f28                dsy_gpio_write
 .text._ZN5daisy9I2CHandle4Impl8InitPinsEv
                0x08002f4c       0x58 ../../libDaisy//build\libdaisy.a(i2c.o)
                0x08002f4c                daisy::I2CHandle::Impl::InitPins()
 .text.HAL_I2C_MspInit
                0x08002fa4      0x1b4 ../../libDaisy//build\libdaisy.a(i2c.o)
                0x08002fa4                HAL_I2C_MspInit
 .text.dsy_i2c_global_init
                0x08003158       0x78 ../../libDaisy//build\libdaisy.a(i2c.o)
                0x08003158                dsy_i2c_global_init
 .text.DMA1_Stream6_IRQHandler
                0x080031d0       0x34 ../../libDaisy//build\libdaisy.a(i2c.o)
                0x080031d0                DMA1_Stream6_IRQHandler
 .text.I2C1_EV_IRQHandler
                0x08003204        0xc ../../libDaisy//build\libdaisy.a(i2c.o)
                0x08003204                I2C1_EV_IRQHandler
 .text.I2C2_EV_IRQHandler
                0x08003210        0xc ../../libDaisy//build\libdaisy.a(i2c.o)
                0x08003210                I2C2_EV_IRQHandler
 .text.I2C3_EV_IRQHandler
                0x0800321c        0xc ../../libDaisy//build\libdaisy.a(i2c.o)
                0x0800321c                I2C3_EV_IRQHandler
 .text._ZN5daisy9I2CHandle4InitERKNS0_6ConfigE
                0x08003228      0x12c ../../libDaisy//build\libdaisy.a(i2c.o)
                0x08003228                daisy::I2CHandle::Init(daisy::I2CHandle::Config const&)
 .text._ZN5daisy9I2CHandle17ReadDataAtAddressEtttPhtm
                0x08003354       0x4c ../../libDaisy//build\libdaisy.a(i2c.o)
                0x08003354                daisy::I2CHandle::ReadDataAtAddress(unsigned short, unsigned short, unsigned short, unsigned char*, unsigned short, unsigned long)
 .text._ZN5daisy9I2CHandle18WriteDataAtAddressEtttPhtm
                0x080033a0       0x4c ../../libDaisy//build\libdaisy.a(i2c.o)
                0x080033a0                daisy::I2CHandle::WriteDataAtAddress(unsigned short, unsigned short, unsigned short, unsigned char*, unsigned short, unsigned long)
 .text.startup._GLOBAL__sub_I__ZN5daisy9I2CHandle4Impl10GlobalInitEv
                0x080033ec       0x18 ../../libDaisy//build\libdaisy.a(i2c.o)
 .text._ZN5daisy10QSPIHandle4Impl11WriteEnableEv
                0x08003404       0x8c ../../libDaisy//build\libdaisy.a(qspi.o)
                0x08003404                daisy::QSPIHandle::Impl::WriteEnable()
 .text._ZN5daisy10QSPIHandle4Impl17DummyCyclesConfigENS0_6Config6DeviceE
                0x08003490      0x118 ../../libDaisy//build\libdaisy.a(qspi.o)
                0x08003490                daisy::QSPIHandle::Impl::DummyCyclesConfig(daisy::QSPIHandle::Config::Device)
 .text._ZN5daisy10QSPIHandle4Impl10QuadEnableEv
                0x080035a8      0x158 ../../libDaisy//build\libdaisy.a(qspi.o)
                0x080035a8                daisy::QSPIHandle::Impl::QuadEnable()
 .text._ZN5daisy10QSPIHandle4InitERKNS0_6ConfigE
                0x08003700      0x198 ../../libDaisy//build\libdaisy.a(qspi.o)
                0x08003700                daisy::QSPIHandle::Init(daisy::QSPIHandle::Config const&)
 .text.HAL_QSPI_MspInit
                0x08003898      0x11c ../../libDaisy//build\libdaisy.a(qspi.o)
                0x08003898                HAL_QSPI_MspInit
 .text.HAL_QSPI_MspDeInit
                0x080039b4       0x54 ../../libDaisy//build\libdaisy.a(qspi.o)
                0x080039b4                HAL_QSPI_MspDeInit
 .text.QUADSPI_IRQHandler
                0x08003a08        0xc ../../libDaisy//build\libdaisy.a(qspi.o)
                0x08003a08                QUADSPI_IRQHandler
 .text.startup._GLOBAL__sub_I__ZN5daisy10QSPIHandle4Impl4InitERKNS0_6ConfigE
                0x08003a14       0x28 ../../libDaisy//build\libdaisy.a(qspi.o)
 .text._ZN5daisy9SaiHandle4Impl7InitDmaENS1_15PeripheralBlockE
                0x08003a3c       0xa0 ../../libDaisy//build\libdaisy.a(sai.o)
                0x08003a3c                daisy::SaiHandle::Impl::InitDma(daisy::SaiHandle::Impl::PeripheralBlock)
 .text._ZN5daisy9SaiHandle4Impl8InitPinsEv
                0x08003adc       0xa8 ../../libDaisy//build\libdaisy.a(sai.o)
                0x08003adc                daisy::SaiHandle::Impl::InitPins()
 .text.HAL_SAI_MspInit
                0x08003b84      0x164 ../../libDaisy//build\libdaisy.a(sai.o)
                0x08003b84                HAL_SAI_MspInit
 .text.DMA1_Stream0_IRQHandler
                0x08003ce8        0xc ../../libDaisy//build\libdaisy.a(sai.o)
                0x08003ce8                DMA1_Stream0_IRQHandler
 .text.DMA1_Stream1_IRQHandler
                0x08003cf4        0xc ../../libDaisy//build\libdaisy.a(sai.o)
                0x08003cf4                DMA1_Stream1_IRQHandler
 .text.DMA1_Stream3_IRQHandler
                0x08003d00        0xc ../../libDaisy//build\libdaisy.a(sai.o)
                0x08003d00                DMA1_Stream3_IRQHandler
 .text.DMA1_Stream4_IRQHandler
                0x08003d0c        0xc ../../libDaisy//build\libdaisy.a(sai.o)
                0x08003d0c                DMA1_Stream4_IRQHandler
 .text.HAL_SAI_RxHalfCpltCallback
                0x08003d18       0x78 ../../libDaisy//build\libdaisy.a(sai.o)
                0x08003d18                HAL_SAI_RxHalfCpltCallback
 .text.HAL_SAI_RxCpltCallback
                0x08003d90       0x70 ../../libDaisy//build\libdaisy.a(sai.o)
                0x08003d90                HAL_SAI_RxCpltCallback
 .text._ZN5daisy9SaiHandle4InitERKNS0_6ConfigE
                0x08003e00      0x1f0 ../../libDaisy//build\libdaisy.a(sai.o)
                0x08003e00                daisy::SaiHandle::Init(daisy::SaiHandle::Config const&)
 .text._ZNK5daisy9SaiHandle9GetConfigEv
                0x08003ff0        0x4 ../../libDaisy//build\libdaisy.a(sai.o)
                0x08003ff0                daisy::SaiHandle::GetConfig() const
 .text._ZN5daisy9SaiHandle8StartDmaEPlS1_jPFvS1_S1_jE
                0x08003ff4       0xbc ../../libDaisy//build\libdaisy.a(sai.o)
                0x08003ff4                daisy::SaiHandle::StartDma(long*, long*, unsigned int, void (*)(long*, long*, unsigned int))
 .text._ZN5daisy9SaiHandle13GetSampleRateEv
                0x080040b0       0x24 ../../libDaisy//build\libdaisy.a(sai.o)
                0x080040b0                daisy::SaiHandle::GetSampleRate()
 .text._ZNK5daisy9SaiHandle9GetOffsetEv
                0x080040d4        0x8 ../../libDaisy//build\libdaisy.a(sai.o)
                0x080040d4                daisy::SaiHandle::GetOffset() const
 .text._ZN5daisy11TimerHandleD2Ev
                0x080040dc        0x4 ../../libDaisy//build\libdaisy.a(system.o)
                0x080040dc                daisy::TimerHandle::~TimerHandle()
                0x080040dc                daisy::TimerHandle::~TimerHandle()
 .text.SysTick_Handler
                0x080040e0       0x10 ../../libDaisy//build\libdaisy.a(system.o)
                0x080040e0                SysTick_Handler
 .text.OTG_HS_EP1_OUT_IRQHandler
                0x080040f0       0x24 ../../libDaisy//build\libdaisy.a(system.o)
                0x080040f0                OTG_HS_EP1_OUT_IRQHandler
 .text.OTG_HS_EP1_IN_IRQHandler
                0x08004114       0x24 ../../libDaisy//build\libdaisy.a(system.o)
                0x08004114                OTG_HS_EP1_IN_IRQHandler
 .text.OTG_HS_IRQHandler
                0x08004138       0x24 ../../libDaisy//build\libdaisy.a(system.o)
                0x08004138                OTG_HS_IRQHandler
 .text.HardFault_Handler
                0x0800415c       0xe0 ../../libDaisy//build\libdaisy.a(system.o)
                0x0800415c                HardFault_Handler
 .text._ZN5daisy6System5DelayEm
                0x0800423c        0x4 ../../libDaisy//build\libdaisy.a(system.o)
                0x0800423c                daisy::System::Delay(unsigned long)
 .text._ZN5daisy6System20GetBootloaderVersionEv
                0x08004240       0x34 ../../libDaisy//build\libdaisy.a(system.o)
                0x08004240                daisy::System::GetBootloaderVersion()
 .text._ZN5daisy6System15ConfigureClocksEv
                0x08004274      0x194 ../../libDaisy//build\libdaisy.a(system.o)
                0x08004274                daisy::System::ConfigureClocks()
 .text._ZN5daisy6System12ConfigureMpuEv
                0x08004408       0x7c ../../libDaisy//build\libdaisy.a(system.o)
                0x08004408                daisy::System::ConfigureMpu()
 .text._ZN5daisy6System4InitERKNS0_6ConfigE
                0x08004484       0xec ../../libDaisy//build\libdaisy.a(system.o)
                0x08004484                daisy::System::Init(daisy::System::Config const&)
 .text._ZN5daisy6System12GetPClk1FreqEv
                0x08004570        0x4 ../../libDaisy//build\libdaisy.a(system.o)
                0x08004570                daisy::System::GetPClk1Freq()
 .text._ZN5daisy6System12GetPClk2FreqEv
                0x08004574        0x4 ../../libDaisy//build\libdaisy.a(system.o)
                0x08004574                daisy::System::GetPClk2Freq()
 .text._ZN5daisy6System22GetProgramMemoryRegionEv
                0x08004578       0x78 ../../libDaisy//build\libdaisy.a(system.o)
                0x08004578                daisy::System::GetProgramMemoryRegion()
 .text.startup._GLOBAL__sub_I__ZN5daisy9boot_infoE
                0x080045f0       0x1c ../../libDaisy//build\libdaisy.a(system.o)
 .text.SystemInit
                0x0800460c       0x9c ../../libDaisy//build\libdaisy.a(system_stm32h7xx.o)
                0x0800460c                SystemInit
 .text.HAL_PCD_SetupStageCallback
                0x080046a8        0xc ../../libDaisy//build\libdaisy.a(usbd_conf.o)
                0x080046a8                HAL_PCD_SetupStageCallback
 .text.HAL_PCD_DataOutStageCallback
                0x080046b4       0x14 ../../libDaisy//build\libdaisy.a(usbd_conf.o)
                0x080046b4                HAL_PCD_DataOutStageCallback
 .text.HAL_PCD_DataInStageCallback
                0x080046c8       0x14 ../../libDaisy//build\libdaisy.a(usbd_conf.o)
                0x080046c8                HAL_PCD_DataInStageCallback
 .text.HAL_PCD_SOFCallback
                0x080046dc        0x8 ../../libDaisy//build\libdaisy.a(usbd_conf.o)
                0x080046dc                HAL_PCD_SOFCallback
 .text.HAL_PCD_ResetCallback
                0x080046e4       0x24 ../../libDaisy//build\libdaisy.a(usbd_conf.o)
                0x080046e4                HAL_PCD_ResetCallback
 .text.HAL_PCD_SuspendCallback
                0x08004708       0x30 ../../libDaisy//build\libdaisy.a(usbd_conf.o)
                0x08004708                HAL_PCD_SuspendCallback
 .text.HAL_PCD_ResumeCallback
                0x08004738        0x8 ../../libDaisy//build\libdaisy.a(usbd_conf.o)
                0x08004738                HAL_PCD_ResumeCallback
 .text.HAL_PCD_ISOOUTIncompleteCallback
                0x08004740        0x8 ../../libDaisy//build\libdaisy.a(usbd_conf.o)
                0x08004740                HAL_PCD_ISOOUTIncompleteCallback
 .text.HAL_PCD_ISOINIncompleteCallback
                0x08004748        0x8 ../../libDaisy//build\libdaisy.a(usbd_conf.o)
                0x08004748                HAL_PCD_ISOINIncompleteCallback
 .text.HAL_PCD_ConnectCallback
                0x08004750        0x8 ../../libDaisy//build\libdaisy.a(usbd_conf.o)
                0x08004750                HAL_PCD_ConnectCallback
 .text.HAL_PCD_DisconnectCallback
                0x08004758        0x8 ../../libDaisy//build\libdaisy.a(usbd_conf.o)
                0x08004758                HAL_PCD_DisconnectCallback
 .text.USBD_LL_OpenEP
                0x08004760       0x24 ../../libDaisy//build\libdaisy.a(usbd_conf.o)
                0x08004760                USBD_LL_OpenEP
 .text.USBD_LL_StallEP
                0x08004784       0x1c ../../libDaisy//build\libdaisy.a(usbd_conf.o)
                0x08004784                USBD_LL_StallEP
 .text.USBD_LL_ClearStallEP
                0x080047a0       0x1c ../../libDaisy//build\libdaisy.a(usbd_conf.o)
                0x080047a0                USBD_LL_ClearStallEP
 .text.USBD_LL_IsStallEP
                0x080047bc       0x28 ../../libDaisy//build\libdaisy.a(usbd_conf.o)
                0x080047bc                USBD_LL_IsStallEP
 .text.USBD_LL_SetUSBAddress
                0x080047e4       0x1c ../../libDaisy//build\libdaisy.a(usbd_conf.o)
                0x080047e4                USBD_LL_SetUSBAddress
 .text.USBD_LL_Transmit
                0x08004800       0x1c ../../libDaisy//build\libdaisy.a(usbd_conf.o)
                0x08004800                USBD_LL_Transmit
 .text.USBD_LL_PrepareReceive
                0x0800481c       0x1c ../../libDaisy//build\libdaisy.a(usbd_conf.o)
                0x0800481c                USBD_LL_PrepareReceive
 .text.HAL_HCD_SOF_Callback
                0x08004838        0x8 ../../libDaisy//build\libdaisy.a(usbh_conf.o)
                0x08004838                HAL_HCD_SOF_Callback
 .text.HAL_HCD_Connect_Callback
                0x08004840        0x8 ../../libDaisy//build\libdaisy.a(usbh_conf.o)
                0x08004840                HAL_HCD_Connect_Callback
 .text.HAL_HCD_Disconnect_Callback
                0x08004848        0x8 ../../libDaisy//build\libdaisy.a(usbh_conf.o)
                0x08004848                HAL_HCD_Disconnect_Callback
 .text.HAL_HCD_HC_NotifyURBChange_Callback
                0x08004850        0x4 ../../libDaisy//build\libdaisy.a(usbh_conf.o)
                0x08004850                HAL_HCD_HC_NotifyURBChange_Callback
 .text.HAL_HCD_PortEnabled_Callback
                0x08004854        0x8 ../../libDaisy//build\libdaisy.a(usbh_conf.o)
                0x08004854                HAL_HCD_PortEnabled_Callback
 .text.HAL_HCD_PortDisabled_Callback
                0x0800485c        0x8 ../../libDaisy//build\libdaisy.a(usbh_conf.o)
                0x0800485c                HAL_HCD_PortDisabled_Callback
 .text.USBH_LL_Stop
                0x08004864       0x1c ../../libDaisy//build\libdaisy.a(usbh_conf.o)
                0x08004864                USBH_LL_Stop
 .text.dsy_hal_map_get_port
                0x08004880       0x10 ../../libDaisy//build\libdaisy.a(hal_map.o)
                0x08004880                dsy_hal_map_get_port
 .text.dsy_hal_map_get_pin
                0x08004890       0x10 ../../libDaisy//build\libdaisy.a(hal_map.o)
                0x08004890                dsy_hal_map_get_pin
 .text.dsy_hal_map_gpio_clk_enable
                0x080048a0      0x150 ../../libDaisy//build\libdaisy.a(hal_map.o)
                0x080048a0                dsy_hal_map_gpio_clk_enable
 .text.HAL_MspInit
                0x080049f0        0x4 ../../libDaisy//build\libdaisy.a(stm32h7xx_hal.o)
                0x080049f0                HAL_MspInit
 .text.HAL_InitTick
                0x080049f4       0x4c ../../libDaisy//build\libdaisy.a(stm32h7xx_hal.o)
                0x080049f4                HAL_InitTick
 .text.HAL_Init
                0x08004a40       0x60 ../../libDaisy//build\libdaisy.a(stm32h7xx_hal.o)
                0x08004a40                HAL_Init
 .text.HAL_IncTick
                0x08004aa0       0x18 ../../libDaisy//build\libdaisy.a(stm32h7xx_hal.o)
                0x08004aa0                HAL_IncTick
 .text.HAL_GetTick
                0x08004ab8        0xc ../../libDaisy//build\libdaisy.a(stm32h7xx_hal.o)
                0x08004ab8                HAL_GetTick
 .text.HAL_Delay
                0x08004ac4       0x24 ../../libDaisy//build\libdaisy.a(stm32h7xx_hal.o)
                0x08004ac4                HAL_Delay
 .text.HAL_GetREVID
                0x08004ae8        0xc ../../libDaisy//build\libdaisy.a(stm32h7xx_hal.o)
                0x08004ae8                HAL_GetREVID
 .text.HAL_ADC_ConvHalfCpltCallback
                0x08004af4        0x4 ../../libDaisy//build\libdaisy.a(stm32h7xx_hal_adc.o)
                0x08004af4                HAL_ADC_ConvHalfCpltCallback
 .text.ADC_DMAHalfConvCplt
                0x08004af8        0xc ../../libDaisy//build\libdaisy.a(stm32h7xx_hal_adc.o)
                0x08004af8                ADC_DMAHalfConvCplt
 .text.ADC_DMAConvCplt
                0x08004b04       0x6c ../../libDaisy//build\libdaisy.a(stm32h7xx_hal_adc.o)
                0x08004b04                ADC_DMAConvCplt
 .text.ADC_DMAError
                0x08004b70       0x1c ../../libDaisy//build\libdaisy.a(stm32h7xx_hal_adc.o)
                0x08004b70                ADC_DMAError
 .text.HAL_ADC_ConfigChannel
                0x08004b8c      0x3fc ../../libDaisy//build\libdaisy.a(stm32h7xx_hal_adc.o)
                0x08004b8c                HAL_ADC_ConfigChannel
 .text.ADC_Enable
                0x08004f88       0xac ../../libDaisy//build\libdaisy.a(stm32h7xx_hal_adc.o)
                0x08004f88                ADC_Enable
 .text.HAL_ADC_Start_DMA
                0x08005034      0x114 ../../libDaisy//build\libdaisy.a(stm32h7xx_hal_adc.o)
                0x08005034                HAL_ADC_Start_DMA
 .text.ADC_Disable
                0x08005148       0x68 ../../libDaisy//build\libdaisy.a(stm32h7xx_hal_adc.o)
                0x08005148                ADC_Disable
 .text.ADC_ConfigureBoostMode
                0x080051b0      0x184 ../../libDaisy//build\libdaisy.a(stm32h7xx_hal_adc.o)
                0x080051b0                ADC_ConfigureBoostMode
 .text.HAL_ADC_Init
                0x08005334      0x218 ../../libDaisy//build\libdaisy.a(stm32h7xx_hal_adc.o)
                0x08005334                HAL_ADC_Init
 .text.HAL_ADCEx_Calibration_Start
                0x0800554c       0xa4 ../../libDaisy//build\libdaisy.a(stm32h7xx_hal_adc_ex.o)
                0x0800554c                HAL_ADCEx_Calibration_Start
 .text.HAL_ADCEx_MultiModeConfigChannel
                0x080055f0       0xc4 ../../libDaisy//build\libdaisy.a(stm32h7xx_hal_adc_ex.o)
                0x080055f0                HAL_ADCEx_MultiModeConfigChannel
 .text.HAL_NVIC_SetPriorityGrouping
                0x080056b4       0x24 ../../libDaisy//build\libdaisy.a(stm32h7xx_hal_cortex.o)
                0x080056b4                HAL_NVIC_SetPriorityGrouping
 .text.HAL_NVIC_SetPriority
                0x080056d8       0x7c ../../libDaisy//build\libdaisy.a(stm32h7xx_hal_cortex.o)
                0x080056d8                HAL_NVIC_SetPriority
 .text.HAL_NVIC_EnableIRQ
                0x08005754       0x1c ../../libDaisy//build\libdaisy.a(stm32h7xx_hal_cortex.o)
                0x08005754                HAL_NVIC_EnableIRQ
 .text.HAL_NVIC_DisableIRQ
                0x08005770       0x28 ../../libDaisy//build\libdaisy.a(stm32h7xx_hal_cortex.o)
                0x08005770                HAL_NVIC_DisableIRQ
 .text.HAL_SYSTICK_Config
                0x08005798       0x2c ../../libDaisy//build\libdaisy.a(stm32h7xx_hal_cortex.o)
                0x08005798                HAL_SYSTICK_Config
 .text.HAL_MPU_Disable
                0x080057c4       0x1c ../../libDaisy//build\libdaisy.a(stm32h7xx_hal_cortex.o)
                0x080057c4                HAL_MPU_Disable
 .text.HAL_MPU_Enable
                0x080057e0       0x20 ../../libDaisy//build\libdaisy.a(stm32h7xx_hal_cortex.o)
                0x080057e0                HAL_MPU_Enable
 .text.HAL_MPU_ConfigRegion
                0x08005800       0x64 ../../libDaisy//build\libdaisy.a(stm32h7xx_hal_cortex.o)
                0x08005800                HAL_MPU_ConfigRegion
 .text.HAL_SYSTICK_Callback
                0x08005864        0x4 ../../libDaisy//build\libdaisy.a(stm32h7xx_hal_cortex.o)
                0x08005864                HAL_SYSTICK_Callback
 .text.HAL_SYSTICK_IRQHandler
                0x08005868        0x8 ../../libDaisy//build\libdaisy.a(stm32h7xx_hal_cortex.o)
                0x08005868                HAL_SYSTICK_IRQHandler
 .text.HAL_DAC_Init
                0x08005870       0x2c ../../libDaisy//build\libdaisy.a(stm32h7xx_hal_dac.o)
                0x08005870                HAL_DAC_Init
 .text.HAL_DAC_Start_DMA
                0x0800589c      0x118 ../../libDaisy//build\libdaisy.a(stm32h7xx_hal_dac.o)
                0x0800589c                HAL_DAC_Start_DMA
 .text.HAL_DAC_Stop_DMA
                0x080059b4       0x5c ../../libDaisy//build\libdaisy.a(stm32h7xx_hal_dac.o)
                0x080059b4                HAL_DAC_Stop_DMA
 .text.DAC_DMAConvCpltCh1
                0x08005a10       0x10 ../../libDaisy//build\libdaisy.a(stm32h7xx_hal_dac.o)
 .text.DAC_DMAHalfConvCpltCh1
                0x08005a20        0xc ../../libDaisy//build\libdaisy.a(stm32h7xx_hal_dac.o)
 .text.HAL_DAC_ErrorCallbackCh1
                0x08005a2c        0x4 ../../libDaisy//build\libdaisy.a(stm32h7xx_hal_dac.o)
                0x08005a2c                HAL_DAC_ErrorCallbackCh1
 .text.DAC_DMAErrorCh1
                0x08005a30       0x18 ../../libDaisy//build\libdaisy.a(stm32h7xx_hal_dac.o)
 .text.HAL_DAC_DMAUnderrunCallbackCh1
                0x08005a48        0x4 ../../libDaisy//build\libdaisy.a(stm32h7xx_hal_dac.o)
                0x08005a48                HAL_DAC_DMAUnderrunCallbackCh1
 .text.HAL_DAC_IRQHandler
                0x08005a4c       0x68 ../../libDaisy//build\libdaisy.a(stm32h7xx_hal_dac.o)
                0x08005a4c                HAL_DAC_IRQHandler
 .text.HAL_DAC_ConfigChannel
                0x08005ab4      0x130 ../../libDaisy//build\libdaisy.a(stm32h7xx_hal_dac.o)
                0x08005ab4                HAL_DAC_ConfigChannel
 .text.HAL_DACEx_ErrorCallbackCh2
                0x08005be4        0x4 ../../libDaisy//build\libdaisy.a(stm32h7xx_hal_dac_ex.o)
                0x08005be4                HAL_DACEx_ErrorCallbackCh2
 .text.HAL_DACEx_DMAUnderrunCallbackCh2
                0x08005be8        0x4 ../../libDaisy//build\libdaisy.a(stm32h7xx_hal_dac_ex.o)
                0x08005be8                HAL_DACEx_DMAUnderrunCallbackCh2
 .text.DAC_DMAConvCpltCh2
                0x08005bec       0x10 ../../libDaisy//build\libdaisy.a(stm32h7xx_hal_dac_ex.o)
                0x08005bec                DAC_DMAConvCpltCh2
 .text.DAC_DMAHalfConvCpltCh2
                0x08005bfc        0xc ../../libDaisy//build\libdaisy.a(stm32h7xx_hal_dac_ex.o)
                0x08005bfc                DAC_DMAHalfConvCpltCh2
 .text.DAC_DMAErrorCh2
                0x08005c08       0x18 ../../libDaisy//build\libdaisy.a(stm32h7xx_hal_dac_ex.o)
                0x08005c08                DAC_DMAErrorCh2
 .text.DMA_CalcBaseAndBitshift
                0x08005c20       0xf4 ../../libDaisy//build\libdaisy.a(stm32h7xx_hal_dma.o)
 .text.DMA_CalcDMAMUXChannelBaseAndMask
                0x08005d14       0xd8 ../../libDaisy//build\libdaisy.a(stm32h7xx_hal_dma.o)
 .text.HAL_DMA_Init
                0x08005dec      0x37c ../../libDaisy//build\libdaisy.a(stm32h7xx_hal_dma.o)
                0x08005dec                HAL_DMA_Init
 .text.HAL_DMA_Start_IT
                0x08006168      0x240 ../../libDaisy//build\libdaisy.a(stm32h7xx_hal_dma.o)
                0x08006168                HAL_DMA_Start_IT
 .text.HAL_DMA_Abort
                0x080063a8      0x21c ../../libDaisy//build\libdaisy.a(stm32h7xx_hal_dma.o)
                0x080063a8                HAL_DMA_Abort
 .text.HAL_DMA_Abort_IT
                0x080065c4      0x134 ../../libDaisy//build\libdaisy.a(stm32h7xx_hal_dma.o)
                0x080065c4                HAL_DMA_Abort_IT
 .text.HAL_DMA_IRQHandler
                0x080066f8      0x6a0 ../../libDaisy//build\libdaisy.a(stm32h7xx_hal_dma.o)
                0x080066f8                HAL_DMA_IRQHandler
 .text.HAL_DMA_GetError
                0x08006d98        0x4 ../../libDaisy//build\libdaisy.a(stm32h7xx_hal_dma.o)
                0x08006d98                HAL_DMA_GetError
 .text.HAL_GPIO_Init
                0x08006d9c      0x280 ../../libDaisy//build\libdaisy.a(stm32h7xx_hal_gpio.o)
                0x08006d9c                HAL_GPIO_Init
 .text.HAL_GPIO_DeInit
                0x0800701c      0x190 ../../libDaisy//build\libdaisy.a(stm32h7xx_hal_gpio.o)
                0x0800701c                HAL_GPIO_DeInit
 .text.HAL_GPIO_WritePin
                0x080071ac        0x8 ../../libDaisy//build\libdaisy.a(stm32h7xx_hal_gpio.o)
                0x080071ac                HAL_GPIO_WritePin
 .text.HAL_HCD_IRQHandler
                0x080071b4      0x780 ../../libDaisy//build\libdaisy.a(stm32h7xx_hal_hcd.o)
                0x080071b4                HAL_HCD_IRQHandler
 .text.HAL_HCD_Stop
                0x08007934       0x28 ../../libDaisy//build\libdaisy.a(stm32h7xx_hal_hcd.o)
                0x08007934                HAL_HCD_Stop
 .text.I2C_WaitOnTXISFlagUntilTimeout
                0x0800795c       0xb8 ../../libDaisy//build\libdaisy.a(stm32h7xx_hal_i2c.o)
 .text.I2C_WaitOnSTOPFlagUntilTimeout
                0x08007a14       0xac ../../libDaisy//build\libdaisy.a(stm32h7xx_hal_i2c.o)
 .text.HAL_I2C_Init
                0x08007ac0       0xac ../../libDaisy//build\libdaisy.a(stm32h7xx_hal_i2c.o)
                0x08007ac0                HAL_I2C_Init
 .text.HAL_I2C_Mem_Write
                0x08007b6c      0x254 ../../libDaisy//build\libdaisy.a(stm32h7xx_hal_i2c.o)
                0x08007b6c                HAL_I2C_Mem_Write
 .text.HAL_I2C_Mem_Read
                0x08007dc0      0x29c ../../libDaisy//build\libdaisy.a(stm32h7xx_hal_i2c.o)
                0x08007dc0                HAL_I2C_Mem_Read
 .text.HAL_I2C_EV_IRQHandler
                0x0800805c       0x10 ../../libDaisy//build\libdaisy.a(stm32h7xx_hal_i2c.o)
                0x0800805c                HAL_I2C_EV_IRQHandler
 .text.HAL_I2C_GetState
                0x0800806c        0x8 ../../libDaisy//build\libdaisy.a(stm32h7xx_hal_i2c.o)
                0x0800806c                HAL_I2C_GetState
 .text.HAL_I2CEx_ConfigAnalogFilter
                0x08008074       0x54 ../../libDaisy//build\libdaisy.a(stm32h7xx_hal_i2c_ex.o)
                0x08008074                HAL_I2CEx_ConfigAnalogFilter
 .text.HAL_I2CEx_ConfigDigitalFilter
                0x080080c8       0x58 ../../libDaisy//build\libdaisy.a(stm32h7xx_hal_i2c_ex.o)
                0x080080c8                HAL_I2CEx_ConfigDigitalFilter
 .text.HAL_PCD_IRQHandler
                0x08008120      0x69c ../../libDaisy//build\libdaisy.a(stm32h7xx_hal_pcd.o)
                0x08008120                HAL_PCD_IRQHandler
 .text.HAL_PCD_SetAddress
                0x080087bc       0x2c ../../libDaisy//build\libdaisy.a(stm32h7xx_hal_pcd.o)
                0x080087bc                HAL_PCD_SetAddress
 .text.HAL_PCD_EP_Open
                0x080087e8       0x7c ../../libDaisy//build\libdaisy.a(stm32h7xx_hal_pcd.o)
                0x080087e8                HAL_PCD_EP_Open
 .text.HAL_PCD_EP_Receive
                0x08008864       0x50 ../../libDaisy//build\libdaisy.a(stm32h7xx_hal_pcd.o)
                0x08008864                HAL_PCD_EP_Receive
 .text.HAL_PCD_EP_Transmit
                0x080088b4       0x50 ../../libDaisy//build\libdaisy.a(stm32h7xx_hal_pcd.o)
                0x080088b4                HAL_PCD_EP_Transmit
 .text.HAL_PCD_EP_SetStall
                0x08008904       0x88 ../../libDaisy//build\libdaisy.a(stm32h7xx_hal_pcd.o)
                0x08008904                HAL_PCD_EP_SetStall
 .text.HAL_PCD_EP_ClrStall
                0x0800898c       0x78 ../../libDaisy//build\libdaisy.a(stm32h7xx_hal_pcd.o)
                0x0800898c                HAL_PCD_EP_ClrStall
 .text.HAL_PCDEx_LPM_Callback
                0x08008a04        0x4 ../../libDaisy//build\libdaisy.a(stm32h7xx_hal_pcd_ex.o)
                0x08008a04                HAL_PCDEx_LPM_Callback
 .text.HAL_PWREx_ConfigSupply
                0x08008a08       0x4c ../../libDaisy//build\libdaisy.a(stm32h7xx_hal_pwr_ex.o)
                0x08008a08                HAL_PWREx_ConfigSupply
 .text.HAL_PWREx_EnableUSBVoltageDetector
                0x08008a54       0x10 ../../libDaisy//build\libdaisy.a(stm32h7xx_hal_pwr_ex.o)
                0x08008a54                HAL_PWREx_EnableUSBVoltageDetector
 .text.QSPI_Config
                0x08008a64      0x174 ../../libDaisy//build\libdaisy.a(stm32h7xx_hal_qspi.o)
 .text.HAL_QSPI_Init
                0x08008bd8       0xd8 ../../libDaisy//build\libdaisy.a(stm32h7xx_hal_qspi.o)
                0x08008bd8                HAL_QSPI_Init
 .text.HAL_QSPI_DeInit
                0x08008cb0       0x3c ../../libDaisy//build\libdaisy.a(stm32h7xx_hal_qspi.o)
                0x08008cb0                HAL_QSPI_DeInit
 .text.HAL_QSPI_Command
                0x08008cec       0xd4 ../../libDaisy//build\libdaisy.a(stm32h7xx_hal_qspi.o)
                0x08008cec                HAL_QSPI_Command
 .text.HAL_QSPI_Transmit
                0x08008dc0       0xfc ../../libDaisy//build\libdaisy.a(stm32h7xx_hal_qspi.o)
                0x08008dc0                HAL_QSPI_Transmit
 .text.HAL_QSPI_Receive
                0x08008ebc      0x108 ../../libDaisy//build\libdaisy.a(stm32h7xx_hal_qspi.o)
                0x08008ebc                HAL_QSPI_Receive
 .text.HAL_QSPI_AutoPolling
                0x08008fc4       0xf0 ../../libDaisy//build\libdaisy.a(stm32h7xx_hal_qspi.o)
                0x08008fc4                HAL_QSPI_AutoPolling
 .text.HAL_QSPI_MemoryMapped
                0x080090b4       0xc0 ../../libDaisy//build\libdaisy.a(stm32h7xx_hal_qspi.o)
                0x080090b4                HAL_QSPI_MemoryMapped
 .text.HAL_QSPI_ErrorCallback
                0x08009174        0x4 ../../libDaisy//build\libdaisy.a(stm32h7xx_hal_qspi.o)
                0x08009174                HAL_QSPI_ErrorCallback
 .text.QSPI_DMAAbortCplt
                0x08009178       0x38 ../../libDaisy//build\libdaisy.a(stm32h7xx_hal_qspi.o)
 .text.HAL_QSPI_AbortCpltCallback
                0x080091b0        0x4 ../../libDaisy//build\libdaisy.a(stm32h7xx_hal_qspi.o)
                0x080091b0                HAL_QSPI_AbortCpltCallback
 .text.HAL_QSPI_CmdCpltCallback
                0x080091b4        0x4 ../../libDaisy//build\libdaisy.a(stm32h7xx_hal_qspi.o)
                0x080091b4                HAL_QSPI_CmdCpltCallback
 .text.HAL_QSPI_RxCpltCallback
                0x080091b8        0x4 ../../libDaisy//build\libdaisy.a(stm32h7xx_hal_qspi.o)
                0x080091b8                HAL_QSPI_RxCpltCallback
 .text.HAL_QSPI_TxCpltCallback
                0x080091bc        0x4 ../../libDaisy//build\libdaisy.a(stm32h7xx_hal_qspi.o)
                0x080091bc                HAL_QSPI_TxCpltCallback
 .text.HAL_QSPI_FifoThresholdCallback
                0x080091c0        0x4 ../../libDaisy//build\libdaisy.a(stm32h7xx_hal_qspi.o)
                0x080091c0                HAL_QSPI_FifoThresholdCallback
 .text.HAL_QSPI_StatusMatchCallback
                0x080091c4        0x4 ../../libDaisy//build\libdaisy.a(stm32h7xx_hal_qspi.o)
                0x080091c4                HAL_QSPI_StatusMatchCallback
 .text.HAL_QSPI_TimeOutCallback
                0x080091c8        0x4 ../../libDaisy//build\libdaisy.a(stm32h7xx_hal_qspi.o)
                0x080091c8                HAL_QSPI_TimeOutCallback
 .text.HAL_QSPI_IRQHandler
                0x080091cc      0x210 ../../libDaisy//build\libdaisy.a(stm32h7xx_hal_qspi.o)
                0x080091cc                HAL_QSPI_IRQHandler
 .text.HAL_RCC_OscConfig
                0x080093dc      0x51c ../../libDaisy//build\libdaisy.a(stm32h7xx_hal_rcc.o)
                0x080093dc                HAL_RCC_OscConfig
 .text.HAL_RCC_GetSysClockFreq
                0x080098f8      0x140 ../../libDaisy//build\libdaisy.a(stm32h7xx_hal_rcc.o)
                0x080098f8                HAL_RCC_GetSysClockFreq
 .text.HAL_RCC_ClockConfig
                0x08009a38      0x234 ../../libDaisy//build\libdaisy.a(stm32h7xx_hal_rcc.o)
                0x08009a38                HAL_RCC_ClockConfig
 .text.HAL_RCC_GetHCLKFreq
                0x08009c6c       0x2c ../../libDaisy//build\libdaisy.a(stm32h7xx_hal_rcc.o)
                0x08009c6c                HAL_RCC_GetHCLKFreq
 .text.HAL_RCC_GetPCLK1Freq
                0x08009c98       0x38 ../../libDaisy//build\libdaisy.a(stm32h7xx_hal_rcc.o)
                0x08009c98                HAL_RCC_GetPCLK1Freq
 .text.HAL_RCC_GetPCLK2Freq
                0x08009cd0       0x38 ../../libDaisy//build\libdaisy.a(stm32h7xx_hal_rcc.o)
                0x08009cd0                HAL_RCC_GetPCLK2Freq
 .text.RCCEx_PLL2_Config
                0x08009d08       0xf4 ../../libDaisy//build\libdaisy.a(stm32h7xx_hal_rcc_ex.o)
 .text.RCCEx_PLL3_Config
                0x08009dfc       0xf4 ../../libDaisy//build\libdaisy.a(stm32h7xx_hal_rcc_ex.o)
 .text.HAL_RCCEx_PeriphCLKConfig
                0x08009ef0      0xa7c ../../libDaisy//build\libdaisy.a(stm32h7xx_hal_rcc_ex.o)
                0x08009ef0                HAL_RCCEx_PeriphCLKConfig
 .text.HAL_RCCEx_GetD3PCLK1Freq
                0x0800a96c       0x24 ../../libDaisy//build\libdaisy.a(stm32h7xx_hal_rcc_ex.o)
                0x0800a96c                HAL_RCCEx_GetD3PCLK1Freq
 .text.HAL_RCCEx_GetPLL2ClockFreq
                0x0800a990      0x17c ../../libDaisy//build\libdaisy.a(stm32h7xx_hal_rcc_ex.o)
                0x0800a990                HAL_RCCEx_GetPLL2ClockFreq
 .text.HAL_RCCEx_GetPLL3ClockFreq
                0x0800ab0c      0x17c ../../libDaisy//build\libdaisy.a(stm32h7xx_hal_rcc_ex.o)
                0x0800ab0c                HAL_RCCEx_GetPLL3ClockFreq
 .text.HAL_RCCEx_GetPLL1ClockFreq
                0x0800ac88      0x17c ../../libDaisy//build\libdaisy.a(stm32h7xx_hal_rcc_ex.o)
                0x0800ac88                HAL_RCCEx_GetPLL1ClockFreq
 .text.HAL_RCCEx_GetPeriphCLKFreq
                0x0800ae04      0x198 ../../libDaisy//build\libdaisy.a(stm32h7xx_hal_rcc_ex.o)
                0x0800ae04                HAL_RCCEx_GetPeriphCLKFreq
 .text.HAL_RCCEx_GetD1SysClockFreq
                0x0800af9c       0x2c ../../libDaisy//build\libdaisy.a(stm32h7xx_hal_rcc_ex.o)
                0x0800af9c                HAL_RCCEx_GetD1SysClockFreq
 .text.HAL_SAI_Init.part.0
                0x0800afc8      0x348 ../../libDaisy//build\libdaisy.a(stm32h7xx_hal_sai.o)
 .text.HAL_SAI_InitProtocol
                0x0800b310      0x178 ../../libDaisy//build\libdaisy.a(stm32h7xx_hal_sai.o)
                0x0800b310                HAL_SAI_InitProtocol
 .text.HAL_SAI_Transmit_DMA
                0x0800b488      0x124 ../../libDaisy//build\libdaisy.a(stm32h7xx_hal_sai.o)
                0x0800b488                HAL_SAI_Transmit_DMA
 .text.HAL_SAI_Receive_DMA
                0x0800b5ac       0xd0 ../../libDaisy//build\libdaisy.a(stm32h7xx_hal_sai.o)
                0x0800b5ac                HAL_SAI_Receive_DMA
 .text.HAL_SAI_TxCpltCallback
                0x0800b67c        0x4 ../../libDaisy//build\libdaisy.a(stm32h7xx_hal_sai.o)
                0x0800b67c                HAL_SAI_TxCpltCallback
 .text.SAI_DMATxCplt
                0x0800b680       0x64 ../../libDaisy//build\libdaisy.a(stm32h7xx_hal_sai.o)
 .text.HAL_SAI_TxHalfCpltCallback
                0x0800b6e4        0x4 ../../libDaisy//build\libdaisy.a(stm32h7xx_hal_sai.o)
                0x0800b6e4                HAL_SAI_TxHalfCpltCallback
 .text.SAI_DMATxHalfCplt
                0x0800b6e8        0xc ../../libDaisy//build\libdaisy.a(stm32h7xx_hal_sai.o)
 .text.SAI_DMARxCplt
                0x0800b6f4       0x64 ../../libDaisy//build\libdaisy.a(stm32h7xx_hal_sai.o)
 .text.SAI_DMARxHalfCplt
                0x0800b758        0xc ../../libDaisy//build\libdaisy.a(stm32h7xx_hal_sai.o)
 .text.HAL_SAI_ErrorCallback
                0x0800b764        0x4 ../../libDaisy//build\libdaisy.a(stm32h7xx_hal_sai.o)
                0x0800b764                HAL_SAI_ErrorCallback
 .text.SAI_DMAError
                0x0800b768       0x6c ../../libDaisy//build\libdaisy.a(stm32h7xx_hal_sai.o)
 .text.HAL_SDRAM_Init
                0x0800b7d4       0x54 ../../libDaisy//build\libdaisy.a(stm32h7xx_hal_sdram.o)
                0x0800b7d4                HAL_SDRAM_Init
 .text.HAL_SDRAM_SendCommand
                0x0800b828       0x40 ../../libDaisy//build\libdaisy.a(stm32h7xx_hal_sdram.o)
                0x0800b828                HAL_SDRAM_SendCommand
 .text.HAL_SDRAM_ProgramRefreshRate
                0x0800b868       0x30 ../../libDaisy//build\libdaisy.a(stm32h7xx_hal_sdram.o)
                0x0800b868                HAL_SDRAM_ProgramRefreshRate
 .text.HAL_TIM_Base_Init
                0x0800b898      0x140 ../../libDaisy//build\libdaisy.a(stm32h7xx_hal_tim.o)
                0x0800b898                HAL_TIM_Base_Init
 .text.HAL_TIM_Base_Start
                0x0800b9d8       0x34 ../../libDaisy//build\libdaisy.a(stm32h7xx_hal_tim.o)
                0x0800b9d8                HAL_TIM_Base_Start
 .text.HAL_TIM_Base_Start_IT
                0x0800ba0c       0x2c ../../libDaisy//build\libdaisy.a(stm32h7xx_hal_tim.o)
                0x0800ba0c                HAL_TIM_Base_Start_IT
 .text.HAL_TIM_ConfigClockSource
                0x0800ba38      0x17c ../../libDaisy//build\libdaisy.a(stm32h7xx_hal_tim.o)
                0x0800ba38                HAL_TIM_ConfigClockSource
 .text.HAL_TIM_OC_DelayElapsedCallback
                0x0800bbb4        0x4 ../../libDaisy//build\libdaisy.a(stm32h7xx_hal_tim.o)
                0x0800bbb4                HAL_TIM_OC_DelayElapsedCallback
 .text.HAL_TIM_IC_CaptureCallback
                0x0800bbb8        0x4 ../../libDaisy//build\libdaisy.a(stm32h7xx_hal_tim.o)
                0x0800bbb8                HAL_TIM_IC_CaptureCallback
 .text.HAL_TIM_PWM_PulseFinishedCallback
                0x0800bbbc        0x4 ../../libDaisy//build\libdaisy.a(stm32h7xx_hal_tim.o)
                0x0800bbbc                HAL_TIM_PWM_PulseFinishedCallback
 .text.HAL_TIM_TriggerCallback
                0x0800bbc0        0x4 ../../libDaisy//build\libdaisy.a(stm32h7xx_hal_tim.o)
                0x0800bbc0                HAL_TIM_TriggerCallback
 .text.HAL_TIM_IRQHandler
                0x0800bbc4      0x170 ../../libDaisy//build\libdaisy.a(stm32h7xx_hal_tim.o)
                0x0800bbc4                HAL_TIM_IRQHandler
 .text.HAL_TIMEx_MasterConfigSynchronization
                0x0800bd34       0x64 ../../libDaisy//build\libdaisy.a(stm32h7xx_hal_tim_ex.o)
                0x0800bd34                HAL_TIMEx_MasterConfigSynchronization
 .text.HAL_TIMEx_CommutCallback
                0x0800bd98        0x4 ../../libDaisy//build\libdaisy.a(stm32h7xx_hal_tim_ex.o)
                0x0800bd98                HAL_TIMEx_CommutCallback
 .text.HAL_TIMEx_BreakCallback
                0x0800bd9c        0x4 ../../libDaisy//build\libdaisy.a(stm32h7xx_hal_tim_ex.o)
                0x0800bd9c                HAL_TIMEx_BreakCallback
 .text.HAL_TIMEx_Break2Callback
                0x0800bda0        0x4 ../../libDaisy//build\libdaisy.a(stm32h7xx_hal_tim_ex.o)
                0x0800bda0                HAL_TIMEx_Break2Callback
 .text.FMC_SDRAM_Init
                0x0800bda4       0x7c ../../libDaisy//build\libdaisy.a(stm32h7xx_ll_fmc.o)
                0x0800bda4                FMC_SDRAM_Init
 .text.FMC_SDRAM_Timing_Init
                0x0800be20       0x98 ../../libDaisy//build\libdaisy.a(stm32h7xx_ll_fmc.o)
                0x0800be20                FMC_SDRAM_Timing_Init
 .text.FMC_SDRAM_SendCommand
                0x0800beb8       0x28 ../../libDaisy//build\libdaisy.a(stm32h7xx_ll_fmc.o)
                0x0800beb8                FMC_SDRAM_SendCommand
 .text.FMC_SDRAM_ProgramRefreshRate
                0x0800bee0       0x1c ../../libDaisy//build\libdaisy.a(stm32h7xx_ll_fmc.o)
                0x0800bee0                FMC_SDRAM_ProgramRefreshRate
 .text.USB_SetTurnaroundTime
                0x0800befc      0x104 ../../libDaisy//build\libdaisy.a(stm32h7xx_ll_usb.o)
                0x0800befc                USB_SetTurnaroundTime
 .text.USB_FlushTxFifo
                0x0800c000       0x34 ../../libDaisy//build\libdaisy.a(stm32h7xx_ll_usb.o)
                0x0800c000                USB_FlushTxFifo
 .text.USB_GetDevSpeed
                0x0800c034       0x24 ../../libDaisy//build\libdaisy.a(stm32h7xx_ll_usb.o)
                0x0800c034                USB_GetDevSpeed
 .text.USB_ActivateEndpoint
                0x0800c058       0x90 ../../libDaisy//build\libdaisy.a(stm32h7xx_ll_usb.o)
                0x0800c058                USB_ActivateEndpoint
 .text.USB_EPStartXfer
                0x0800c0e8      0x230 ../../libDaisy//build\libdaisy.a(stm32h7xx_ll_usb.o)
                0x0800c0e8                USB_EPStartXfer
 .text.USB_EP0StartXfer
                0x0800c318      0x174 ../../libDaisy//build\libdaisy.a(stm32h7xx_ll_usb.o)
                0x0800c318                USB_EP0StartXfer
 .text.USB_WritePacket
                0x0800c48c       0x2c ../../libDaisy//build\libdaisy.a(stm32h7xx_ll_usb.o)
                0x0800c48c                USB_WritePacket
 .text.USB_ReadPacket
                0x0800c4b8       0x20 ../../libDaisy//build\libdaisy.a(stm32h7xx_ll_usb.o)
                0x0800c4b8                USB_ReadPacket
 .text.USB_EPSetStall
                0x0800c4d8       0x68 ../../libDaisy//build\libdaisy.a(stm32h7xx_ll_usb.o)
                0x0800c4d8                USB_EPSetStall
 .text.USB_EPClearStall
                0x0800c540       0x58 ../../libDaisy//build\libdaisy.a(stm32h7xx_ll_usb.o)
                0x0800c540                USB_EPClearStall
 .text.USB_SetDevAddress
                0x0800c598       0x24 ../../libDaisy//build\libdaisy.a(stm32h7xx_ll_usb.o)
                0x0800c598                USB_SetDevAddress
 .text.USB_ReadInterrupts
                0x0800c5bc       0x14 ../../libDaisy//build\libdaisy.a(stm32h7xx_ll_usb.o)
                0x0800c5bc                USB_ReadInterrupts
 .text.USB_ReadDevAllOutEpInterrupt
                0x0800c5d0       0x1c ../../libDaisy//build\libdaisy.a(stm32h7xx_ll_usb.o)
                0x0800c5d0                USB_ReadDevAllOutEpInterrupt
 .text.USB_ReadDevAllInEpInterrupt
                0x0800c5ec       0x1c ../../libDaisy//build\libdaisy.a(stm32h7xx_ll_usb.o)
                0x0800c5ec                USB_ReadDevAllInEpInterrupt
 .text.USB_ReadDevOutEPInterrupt
                0x0800c608       0x1c ../../libDaisy//build\libdaisy.a(stm32h7xx_ll_usb.o)
                0x0800c608                USB_ReadDevOutEPInterrupt
 .text.USB_ReadDevInEPInterrupt
                0x0800c624       0x38 ../../libDaisy//build\libdaisy.a(stm32h7xx_ll_usb.o)
                0x0800c624                USB_ReadDevInEPInterrupt
 .text.USB_GetMode
                0x0800c65c        0x8 ../../libDaisy//build\libdaisy.a(stm32h7xx_ll_usb.o)
                0x0800c65c                USB_GetMode
 .text.USB_ActivateSetup
                0x0800c664       0x38 ../../libDaisy//build\libdaisy.a(stm32h7xx_ll_usb.o)
                0x0800c664                USB_ActivateSetup
 .text.USB_EP0_OutStart
                0x0800c69c       0x58 ../../libDaisy//build\libdaisy.a(stm32h7xx_ll_usb.o)
                0x0800c69c                USB_EP0_OutStart
 .text.USB_InitFSLSPClkSel
                0x0800c6f4       0x44 ../../libDaisy//build\libdaisy.a(stm32h7xx_ll_usb.o)
                0x0800c6f4                USB_InitFSLSPClkSel
 .text.USB_HC_ReadInterrupt
                0x0800c738        0x8 ../../libDaisy//build\libdaisy.a(stm32h7xx_ll_usb.o)
                0x0800c738                USB_HC_ReadInterrupt
 .text.USB_HC_Halt
                0x0800c740       0xc0 ../../libDaisy//build\libdaisy.a(stm32h7xx_ll_usb.o)
                0x0800c740                USB_HC_Halt
 .text.USB_StopHost
                0x0800c800      0x2ec ../../libDaisy//build\libdaisy.a(stm32h7xx_ll_usb.o)
                0x0800c800                USB_StopHost
 .text.USBD_SetClassConfig
                0x0800caec       0x14 ../../libDaisy//build\libdaisy.a(usbd_core.o)
                0x0800caec                USBD_SetClassConfig
 .text.USBD_ClrClassConfig
                0x0800cb00       0x10 ../../libDaisy//build\libdaisy.a(usbd_core.o)
                0x0800cb00                USBD_ClrClassConfig
 .text.USBD_LL_SetupStage
                0x0800cb10       0x5c ../../libDaisy//build\libdaisy.a(usbd_core.o)
                0x0800cb10                USBD_LL_SetupStage
 .text.USBD_LL_DataOutStage
                0x0800cb6c       0x7c ../../libDaisy//build\libdaisy.a(usbd_core.o)
                0x0800cb6c                USBD_LL_DataOutStage
 .text.USBD_LL_DataInStage
                0x0800cbe8       0xcc ../../libDaisy//build\libdaisy.a(usbd_core.o)
                0x0800cbe8                USBD_LL_DataInStage
 .text.USBD_LL_Reset
                0x0800ccb4       0x50 ../../libDaisy//build\libdaisy.a(usbd_core.o)
                0x0800ccb4                USBD_LL_Reset
 .text.USBD_LL_SetSpeed
                0x0800cd04        0x8 ../../libDaisy//build\libdaisy.a(usbd_core.o)
                0x0800cd04                USBD_LL_SetSpeed
 .text.USBD_LL_Suspend
                0x0800cd0c       0x14 ../../libDaisy//build\libdaisy.a(usbd_core.o)
                0x0800cd0c                USBD_LL_Suspend
 .text.USBD_LL_Resume
                0x0800cd20       0x10 ../../libDaisy//build\libdaisy.a(usbd_core.o)
                0x0800cd20                USBD_LL_Resume
 .text.USBD_LL_SOF
                0x0800cd30       0x1c ../../libDaisy//build\libdaisy.a(usbd_core.o)
                0x0800cd30                USBD_LL_SOF
 .text.USBD_LL_IsoINIncomplete
                0x0800cd4c        0x4 ../../libDaisy//build\libdaisy.a(usbd_core.o)
                0x0800cd4c                USBD_LL_IsoINIncomplete
 .text.USBD_LL_IsoOUTIncomplete
                0x0800cd50        0x4 ../../libDaisy//build\libdaisy.a(usbd_core.o)
                0x0800cd50                USBD_LL_IsoOUTIncomplete
 .text.USBD_LL_DevConnected
                0x0800cd54        0x4 ../../libDaisy//build\libdaisy.a(usbd_core.o)
                0x0800cd54                USBD_LL_DevConnected
 .text.USBD_LL_DevDisconnected
                0x0800cd58       0x18 ../../libDaisy//build\libdaisy.a(usbd_core.o)
                0x0800cd58                USBD_LL_DevDisconnected
 .text.USBD_StdDevReq
                0x0800cd70      0x304 ../../libDaisy//build\libdaisy.a(usbd_ctlreq.o)
                0x0800cd70                USBD_StdDevReq
 .text.USBD_StdItfReq
                0x0800d074       0x68 ../../libDaisy//build\libdaisy.a(usbd_ctlreq.o)
                0x0800d074                USBD_StdItfReq
 .text.USBD_StdEPReq
                0x0800d0dc      0x13c ../../libDaisy//build\libdaisy.a(usbd_ctlreq.o)
                0x0800d0dc                USBD_StdEPReq
 .text.USBD_ParseSetupRequest
                0x0800d218       0x28 ../../libDaisy//build\libdaisy.a(usbd_ctlreq.o)
                0x0800d218                USBD_ParseSetupRequest
 .text.USBD_CtlSendData
                0x0800d240       0x1c ../../libDaisy//build\libdaisy.a(usbd_ioreq.o)
                0x0800d240                USBD_CtlSendData
 .text.USBD_CtlContinueSendData
                0x0800d25c       0x14 ../../libDaisy//build\libdaisy.a(usbd_ioreq.o)
                0x0800d25c                USBD_CtlContinueSendData
 .text.USBD_CtlContinueRx
                0x0800d270       0x14 ../../libDaisy//build\libdaisy.a(usbd_ioreq.o)
                0x0800d270                USBD_CtlContinueRx
 .text.USBD_CtlSendStatus
                0x0800d284       0x18 ../../libDaisy//build\libdaisy.a(usbd_ioreq.o)
                0x0800d284                USBD_CtlSendStatus
 .text.USBD_CtlReceiveStatus
                0x0800d29c       0x18 ../../libDaisy//build\libdaisy.a(usbd_ioreq.o)
                0x0800d29c                USBD_CtlReceiveStatus
 .text.USBH_LL_IncTimer
                0x0800d2b4       0x20 ../../libDaisy//build\libdaisy.a(usbh_core.o)
                0x0800d2b4                USBH_LL_IncTimer
 .text.USBH_LL_PortEnabled
                0x0800d2d4        0x8 ../../libDaisy//build\libdaisy.a(usbh_core.o)
                0x0800d2d4                USBH_LL_PortEnabled
 .text.USBH_LL_PortDisabled
                0x0800d2dc        0x8 ../../libDaisy//build\libdaisy.a(usbh_core.o)
                0x0800d2dc                USBH_LL_PortDisabled
 .text.USBH_LL_Connect
                0x0800d2e4       0x18 ../../libDaisy//build\libdaisy.a(usbh_core.o)
                0x0800d2e4                USBH_LL_Connect
 .text.USBH_LL_Disconnect
                0x0800d2fc       0x2c ../../libDaisy//build\libdaisy.a(usbh_core.o)
                0x0800d2fc                USBH_LL_Disconnect
 .text.USBH_FreePipe
                0x0800d328       0x18 ../../libDaisy//build\libdaisy.a(usbh_pipes.o)
                0x0800d328                USBH_FreePipe
 .text._ZN5daisy6Random4InitEv
                0x0800d340       0x3c ../../libDaisy//build\libdaisy.a(rng.o)
                0x0800d340                daisy::Random::Init()
 .text._ZN5daisy9SpiHandle4Impl7InitDmaEv
                0x0800d37c       0xec ../../libDaisy//build\libdaisy.a(spi.o)
                0x0800d37c                daisy::SpiHandle::Impl::InitDma()
 .text._ZN5daisy9SpiHandle4Impl10StartDmaTxEPhjPFvPvEPFvS3_NS0_6ResultEES3_
                0x0800d468       0xc8 ../../libDaisy//build\libdaisy.a(spi.o)
                0x0800d468                daisy::SpiHandle::Impl::StartDmaTx(unsigned char*, unsigned int, void (*)(void*), void (*)(void*, daisy::SpiHandle::Result), void*)
 .text._ZN5daisy9SpiHandle4Impl10StartDmaRxEPhjPFvPvEPFvS3_NS0_6ResultEES3_
                0x0800d530       0xc8 ../../libDaisy//build\libdaisy.a(spi.o)
                0x0800d530                daisy::SpiHandle::Impl::StartDmaRx(unsigned char*, unsigned int, void (*)(void*), void (*)(void*, daisy::SpiHandle::Result), void*)
 .text._ZN5daisy9SpiHandle4Impl12StartDmaRxTxEPhS2_jPFvPvEPFvS3_NS0_6ResultEES3_
                0x0800d5f8       0xcc ../../libDaisy//build\libdaisy.a(spi.o)
                0x0800d5f8                daisy::SpiHandle::Impl::StartDmaRxTx(unsigned char*, unsigned char*, unsigned int, void (*)(void*), void (*)(void*, daisy::SpiHandle::Result), void*)
 .text._ZN5daisy9SpiHandle4Impl8InitPinsEv
                0x0800d6c4      0x274 ../../libDaisy//build\libdaisy.a(spi.o)
                0x0800d6c4                daisy::SpiHandle::Impl::InitPins()
 .text.HAL_SPI_MspInit
                0x0800d938      0x1a8 ../../libDaisy//build\libdaisy.a(spi.o)
                0x0800d938                HAL_SPI_MspInit
 .text.dsy_spi_global_init
                0x0800dae0       0x80 ../../libDaisy//build\libdaisy.a(spi.o)
                0x0800dae0                dsy_spi_global_init
 .text.SPI1_IRQHandler
                0x0800db60        0xc ../../libDaisy//build\libdaisy.a(spi.o)
                0x0800db60                SPI1_IRQHandler
 .text.SPI2_IRQHandler
                0x0800db6c        0xc ../../libDaisy//build\libdaisy.a(spi.o)
                0x0800db6c                SPI2_IRQHandler
 .text.SPI3_IRQHandler
                0x0800db78        0xc ../../libDaisy//build\libdaisy.a(spi.o)
                0x0800db78                SPI3_IRQHandler
 .text.SPI4_IRQHandler
                0x0800db84        0xc ../../libDaisy//build\libdaisy.a(spi.o)
                0x0800db84                SPI4_IRQHandler
 .text.SPI5_IRQHandler
                0x0800db90        0xc ../../libDaisy//build\libdaisy.a(spi.o)
                0x0800db90                SPI5_IRQHandler
 .text.DMA2_Stream2_IRQHandler
                0x0800db9c       0x34 ../../libDaisy//build\libdaisy.a(spi.o)
                0x0800db9c                DMA2_Stream2_IRQHandler
 .text.DMA2_Stream3_IRQHandler
                0x0800dbd0       0x38 ../../libDaisy//build\libdaisy.a(spi.o)
                0x0800dbd0                DMA2_Stream3_IRQHandler
 .text.HAL_SPI_TxCpltCallback
                0x0800dc08       0xc4 ../../libDaisy//build\libdaisy.a(spi.o)
                0x0800dc08                HAL_SPI_TxCpltCallback
 .text.HAL_SPI_RxCpltCallback
                0x0800dccc       0xc4 ../../libDaisy//build\libdaisy.a(spi.o)
                0x0800dccc                HAL_SPI_RxCpltCallback
 .text.HAL_SPI_TxRxCpltCallback
                0x0800dd90       0xc4 ../../libDaisy//build\libdaisy.a(spi.o)
                0x0800dd90                HAL_SPI_TxRxCpltCallback
 .text.HAL_SPI_ErrorCallback
                0x0800de54       0xc8 ../../libDaisy//build\libdaisy.a(spi.o)
                0x0800de54                HAL_SPI_ErrorCallback
 .text.startup._GLOBAL__sub_I__Z19MapInstanceToHandleP11SPI_TypeDef
                0x0800df1c      0x1b0 ../../libDaisy//build\libdaisy.a(spi.o)
 .text.HAL_TIM_Base_MspInit
                0x0800e0cc      0x1e0 ../../libDaisy//build\libdaisy.a(tim.o)
                0x0800e0cc                HAL_TIM_Base_MspInit
 .text.HAL_TIM_PeriodElapsedCallback
                0x0800e2ac       0x44 ../../libDaisy//build\libdaisy.a(tim.o)
                0x0800e2ac                HAL_TIM_PeriodElapsedCallback
 .text.TIM2_IRQHandler
                0x0800e2f0        0xc ../../libDaisy//build\libdaisy.a(tim.o)
                0x0800e2f0                TIM2_IRQHandler
 .text.TIM3_IRQHandler
                0x0800e2fc        0xc ../../libDaisy//build\libdaisy.a(tim.o)
                0x0800e2fc                TIM3_IRQHandler
 .text.TIM4_IRQHandler
                0x0800e308        0xc ../../libDaisy//build\libdaisy.a(tim.o)
                0x0800e308                TIM4_IRQHandler
 .text.TIM5_IRQHandler
                0x0800e314        0xc ../../libDaisy//build\libdaisy.a(tim.o)
                0x0800e314                TIM5_IRQHandler
 .text._ZN5daisy11TimerHandle4InitERKNS0_6ConfigE
                0x0800e320       0xd0 ../../libDaisy//build\libdaisy.a(tim.o)
                0x0800e320                daisy::TimerHandle::Init(daisy::TimerHandle::Config const&)
 .text._ZN5daisy11TimerHandle5StartEv
                0x0800e3f0       0x24 ../../libDaisy//build\libdaisy.a(tim.o)
                0x0800e3f0                daisy::TimerHandle::Start()
 .text.startup._GLOBAL__sub_I__ZN5daisy11TimerHandle4Impl4InitERKNS0_6ConfigE
                0x0800e414       0x38 ../../libDaisy//build\libdaisy.a(tim.o)
 .text._ZL20UART_CheckRxListenerPN5daisy11UartHandler4ImplE
                0x0800e44c       0x84 ../../libDaisy//build\libdaisy.a(uart.o)
 .text._ZN5daisy11UartHandler4Impl10StartDmaTxEPhjPFvPvEPFvS3_NS0_6ResultEES3_
                0x0800e4d0      0x184 ../../libDaisy//build\libdaisy.a(uart.o)
                0x0800e4d0                daisy::UartHandler::Impl::StartDmaTx(unsigned char*, unsigned int, void (*)(void*), void (*)(void*, daisy::UartHandler::Result), void*)
 .text._ZN5daisy11UartHandler4Impl10StartDmaRxEPhjPFvPvEPFvS3_NS0_6ResultEES3_
                0x0800e654      0x184 ../../libDaisy//build\libdaisy.a(uart.o)
                0x0800e654                daisy::UartHandler::Impl::StartDmaRx(unsigned char*, unsigned int, void (*)(void*), void (*)(void*, daisy::UartHandler::Result), void*)
 .text._ZN5daisy11UartHandler4Impl19DmaTransferFinishedEP20__UART_HandleTypeDefNS0_6ResultE
                0x0800e7d8       0xc0 ../../libDaisy//build\libdaisy.a(uart.o)
                0x0800e7d8                daisy::UartHandler::Impl::DmaTransferFinished(__UART_HandleTypeDef*, daisy::UartHandler::Result)
 .text._ZN5daisy11UartHandler4Impl8InitPinsEv
                0x0800e898      0x154 ../../libDaisy//build\libdaisy.a(uart.o)
                0x0800e898                daisy::UartHandler::Impl::InitPins()
 .text.HAL_UART_MspInit
                0x0800e9ec      0x210 ../../libDaisy//build\libdaisy.a(uart.o)
                0x0800e9ec                HAL_UART_MspInit
 .text.dsy_uart_global_init
                0x0800ebfc      0x110 ../../libDaisy//build\libdaisy.a(uart.o)
                0x0800ebfc                dsy_uart_global_init
 .text.USART1_IRQHandler
                0x0800ed0c       0x2c ../../libDaisy//build\libdaisy.a(uart.o)
                0x0800ed0c                USART1_IRQHandler
 .text.USART2_IRQHandler
                0x0800ed38       0x34 ../../libDaisy//build\libdaisy.a(uart.o)
                0x0800ed38                USART2_IRQHandler
 .text.USART3_IRQHandler
                0x0800ed6c       0x34 ../../libDaisy//build\libdaisy.a(uart.o)
                0x0800ed6c                USART3_IRQHandler
 .text.UART4_IRQHandler
                0x0800eda0       0x34 ../../libDaisy//build\libdaisy.a(uart.o)
                0x0800eda0                UART4_IRQHandler
 .text.UART5_IRQHandler
                0x0800edd4       0x34 ../../libDaisy//build\libdaisy.a(uart.o)
                0x0800edd4                UART5_IRQHandler
 .text.USART6_IRQHandler
                0x0800ee08       0x34 ../../libDaisy//build\libdaisy.a(uart.o)
                0x0800ee08                USART6_IRQHandler
 .text.UART7_IRQHandler
                0x0800ee3c       0x34 ../../libDaisy//build\libdaisy.a(uart.o)
                0x0800ee3c                UART7_IRQHandler
 .text.UART8_IRQHandler
                0x0800ee70       0x34 ../../libDaisy//build\libdaisy.a(uart.o)
                0x0800ee70                UART8_IRQHandler
 .text.LPUART1_IRQHandler
                0x0800eea4       0x34 ../../libDaisy//build\libdaisy.a(uart.o)
                0x0800eea4                LPUART1_IRQHandler
 .text.DMA1_Stream5_IRQHandler
                0x0800eed8       0x34 ../../libDaisy//build\libdaisy.a(uart.o)
                0x0800eed8                DMA1_Stream5_IRQHandler
 .text.DMA2_Stream4_IRQHandler
                0x0800ef0c       0x38 ../../libDaisy//build\libdaisy.a(uart.o)
                0x0800ef0c                DMA2_Stream4_IRQHandler
 .text.HAL_UART_TxCpltCallback
                0x0800ef44        0x8 ../../libDaisy//build\libdaisy.a(uart.o)
                0x0800ef44                HAL_UART_TxCpltCallback
 .text.HAL_UART_RxCpltCallback
                0x0800ef4c       0x94 ../../libDaisy//build\libdaisy.a(uart.o)
                0x0800ef4c                HAL_UART_RxCpltCallback
 .text.HAL_UART_RxHalfCpltCallback
                0x0800efe0       0x90 ../../libDaisy//build\libdaisy.a(uart.o)
                0x0800efe0                HAL_UART_RxHalfCpltCallback
 .text.HAL_UART_ErrorCallback
                0x0800f070        0x8 ../../libDaisy//build\libdaisy.a(uart.o)
                0x0800f070                HAL_UART_ErrorCallback
 .text.startup._GLOBAL__sub_I__Z19MapInstanceToHandleP13USART_TypeDef
                0x0800f078      0x194 ../../libDaisy//build\libdaisy.a(uart.o)
 .text.dsy_dma_init
                0x0800f20c      0x100 ../../libDaisy//build\libdaisy.a(dma.o)
                0x0800f20c                dsy_dma_init
 .text.dsy_dma_invalidate_cache_for_buffer
                0x0800f30c       0x2c ../../libDaisy//build\libdaisy.a(dma.o)
                0x0800f30c                dsy_dma_invalidate_cache_for_buffer
 .text.HAL_MDMA_Abort_IT
                0x0800f338       0x2c ../../libDaisy//build\libdaisy.a(stm32h7xx_hal_mdma.o)
                0x0800f338                HAL_MDMA_Abort_IT
 .text.SPI_CloseTransfer
                0x0800f364       0xb8 ../../libDaisy//build\libdaisy.a(stm32h7xx_hal_spi.o)
 .text.HAL_SPI_Init
                0x0800f41c      0x15c ../../libDaisy//build\libdaisy.a(stm32h7xx_hal_spi.o)
                0x0800f41c                HAL_SPI_Init
 .text.HAL_SPI_Transmit_DMA
                0x0800f578      0x170 ../../libDaisy//build\libdaisy.a(stm32h7xx_hal_spi.o)
                0x0800f578                HAL_SPI_Transmit_DMA
 .text.HAL_SPI_TransmitReceive_DMA
                0x0800f6e8      0x218 ../../libDaisy//build\libdaisy.a(stm32h7xx_hal_spi.o)
                0x0800f6e8                HAL_SPI_TransmitReceive_DMA
 .text.HAL_SPI_Receive_DMA
                0x0800f900      0x1b4 ../../libDaisy//build\libdaisy.a(stm32h7xx_hal_spi.o)
                0x0800f900                HAL_SPI_Receive_DMA
 .text.SPI_DMATransmitCplt
                0x0800fab4       0x28 ../../libDaisy//build\libdaisy.a(stm32h7xx_hal_spi.o)
 .text.SPI_DMAReceiveCplt
                0x0800fadc       0x28 ../../libDaisy//build\libdaisy.a(stm32h7xx_hal_spi.o)
 .text.SPI_DMATransmitReceiveCplt
                0x0800fb04       0x28 ../../libDaisy//build\libdaisy.a(stm32h7xx_hal_spi.o)
 .text.HAL_SPI_TxHalfCpltCallback
                0x0800fb2c        0x4 ../../libDaisy//build\libdaisy.a(stm32h7xx_hal_spi.o)
                0x0800fb2c                HAL_SPI_TxHalfCpltCallback
 .text.SPI_DMAHalfTransmitCplt
                0x0800fb30        0xc ../../libDaisy//build\libdaisy.a(stm32h7xx_hal_spi.o)
 .text.HAL_SPI_RxHalfCpltCallback
                0x0800fb3c        0x4 ../../libDaisy//build\libdaisy.a(stm32h7xx_hal_spi.o)
                0x0800fb3c                HAL_SPI_RxHalfCpltCallback
 .text.SPI_DMAHalfReceiveCplt
                0x0800fb40        0xc ../../libDaisy//build\libdaisy.a(stm32h7xx_hal_spi.o)
 .text.HAL_SPI_TxRxHalfCpltCallback
                0x0800fb4c        0x4 ../../libDaisy//build\libdaisy.a(stm32h7xx_hal_spi.o)
                0x0800fb4c                HAL_SPI_TxRxHalfCpltCallback
 .text.SPI_DMAHalfTransmitReceiveCplt
                0x0800fb50        0xc ../../libDaisy//build\libdaisy.a(stm32h7xx_hal_spi.o)
 .text.SPI_DMAError
                0x0800fb5c       0xd8 ../../libDaisy//build\libdaisy.a(stm32h7xx_hal_spi.o)
 .text.HAL_SPI_IRQHandler
                0x0800fc34      0x23c ../../libDaisy//build\libdaisy.a(stm32h7xx_hal_spi.o)
                0x0800fc34                HAL_SPI_IRQHandler
 .text.SPI_DMAAbortOnError
                0x0800fe70       0x1c ../../libDaisy//build\libdaisy.a(stm32h7xx_hal_spi.o)
 .text.HAL_SPI_GetState
                0x0800fe8c        0x8 ../../libDaisy//build\libdaisy.a(stm32h7xx_hal_spi.o)
                0x0800fe8c                HAL_SPI_GetState
 .text.HAL_UART_Transmit_DMA
                0x0800fe94       0xa4 ../../libDaisy//build\libdaisy.a(stm32h7xx_hal_uart.o)
                0x0800fe94                HAL_UART_Transmit_DMA
 .text.HAL_UART_Receive_DMA
                0x0800ff38       0xac ../../libDaisy//build\libdaisy.a(stm32h7xx_hal_uart.o)
                0x0800ff38                HAL_UART_Receive_DMA
 .text.UART_DMATransmitCplt
                0x0800ffe4       0x2c ../../libDaisy//build\libdaisy.a(stm32h7xx_hal_uart.o)
 .text.HAL_UART_TxHalfCpltCallback
                0x08010010        0x4 ../../libDaisy//build\libdaisy.a(stm32h7xx_hal_uart.o)
                0x08010010                HAL_UART_TxHalfCpltCallback
 .text.UART_DMATxHalfCplt
                0x08010014        0xc ../../libDaisy//build\libdaisy.a(stm32h7xx_hal_uart.o)
 .text.UART_DMAReceiveCplt
                0x08010020       0x38 ../../libDaisy//build\libdaisy.a(stm32h7xx_hal_uart.o)
 .text.UART_DMARxHalfCplt
                0x08010058        0xc ../../libDaisy//build\libdaisy.a(stm32h7xx_hal_uart.o)
 .text.UART_DMAError
                0x08010064       0x78 ../../libDaisy//build\libdaisy.a(stm32h7xx_hal_uart.o)
 .text.HAL_UART_IRQHandler
                0x080100dc      0x1d0 ../../libDaisy//build\libdaisy.a(stm32h7xx_hal_uart.o)
                0x080100dc                HAL_UART_IRQHandler
 .text.UART_DMAAbortOnError
                0x080102ac       0x14 ../../libDaisy//build\libdaisy.a(stm32h7xx_hal_uart.o)
 .text.HAL_UART_GetState
                0x080102c0        0xc ../../libDaisy//build\libdaisy.a(stm32h7xx_hal_uart.o)
                0x080102c0                HAL_UART_GetState
 .text.UART_SetConfig
                0x080102cc     0x14b8 ../../libDaisy//build\libdaisy.a(stm32h7xx_hal_uart.o)
                0x080102cc                UART_SetConfig
 .text.UART_AdvFeatureConfig
                0x08011784       0xb0 ../../libDaisy//build\libdaisy.a(stm32h7xx_hal_uart.o)
                0x08011784                UART_AdvFeatureConfig
 .text.UART_CheckIdleState
                0x08011834       0x84 ../../libDaisy//build\libdaisy.a(stm32h7xx_hal_uart.o)
                0x08011834                UART_CheckIdleState
 .text.HAL_UART_Init
                0x080118b8       0x68 ../../libDaisy//build\libdaisy.a(stm32h7xx_hal_uart.o)
                0x080118b8                HAL_UART_Init
 .text.HAL_UARTEx_WakeupCallback
                0x08011920        0x4 ../../libDaisy//build\libdaisy.a(stm32h7xx_hal_uart_ex.o)
                0x08011920                HAL_UARTEx_WakeupCallback
 .text.HAL_UARTEx_RxFifoFullCallback
                0x08011924        0x4 ../../libDaisy//build\libdaisy.a(stm32h7xx_hal_uart_ex.o)
                0x08011924                HAL_UARTEx_RxFifoFullCallback
 .text.HAL_UARTEx_TxFifoEmptyCallback
                0x08011928        0x4 ../../libDaisy//build\libdaisy.a(stm32h7xx_hal_uart_ex.o)
                0x08011928                HAL_UARTEx_TxFifoEmptyCallback
 .text._ZN7daisysp10Oscillator7ProcessEv
                0x0801192c      0x374 ../../DaisySP//build\libdaisysp.a(oscillator.o)
                0x0801192c                daisysp::Oscillator::Process()
 .text._ZN7daisysp10Oscillator12CalcPhaseIncEf
                0x08011ca0        0xc ../../DaisySP//build\libdaisysp.a(oscillator.o)
                0x08011ca0                daisysp::Oscillator::CalcPhaseInc(float)
 .text.__aeabi_atexit
                0x08011cac        0xa c:/program files/daisytoolchain/bin/../lib/gcc/arm-none-eabi/10.2.1/../../../../arm-none-eabi/lib/thumb/v7e-m+dp/hard\libstdc++_nano.a(atexit_arm.o)
                0x08011cac                __aeabi_atexit
 *fill*         0x08011cb6        0x2 
 .text.powf     0x08011cb8      0x328 c:/program files/daisytoolchain/bin/../lib/gcc/arm-none-eabi/10.2.1/../../../../arm-none-eabi/lib/thumb/v7e-m+dp/hard\libm.a(lib_a-sf_pow.o)
                0x08011cb8                powf
 .text.sinf     0x08011fe0      0x20c c:/program files/daisytoolchain/bin/../lib/gcc/arm-none-eabi/10.2.1/../../../../arm-none-eabi/lib/thumb/v7e-m+dp/hard\libm.a(lib_a-sinf.o)
                0x08011fe0                sinf
 .text.with_errnof
                0x080121ec       0x18 c:/program files/daisytoolchain/bin/../lib/gcc/arm-none-eabi/10.2.1/../../../../arm-none-eabi/lib/thumb/v7e-m+dp/hard\libm.a(lib_a-math_errf.o)
 .text.xflowf   0x08012204       0x20 c:/program files/daisytoolchain/bin/../lib/gcc/arm-none-eabi/10.2.1/../../../../arm-none-eabi/lib/thumb/v7e-m+dp/hard\libm.a(lib_a-math_errf.o)
 .text.__math_uflowf
                0x08012224        0xc c:/program files/daisytoolchain/bin/../lib/gcc/arm-none-eabi/10.2.1/../../../../arm-none-eabi/lib/thumb/v7e-m+dp/hard\libm.a(lib_a-math_errf.o)
                0x08012224                __math_uflowf
 .text.__math_may_uflowf
                0x08012230        0xc c:/program files/daisytoolchain/bin/../lib/gcc/arm-none-eabi/10.2.1/../../../../arm-none-eabi/lib/thumb/v7e-m+dp/hard\libm.a(lib_a-math_errf.o)
                0x08012230                __math_may_uflowf
 .text.__math_oflowf
                0x0801223c        0xc c:/program files/daisytoolchain/bin/../lib/gcc/arm-none-eabi/10.2.1/../../../../arm-none-eabi/lib/thumb/v7e-m+dp/hard\libm.a(lib_a-math_errf.o)
                0x0801223c                __math_oflowf
 .text.__math_divzerof
                0x08012248       0x24 c:/program files/daisytoolchain/bin/../lib/gcc/arm-none-eabi/10.2.1/../../../../arm-none-eabi/lib/thumb/v7e-m+dp/hard\libm.a(lib_a-math_errf.o)
                0x08012248                __math_divzerof
 .text.__math_invalidf
                0x0801226c       0x20 c:/program files/daisytoolchain/bin/../lib/gcc/arm-none-eabi/10.2.1/../../../../arm-none-eabi/lib/thumb/v7e-m+dp/hard\libm.a(lib_a-math_errf.o)
                0x0801226c                __math_invalidf
 .text.__cxa_atexit
                0x0801228c       0x1c c:/program files/daisytoolchain/bin/../lib/gcc/arm-none-eabi/10.2.1/../../../../arm-none-eabi/lib/thumb/v7e-m+dp/hard\libc_nano.a(lib_a-cxa_atexit.o)
                0x0801228c                __cxa_atexit
 .text.__errno  0x080122a8        0xc c:/program files/daisytoolchain/bin/../lib/gcc/arm-none-eabi/10.2.1/../../../../arm-none-eabi/lib/thumb/v7e-m+dp/hard\libc_nano.a(lib_a-errno.o)
                0x080122a8                __errno
 .text.__libc_init_array
                0x080122b4       0x48 c:/program files/daisytoolchain/bin/../lib/gcc/arm-none-eabi/10.2.1/../../../../arm-none-eabi/lib/thumb/v7e-m+dp/hard\libc_nano.a(lib_a-init.o)
                0x080122b4                __libc_init_array
 .text.memcpy   0x080122fc       0x1c c:/program files/daisytoolchain/bin/../lib/gcc/arm-none-eabi/10.2.1/../../../../arm-none-eabi/lib/thumb/v7e-m+dp/hard\libc_nano.a(lib_a-memcpy-stub.o)
                0x080122fc                memcpy
 .text.memset   0x08012318       0x10 c:/program files/daisytoolchain/bin/../lib/gcc/arm-none-eabi/10.2.1/../../../../arm-none-eabi/lib/thumb/v7e-m+dp/hard\libc_nano.a(lib_a-memset.o)
                0x08012318                memset
 *(.rodata)
 .rodata        0x08012328       0x18 ../../libDaisy//build\libdaisy.a(daisy_patch_sm.o)
 .rodata        0x08012340       0x10 ../../libDaisy//build\libdaisy.a(i2c.o)
 .rodata        0x08012350       0x10 ../../libDaisy//build\libdaisy.a(tim.o)
 .rodata        0x08012360       0x12 ../../libDaisy//build\libdaisy.a(uart.o)
 *(.rodata*)
 *fill*         0x08012372        0x2 
 .rodata._ZN5daisy8patch_sm12DaisyPatchSM2B9E
                0x08012374        0x2 ../../libDaisy//build\libdaisy.a(daisy_patch_sm.o)
                0x08012374                daisy::patch_sm::DaisyPatchSM::B9
 *fill*         0x08012376        0x2 
 .rodata._ZN5daisy8patch_sm12DaisyPatchSM3B10E
                0x08012378        0x2 ../../libDaisy//build\libdaisy.a(daisy_patch_sm.o)
                0x08012378                daisy::patch_sm::DaisyPatchSM::B10
 *fill*         0x0801237a        0x2 
 .rodata._ZL16dsy_adc_rank_map
                0x0801237c       0x40 ../../libDaisy//build\libdaisy.a(adc.o)
 .rodata.CSWTCH.35
                0x080123bc        0x3 ../../libDaisy//build\libdaisy.a(sai.o)
 *fill*         0x080123bf        0x1 
 .rodata.CSWTCH.36
                0x080123c0        0xc ../../libDaisy//build\libdaisy.a(sai.o)
 .rodata.CSWTCH.44
                0x080123cc       0x14 ../../libDaisy//build\libdaisy.a(sai.o)
 .rodata.D1CorePrescTable
                0x080123e0       0x10 ../../libDaisy//build\libdaisy.a(system_stm32h7xx.o)
                0x080123e0                D1CorePrescTable
 .rodata.CSWTCH.24
                0x080123f0        0x4 ../../libDaisy//build\libdaisy.a(usbd_conf.o)
 .rodata.CSWTCH.19
                0x080123f4        0x4 ../../libDaisy//build\libdaisy.a(usbh_conf.o)
 .rodata.gpio_hal_pin_map
                0x080123f8       0x20 ../../libDaisy//build\libdaisy.a(hal_map.o)
 .rodata.gpio_hal_port_map
                0x08012418       0x30 ../../libDaisy//build\libdaisy.a(hal_map.o)
 .rodata.flagBitshiftOffset.0
                0x08012448        0x8 ../../libDaisy//build\libdaisy.a(stm32h7xx_hal_dma.o)
 .rodata._ZL13pins_none_spi
                0x08012450        0x3 ../../libDaisy//build\libdaisy.a(spi.o)
 *fill*         0x08012453        0x1 
 .rodata._ZL16pins_periphs_spi
                0x08012454       0x60 ../../libDaisy//build\libdaisy.a(spi.o)
 .rodata.CSWTCH.418
                0x080124b4       0x29 ../../libDaisy//build\libdaisy.a(stm32h7xx_hal_uart.o)
 *fill*         0x080124dd        0x3 
 .rodata.CSWTCH.419
                0x080124e0        0x6 ../../libDaisy//build\libdaisy.a(stm32h7xx_hal_uart.o)
 *fill*         0x080124e6        0x2 
 .rodata.CSWTCH.426
                0x080124e8        0x6 ../../libDaisy//build\libdaisy.a(stm32h7xx_hal_uart.o)
 *fill*         0x080124ee        0x2 
 .rodata.__powf_log2_data
                0x080124f0      0x128 c:/program files/daisytoolchain/bin/../lib/gcc/arm-none-eabi/10.2.1/../../../../arm-none-eabi/lib/thumb/v7e-m+dp/hard\libm.a(lib_a-sf_pow_log2_data.o)
                0x080124f0                __powf_log2_data
 .rodata.__exp2f_data
                0x08012618      0x148 c:/program files/daisytoolchain/bin/../lib/gcc/arm-none-eabi/10.2.1/../../../../arm-none-eabi/lib/thumb/v7e-m+dp/hard\libm.a(lib_a-sf_exp2_data.o)
                0x08012618                __exp2f_data
 .rodata.__inv_pio4
                0x08012760       0x60 c:/program files/daisytoolchain/bin/../lib/gcc/arm-none-eabi/10.2.1/../../../../arm-none-eabi/lib/thumb/v7e-m+dp/hard\libm.a(lib_a-sincosf_data.o)
                0x08012760                __inv_pio4
 .rodata.__sincosf_table
                0x080127c0       0xe0 c:/program files/daisytoolchain/bin/../lib/gcc/arm-none-eabi/10.2.1/../../../../arm-none-eabi/lib/thumb/v7e-m+dp/hard\libm.a(lib_a-sincosf_data.o)
                0x080127c0                __sincosf_table
 .rodata.__sf_fake_stderr