Archive member included to satisfy reference by file (symbol)

../../../libDaisy/build\libdaisy.a(daisy_seed.o)
                              build/oscillator.o (daisy::DaisySeed::Configure())
../../../libDaisy/build\libdaisy.a(codec_ak4556.o)
                              ../../../libDaisy/build\libdaisy.a(daisy_seed.o) (daisy::Ak4556::Init(dsy_gpio_pin))
../../../libDaisy/build\libdaisy.a(codec_wm8731.o)
                              ../../../libDaisy/build\libdaisy.a(daisy_seed.o) (daisy::Wm8731::Init(daisy::Wm8731::Config const&, daisy::I2CHandle))
../../../libDaisy/build\libdaisy.a(sdram.o)
                              ../../../libDaisy/build\libdaisy.a(daisy_seed.o) (SdramHandle::Init())
../../../libDaisy/build\libdaisy.a(audio.o)
                              ../../../libDaisy/build\libdaisy.a(daisy_seed.o) (daisy::AudioHandle::Init(daisy::AudioHandle::Config const&, daisy::SaiHandle))
../../../libDaisy/build\libdaisy.a(logger.o)
                              build/oscillator.o (daisy::Logger<(daisy::LoggerDestination)1>::PrintLine(char const*, ...))
../../../libDaisy/build\libdaisy.a(usb.o)
                              ../../../libDaisy/build\libdaisy.a(logger.o) (daisy::UsbHandle::Init(daisy::UsbHandle::UsbPeriph))
../../../libDaisy/build\libdaisy.a(adc.o)
                              build/oscillator.o (daisy::AdcChannelConfig::InitSingle(dsy_gpio_pin, daisy::AdcChannelConfig::ConversionSpeed))
../../../libDaisy/build\libdaisy.a(gpio.o)
                              ../../../libDaisy/build\libdaisy.a(daisy_seed.o) (daisy::GPIO::Init(daisy::Pin, daisy::GPIO::Mode, daisy::GPIO::Pull, daisy::GPIO::Speed))
../../../libDaisy/build\libdaisy.a(i2c.o)
                              ../../../libDaisy/build\libdaisy.a(daisy_seed.o) (daisy::I2CHandle::Init(daisy::I2CHandle::Config const&))
../../../libDaisy/build\libdaisy.a(qspi.o)
                              ../../../libDaisy/build\libdaisy.a(daisy_seed.o) (daisy::QSPIHandle::Init(daisy::QSPIHandle::Config const&))
../../../libDaisy/build\libdaisy.a(sai.o)
                              ../../../libDaisy/build\libdaisy.a(daisy_seed.o) (daisy::SaiHandle::Init(daisy::SaiHandle::Config const&))
../../../libDaisy/build\libdaisy.a(system.o)
                              ../../../libDaisy/build\libdaisy.a(daisy_seed.o) (daisy::System::DeInit())
../../../libDaisy/build\libdaisy.a(system_stm32h7xx.o)
                              build/startup_stm32h750xx.o (SystemInit)
../../../libDaisy/build\libdaisy.a(usbd_cdc_if.o)
                              ../../../libDaisy/build\libdaisy.a(usb.o) (CDC_Transmit_FS)
../../../libDaisy/build\libdaisy.a(usbd_conf.o)
                              ../../../libDaisy/build\libdaisy.a(system.o) (hpcd_USB_OTG_HS)
../../../libDaisy/build\libdaisy.a(usbd_desc.o)
                              ../../../libDaisy/build\libdaisy.a(usb.o) (HS_Desc)
../../../libDaisy/build\libdaisy.a(usbh_conf.o)
                              ../../../libDaisy/build\libdaisy.a(system.o) (hhcd_USB_OTG_HS)
../../../libDaisy/build\libdaisy.a(hal_map.o)
                              ../../../libDaisy/build\libdaisy.a(gpio.o) (dsy_hal_map_get_port)
../../../libDaisy/build\libdaisy.a(stm32h7xx_hal.o)
                              ../../../libDaisy/build\libdaisy.a(system.o) (HAL_Init)
../../../libDaisy/build\libdaisy.a(stm32h7xx_hal_adc.o)
                              ../../../libDaisy/build\libdaisy.a(adc.o) (HAL_ADC_ConfigChannel)
../../../libDaisy/build\libdaisy.a(stm32h7xx_hal_adc_ex.o)
                              ../../../libDaisy/build\libdaisy.a(adc.o) (HAL_ADCEx_Calibration_Start)
../../../libDaisy/build\libdaisy.a(stm32h7xx_hal_cortex.o)
                              ../../../libDaisy/build\libdaisy.a(stm32h7xx_hal.o) (HAL_NVIC_SetPriorityGrouping)
../../../libDaisy/build\libdaisy.a(stm32h7xx_hal_dma.o)
                              ../../../libDaisy/build\libdaisy.a(adc.o) (HAL_DMA_Init)
../../../libDaisy/build\libdaisy.a(stm32h7xx_hal_gpio.o)
                              ../../../libDaisy/build\libdaisy.a(sdram.o) (HAL_GPIO_Init)
../../../libDaisy/build\libdaisy.a(stm32h7xx_hal_hcd.o)
                              ../../../libDaisy/build\libdaisy.a(usbh_conf.o) (HAL_HCD_HC_Init)
../../../libDaisy/build\libdaisy.a(stm32h7xx_hal_i2c.o)
                              ../../../libDaisy/build\libdaisy.a(i2c.o) (HAL_I2C_Init)
../../../libDaisy/build\libdaisy.a(stm32h7xx_hal_i2c_ex.o)
                              ../../../libDaisy/build\libdaisy.a(i2c.o) (HAL_I2CEx_ConfigAnalogFilter)
../../../libDaisy/build\libdaisy.a(stm32h7xx_hal_pcd.o)
                              ../../../libDaisy/build\libdaisy.a(usbd_conf.o) (HAL_PCD_Init)
../../../libDaisy/build\libdaisy.a(stm32h7xx_hal_pcd_ex.o)
                              ../../../libDaisy/build\libdaisy.a(usbd_conf.o) (HAL_PCDEx_SetTxFiFo)
../../../libDaisy/build\libdaisy.a(stm32h7xx_hal_pwr_ex.o)
                              ../../../libDaisy/build\libdaisy.a(system.o) (HAL_PWREx_ConfigSupply)
[...]
Memory Configuration

Name             Origin             Length             Attributes
FLASH            0x08000000         0x00020000         xr
DTCMRAM          0x20000000         0x00020000         xrw
SRAM             0x24000000         0x00080000         xrw
RAM_D2           0x30000000         0x00048000         xrw
RAM_D3           0x38000000         0x00010000         xrw
BACKUP_SRAM      0x38800000         0x00001000         xrw
ITCMRAM          0x00000000         0x00010000         xrw
SDRAM            0xc0000000         0x04000000         xrw
QSPIFLASH        0x90000000         0x00800000         xr
*default*        0x00000000         0xffffffff

Linker script and memory map

LOAD c:/program files/daisytoolchain/bin/../lib/gcc/arm-none-eabi/10.2.1/thumb/v7e-m+dp/hard/crti.o
LOAD c:/program files/daisytoolchain/bin/../lib/gcc/arm-none-eabi/10.2.1/thumb/v7e-m+dp/hard/crtbegin.o
LOAD c:/program files/daisytoolchain/bin/../lib/gcc/arm-none-eabi/10.2.1/../../../../arm-none-eabi/lib/thumb/v7e-m+dp/hard/crt0.o
LOAD build/startup_stm32h750xx.o
LOAD build/oscillator.o
LOAD ../../../libDaisy/build\libdaisy.a
LOAD c:/program files/daisytoolchain/bin/../lib/gcc/arm-none-eabi/10.2.1/../../../../arm-none-eabi/lib/thumb/v7e-m+dp/hard\libnosys.a
LOAD ../../../DaisySP/build\libdaisysp.a
LOAD c:/program files/daisytoolchain/bin/../lib/gcc/arm-none-eabi/10.2.1/../../../../arm-none-eabi/lib/thumb/v7e-m+dp/hard\libstdc++_nano.a
LOAD c:/program files/daisytoolchain/bin/../lib/gcc/arm-none-eabi/10.2.1/../../../../arm-none-eabi/lib/thumb/v7e-m+dp/hard\libm.a
LOAD c:/program files/daisytoolchain/bin/../lib/gcc/arm-none-eabi/10.2.1/../../../../arm-none-eabi/lib/thumb/v7e-m+dp/hard\libc_nano.a
START GROUP
LOAD c:/program files/daisytoolchain/bin/../lib/gcc/arm-none-eabi/10.2.1/thumb/v7e-m+dp/hard\libgcc.a
LOAD c:/program files/daisytoolchain/bin/../lib/gcc/arm-none-eabi/10.2.1/../../../../arm-none-eabi/lib/thumb/v7e-m+dp/hard\libc_nano.a
END GROUP
START GROUP
LOAD c:/program files/daisytoolchain/bin/../lib/gcc/arm-none-eabi/10.2.1/thumb/v7e-m+dp/hard\libgcc.a
LOAD c:/program files/daisytoolchain/bin/../lib/gcc/arm-none-eabi/10.2.1/../../../../arm-none-eabi/lib/thumb/v7e-m+dp/hard\libc_nano.a
LOAD c:/program files/daisytoolchain/bin/../lib/gcc/arm-none-eabi/10.2.1/../../../../arm-none-eabi/lib/thumb/v7e-m+dp/hard\libnosys.a
END GROUP
START GROUP
LOAD c:/program files/daisytoolchain/bin/../lib/gcc/arm-none-eabi/10.2.1/thumb/v7e-m+dp/hard\libgcc.a
LOAD c:/program files/daisytoolchain/bin/../lib/gcc/arm-none-eabi/10.2.1/../../../../arm-none-eabi/lib/thumb/v7e-m+dp/hard\libc_nano.a
LOAD c:/program files/daisytoolchain/bin/../lib/gcc/arm-none-eabi/10.2.1/../../../../arm-none-eabi/lib/thumb/v7e-m+dp/hard\libnosys.a
END GROUP
LOAD c:/program files/daisytoolchain/bin/../lib/gcc/arm-none-eabi/10.2.1/thumb/v7e-m+dp/hard/crtend.o
LOAD c:/program files/daisytoolchain/bin/../lib/gcc/arm-none-eabi/10.2.1/thumb/v7e-m+dp/hard/crtn.o
                0x20020000                _estack = 0x20020000

.isr_vector     0x08000000      0x298
                0x08000000                . = ALIGN (0x4)
 *(.isr_vector)
 .isr_vector    0x08000000      0x298 build/startup_stm32h750xx.o
                0x08000000                g_pfnVectors
                0x08000298                . = ALIGN (0x4)

.text           0x080002a0    0x14708
                0x080002a0                . = ALIGN (0x4)
                0x080002a0                _stext = .
 *(.text)
 .text          0x080002a0       0x40 c:/program files/daisytoolchain/bin/../lib/gcc/arm-none-eabi/10.2.1/thumb/v7e-m+dp/hard/crtbegin.o
 .text          0x080002e0       0xa0 c:/program files/daisytoolchain/bin/../lib/gcc/arm-none-eabi/10.2.1/../../../../arm-none-eabi/lib/thumb/v7e-m+dp/hard\libc_nano.a(lib_a-memchr.o)
                0x080002e0                memchr
 .text          0x08000380      0x378 c:/program files/daisytoolchain/bin/../lib/gcc/arm-none-eabi/10.2.1/thumb/v7e-m+dp/hard\libgcc.a(_arm_addsubdf3.o)
                0x08000380                __aeabi_drsub
                0x08000388                __aeabi_dsub
                0x08000388                __subdf3
                0x0800038c                __aeabi_dadd
                0x0800038c                __adddf3
                0x08000604                __floatunsidf
                0x08000604                __aeabi_ui2d
                0x08000624                __floatsidf
                0x08000624                __aeabi_i2d
                0x08000648                __aeabi_f2d
                0x08000648                __extendsfdf2
                0x0800068c                __floatundidf
                0x0800068c                __aeabi_ul2d
                0x0800069c                __floatdidf
                0x0800069c                __aeabi_l2d
 .text          0x080006f8       0x30 c:/program files/daisytoolchain/bin/../lib/gcc/arm-none-eabi/10.2.1/thumb/v7e-m+dp/hard\libgcc.a(_aeabi_uldivmod.o)
                0x080006f8                __aeabi_uldivmod
 .text          0x08000728      0x2d0 c:/program files/daisytoolchain/bin/../lib/gcc/arm-none-eabi/10.2.1/thumb/v7e-m+dp/hard\libgcc.a(_udivmoddi4.o)
                0x08000728                __udivmoddi4
 .text          0x080009f8        0x4 c:/program files/daisytoolchain/bin/../lib/gcc/arm-none-eabi/10.2.1/thumb/v7e-m+dp/hard\libgcc.a(_dvmd_tls.o)
                0x080009f8                __aeabi_idiv0
                0x080009f8                __aeabi_ldiv0
 *(.text*)
 .text.Default_Handler
                0x080009fc        0x4 build/startup_stm32h750xx.o
                0x080009fc                RTC_Alarm_IRQHandler
                0x080009fc                HASH_RNG_IRQHandler
                0x080009fc                EXTI2_IRQHandler
                0x080009fc                TIM8_CC_IRQHandler
                0x080009fc                HRTIM1_Master_IRQHandler
                0x080009fc                DebugMon_Handler
                0x080009fc                TIM1_CC_IRQHandler
                0x080009fc                BDMA_Channel6_IRQHandler
                0x080009fc                DMA2_Stream5_IRQHandler
                0x080009fc                HRTIM1_FLT_IRQHandler
                0x080009fc                JPEG_IRQHandler
                0x080009fc                BDMA_Channel1_IRQHandler
                0x080009fc                HRTIM1_TIMD_IRQHandler
                0x080009fc                TAMP_STAMP_IRQHandler
                0x080009fc                PendSV_Handler
                0x080009fc                NMI_Handler
                0x080009fc                EXTI3_IRQHandler
                0x080009fc                LPTIM4_IRQHandler
                0x080009fc                TIM8_TRG_COM_TIM14_IRQHandler
                0x080009fc                LPTIM2_IRQHandler
                0x080009fc                DFSDM1_FLT1_IRQHandler
                0x080009fc                DMAMUX2_OVR_IRQHandler
                0x080009fc                TIM8_UP_TIM13_IRQHandler
                0x080009fc                I2C3_ER_IRQHandler
                0x080009fc                DFSDM1_FLT2_IRQHandler
                0x080009fc                MDMA_IRQHandler
                0x080009fc                LPTIM3_IRQHandler
                0x080009fc                HSEM1_IRQHandler
                0x080009fc                EXTI0_IRQHandler
                0x080009fc                FPU_IRQHandler
                0x080009fc                OTG_HS_WKUP_IRQHandler
                0x080009fc                FDCAN1_IT1_IRQHandler
                0x080009fc                UsageFault_Handler
                0x080009fc                LTDC_ER_IRQHandler
                0x080009fc                HRTIM1_TIME_IRQHandler
                0x080009fc                TIM6_DAC_IRQHandler
                0x080009fc                DCMI_IRQHandler
                0x080009fc                HRTIM1_TIMC_IRQHandler
                0x080009fc                SAI2_IRQHandler
                0x080009fc                DFSDM1_FLT3_IRQHandler
                0x080009fc                TIM17_IRQHandler
                0x080009fc                CRYP_IRQHandler
                0x080009fc                BDMA_Channel7_IRQHandler
                0x080009fc                LPTIM5_IRQHandler
                0x080009fc                ADC3_IRQHandler
                0x080009fc                DMA2_Stream0_IRQHandler
                0x080009fc                BDMA_Channel2_IRQHandler
                0x080009fc                DMAMUX1_OVR_IRQHandler
                0x080009fc                TIM16_IRQHandler
                0x080009fc                BDMA_Channel5_IRQHandler
                0x080009fc                RCC_IRQHandler
                0x080009fc                TIM8_BRK_TIM12_IRQHandler
                0x080009fc                TIM1_TRG_COM_IRQHandler
                0x080009fc                Default_Handler
                0x080009fc                ECC_IRQHandler
                0x080009fc                CEC_IRQHandler
                0x080009fc                EXTI15_10_IRQHandler
                0x080009fc                BDMA_Channel0_IRQHandler
                0x080009fc                ADC_IRQHandler
                0x080009fc                DMA1_Stream7_IRQHandler
                0x080009fc                HRTIM1_TIMA_IRQHandler
                0x080009fc                TIM7_IRQHandler
                0x080009fc                SDMMC1_IRQHandler
                0x080009fc                DMA2_Stream7_IRQHandler
                0x080009fc                TIM15_IRQHandler
                0x080009fc                PVD_AVD_IRQHandler
                0x080009fc                EXTI9_5_IRQHandler
                0x080009fc                RTC_WKUP_IRQHandler
                0x080009fc                LTDC_IRQHandler
                0x080009fc                SAI3_IRQHandler
                0x080009fc                ETH_WKUP_IRQHandler
                0x080009fc                SPDIF_RX_IRQHandler
                0x080009fc                MemManage_Handler
                0x080009fc                SVC_Handler
                0x080009fc                CRS_IRQHandler
                0x080009fc                EXTI4_IRQHandler
                0x080009fc                HRTIM1_TIMB_IRQHandler
                0x080009fc                FDCAN2_IT1_IRQHandler
                0x080009fc                ETH_IRQHandler
                0x080009fc                TIM1_UP_IRQHandler
                0x080009fc                BDMA_Channel4_IRQHandler
                0x080009fc                WWDG_IRQHandler
                0x080009fc                SPI6_IRQHandler
                0x080009fc                I2C4_EV_IRQHandler
                0x080009fc                MDIOS_IRQHandler
                0x080009fc                FDCAN2_IT0_IRQHandler
                0x080009fc                FDCAN1_IT0_IRQHandler
                0x080009fc                OTG_FS_WKUP_IRQHandler
                0x080009fc                DMA2D_IRQHandler
                0x080009fc                TIM1_BRK_IRQHandler
                0x080009fc                EXTI1_IRQHandler
                0x080009fc                SDMMC2_IRQHandler
                0x080009fc                BDMA_Channel3_IRQHandler
                0x080009fc                MDIOS_WKUP_IRQHandler
                0x080009fc                DFSDM1_FLT0_IRQHandler
                0x080009fc                SAI4_IRQHandler
                0x080009fc                I2C2_ER_IRQHandler
                0x080009fc                DMA2_Stream1_IRQHandler
                0x080009fc                FLASH_IRQHandler
                0x080009fc                BusFault_Handler
                0x080009fc                WAKEUP_PIN_IRQHandler
                0x080009fc                I2C1_ER_IRQHandler
                0x080009fc                FMC_IRQHandler
                0x080009fc                FDCAN_CAL_IRQHandler
                0x080009fc                SWPMI1_IRQHandler
                0x080009fc                COMP1_IRQHandler
                0x080009fc                LPTIM1_IRQHandler
                0x080009fc                I2C4_ER_IRQHandler
                0x080009fc                DMA2_Stream6_IRQHandler
                0x080009fc                SAI1_IRQHandler
 .text.Reset_Handler
                0x08000a00       0x44 build/startup_stm32h750xx.o
                0x08000a00                Reset_Handler
 .text._ZN7daisysp4AdsrD2Ev
                0x08000a44        0x4 build/oscillator.o
                0x08000a44                daisysp::Adsr::~Adsr()
                0x08000a44                daisysp::Adsr::~Adsr()
 .text._ZN7daisysp10OscillatorD2Ev
                0x08000a48        0x4 build/oscillator.o
                0x08000a48                daisysp::Oscillator::~Oscillator()
                0x08000a48                daisysp::Oscillator::~Oscillator()
 .text._ZN7daisysp5MetroD2Ev
                0x08000a4c        0x4 build/oscillator.o
                0x08000a4c                daisysp::Metro::~Metro()
                0x08000a4c                daisysp::Metro::~Metro()
 .text._ZN5daisy7Switch3D2Ev
                0x08000a50        0x4 build/oscillator.o
                0x08000a50                daisy::Switch3::~Switch3()
                0x08000a50                daisy::Switch3::~Switch3()
 .text._ZN5daisy9DaisySeedD2Ev
                0x08000a54        0x4 build/oscillator.o
                0x08000a54                daisy::DaisySeed::~DaisySeed()
                0x08000a54                daisy::DaisySeed::~DaisySeed()
 .text._ZL13AudioCallbackPKfPfj
                0x08000a58      0x1cc build/oscillator.o
 .text._Z14changeWaveFormv
                0x08000c24       0x34 build/oscillator.o
                0x08000c24                changeWaveForm()
 .text.startup.main
                0x08000c58      0x1c0 build/oscillator.o
                0x08000c58                main
 .text.startup._GLOBAL__sub_I_gate
                0x08000e18       0x8c build/oscillator.o
 .text._ZN5daisy9DaisySeed9ConfigureEv
                0x08000ea4        0x4 ../../../libDaisy/build\libdaisy.a(daisy_seed.o)
                0x08000ea4                daisy::DaisySeed::Configure()
 .text._ZN5daisy9DaisySeed6GetPinEh
                0x08000ea8       0x2c ../../../libDaisy/build\libdaisy.a(daisy_seed.o)
                0x08000ea8                daisy::DaisySeed::GetPin(unsigned char)
 .text._ZN5daisy9DaisySeed10StartAudioEPFvPKfPfjE
                0x08000ed4        0x8 ../../../libDaisy/build\libdaisy.a(daisy_seed.o)
                0x08000ed4                daisy::DaisySeed::StartAudio(void (*)(float const*, float*, unsigned int))
 .text._ZN5daisy9DaisySeed15AudioSampleRateEv
                0x08000edc        0x8 ../../../libDaisy/build\libdaisy.a(daisy_seed.o)
                0x08000edc                daisy::DaisySeed::AudioSampleRate()
 .text._ZN5daisy9DaisySeed17SetAudioBlockSizeEj
                0x08000ee4       0x38 ../../../libDaisy/build\libdaisy.a(daisy_seed.o)
                0x08000ee4                daisy::DaisySeed::SetAudioBlockSize(unsigned int)
 .text._ZN5daisy9DaisySeed17CheckBoardVersionEv
                0x08000f1c       0x6c ../../../libDaisy/build\libdaisy.a(daisy_seed.o)
                0x08000f1c                daisy::DaisySeed::CheckBoardVersion()
 .text._ZN5daisy9DaisySeed14ConfigureAudioEv
                0x08000f88      0x10c ../../../libDaisy/build\libdaisy.a(daisy_seed.o)
                0x08000f88                daisy::DaisySeed::ConfigureAudio()
 .text._ZN5daisy9DaisySeed4InitEb
                0x08001094      0x108 ../../../libDaisy/build\libdaisy.a(daisy_seed.o)
                0x08001094                daisy::DaisySeed::Init(bool)
 .text._ZN5daisy6Ak45564InitE12dsy_gpio_pin
                0x0800119c       0x44 ../../../libDaisy/build\libdaisy.a(codec_ak4556.o)
                0x0800119c                daisy::Ak4556::Init(dsy_gpio_pin)
 .text._ZN5daisy6Wm873120WriteControlRegisterEht
                0x080011e0       0x3c ../../../libDaisy/build\libdaisy.a(codec_wm8731.o)
                0x080011e0                daisy::Wm8731::WriteControlRegister(unsigned char, unsigned short)
 .text._ZN5daisy6Wm87314InitERKNS0_6ConfigENS_9I2CHandleE
                0x0800121c      0x1bc ../../../libDaisy/build\libdaisy.a(codec_wm8731.o)
                0x0800121c                daisy::Wm8731::Init(daisy::Wm8731::Config const&, daisy::I2CHandle)
 .text._ZN11SdramHandle10DeviceInitEv
                0x080013d8       0x98 ../../../libDaisy/build\libdaisy.a(sdram.o)
                0x080013d8                SdramHandle::DeviceInit()
 .text._ZN11SdramHandle4InitEv
                0x08001470       0x7c ../../../libDaisy/build\libdaisy.a(sdram.o)
                0x08001470                SdramHandle::Init()
 .text.HAL_SDRAM_MspInit
                0x080014ec      0x1a8 ../../../libDaisy/build\libdaisy.a(sdram.o)
                0x080014ec                HAL_SDRAM_MspInit
 .text._ZN5daisy11AudioHandle4Impl16InternalCallbackEPlS2_j
                0x08001694      0xbbc ../../../libDaisy/build\libdaisy.a(audio.o)
                0x08001694                daisy::AudioHandle::Impl::InternalCallback(long*, long*, unsigned int)
 .text._ZN5daisy11AudioHandle4InitERKNS0_6ConfigENS_9SaiHandleE
                0x08002250       0x70 ../../../libDaisy/build\libdaisy.a(audio.o)
                0x08002250                daisy::AudioHandle::Init(daisy::AudioHandle::Config const&, daisy::SaiHandle)
 .text._ZNK5daisy11AudioHandle9GetConfigEv
                0x080022c0        0x8 ../../../libDaisy/build\libdaisy.a(audio.o)
                0x080022c0                daisy::AudioHandle::GetConfig() const
 .text._ZN5daisy11AudioHandle12SetBlockSizeEj
                0x080022c8       0x1c ../../../libDaisy/build\libdaisy.a(audio.o)
                0x080022c8                daisy::AudioHandle::SetBlockSize(unsigned int)
 .text._ZN5daisy11AudioHandle13GetSampleRateEv
                0x080022e4        0x8 ../../../libDaisy/build\libdaisy.a(audio.o)
                0x080022e4                daisy::AudioHandle::GetSampleRate()
 .text._ZN5daisy11AudioHandle5StartEPFvPKfPfjE
                0x080022ec       0x2c ../../../libDaisy/build\libdaisy.a(audio.o)
                0x080022ec                daisy::AudioHandle::Start(void (*)(float const*, float*, unsigned int))
 .text.startup._GLOBAL__sub_I__ZN5daisy11AudioHandle4Impl4InitENS0_6ConfigENS_9SaiHandleE
                0x08002318       0x24 ../../../libDaisy/build\libdaisy.a(audio.o)
 .text._ZN5daisy9UsbHandleD2Ev
                0x0800233c        0x4 ../../../libDaisy/build\libdaisy.a(logger.o)
                0x0800233c                daisy::UsbHandle::~UsbHandle()
                0x0800233c                daisy::UsbHandle::~UsbHandle()
 .text._ZN5daisy6LoggerILNS_17LoggerDestinationE1EE11TransmitBufEv
                0x08002340       0x60 ../../../libDaisy/build\libdaisy.a(logger.o)
                0x08002340                daisy::Logger<(daisy::LoggerDestination)1>::TransmitBuf()
 .text._ZN5daisy6LoggerILNS_17LoggerDestinationE1EE13AppendNewLineEv
                0x080023a0       0x60 ../../../libDaisy/build\libdaisy.a(logger.o)
                0x080023a0                daisy::Logger<(daisy::LoggerDestination)1>::AppendNewLine()
 .text._ZN5daisy6LoggerILNS_17LoggerDestinationE1EE10PrintLineVEPKcSt9__va_list
                0x08002400       0x30 ../../../libDaisy/build\libdaisy.a(logger.o)
                0x08002400                daisy::Logger<(daisy::LoggerDestination)1>::PrintLineV(char const*, std::__va_list)
 .text._ZN5daisy6LoggerILNS_17LoggerDestinationE1EE9PrintLineEPKcz
                0x08002430       0x1c ../../../libDaisy/build\libdaisy.a(logger.o)
                0x08002430                daisy::Logger<(daisy::LoggerDestination)1>::PrintLine(char const*, ...)
 .text._ZN5daisy6LoggerILNS_17LoggerDestinationE1EE8StartLogEb
                0x0800244c       0x40 ../../../libDaisy/build\libdaisy.a(logger.o)
                0x0800244c                daisy::Logger<(daisy::LoggerDestination)1>::StartLog(bool)
 .text.startup._GLOBAL__sub_I__ZN5daisy10LoggerImplILNS_17LoggerDestinationE1EE11usb_handle_E
                0x0800248c       0x2c ../../../libDaisy/build\libdaisy.a(logger.o)
 .text.DummyRxCallback
                0x080024b8        0x4 ../../../libDaisy/build\libdaisy.a(usb.o)
                0x080024b8                DummyRxCallback
 .text._ZN5daisy9UsbHandle4InitENS0_9UsbPeriphE
                0x080024bc      0x10c ../../../libDaisy/build\libdaisy.a(usb.o)
                0x080024bc                daisy::UsbHandle::Init(daisy::UsbHandle::UsbPeriph)
 .text._ZN5daisy9UsbHandle16TransmitInternalEPhj
                0x080025c8       0x14 ../../../libDaisy/build\libdaisy.a(usb.o)
                0x080025c8                daisy::UsbHandle::TransmitInternal(unsigned char*, unsigned int)
 .text.OTG_FS_EP1_OUT_IRQHandler
                0x080025dc        0xc ../../../libDaisy/build\libdaisy.a(usb.o)
                0x080025dc                OTG_FS_EP1_OUT_IRQHandler
 .text.OTG_FS_EP1_IN_IRQHandler
                0x080025e8        0xc ../../../libDaisy/build\libdaisy.a(usb.o)
                0x080025e8                OTG_FS_EP1_IN_IRQHandler
 .text.OTG_FS_IRQHandler
                0x080025f4        0xc ../../../libDaisy/build\libdaisy.a(usb.o)
                0x080025f4                OTG_FS_IRQHandler
 .text._ZN5daisy16AdcChannelConfig10InitSingleE12dsy_gpio_pinNS0_15ConversionSpeedE
                0x08002600       0x28 ../../../libDaisy/build\libdaisy.a(adc.o)
                0x08002600                daisy::AdcChannelConfig::InitSingle(dsy_gpio_pin, daisy::AdcChannelConfig::ConversionSpeed)
 .text._ZN5daisy9AdcHandle4InitEPNS_16AdcChannelConfigEjNS0_12OverSamplingE
                0x08002628      0x41c ../../../libDaisy/build\libdaisy.a(adc.o)
                0x08002628                daisy::AdcHandle::Init(daisy::AdcChannelConfig*, unsigned int, daisy::AdcHandle::OverSampling)
 .text._ZN5daisy9AdcHandle5StartEv
                0x08002a44       0x2c ../../../libDaisy/build\libdaisy.a(adc.o)
                0x08002a44                daisy::AdcHandle::Start()
 .text._ZNK5daisy9AdcHandle3GetEh
                0x08002a70       0x18 ../../../libDaisy/build\libdaisy.a(adc.o)
                0x08002a70                daisy::AdcHandle::Get(unsigned char) const
 .text._ZNK5daisy9AdcHandle8GetFloatEh
                0x08002a88       0x20 ../../../libDaisy/build\libdaisy.a(adc.o)
                0x08002a88                daisy::AdcHandle::GetFloat(unsigned char) const
 .text.HAL_ADC_MspInit
                0x08002aa8       0x98 ../../../libDaisy/build\libdaisy.a(adc.o)
                0x08002aa8                HAL_ADC_MspInit
 .text.DMA1_Stream2_IRQHandler
                0x08002b40        0xc ../../../libDaisy/build\libdaisy.a(adc.o)
                0x08002b40                DMA1_Stream2_IRQHandler
 .text.HAL_ADC_ConvCpltCallback
                0x08002b4c      0x148 ../../../libDaisy/build\libdaisy.a(adc.o)
                0x08002b4c                HAL_ADC_ConvCpltCallback
 .text.HAL_ADC_ErrorCallback
                0x08002c94        0x4 ../../../libDaisy/build\libdaisy.a(adc.o)
                0x08002c94                HAL_ADC_ErrorCallback
 .text._ZN5daisy4GPIO4InitENS_3PinENS0_4ModeENS0_4PullENS0_5SpeedE
                0x08002c98      0x1cc ../../../libDaisy/build\libdaisy.a(gpio.o)
                0x08002c98                daisy::GPIO::Init(daisy::Pin, daisy::GPIO::Mode, daisy::GPIO::Pull, daisy::GPIO::Speed)
 .text._ZN5daisy4GPIO4ReadEv
                0x08002e64       0x18 ../../../libDaisy/build\libdaisy.a(gpio.o)
                0x08002e64                daisy::GPIO::Read()
 .text._ZN5daisy4GPIO5WriteEb
                0x08002e7c       0x14 ../../../libDaisy/build\libdaisy.a(gpio.o)
                0x08002e7c                daisy::GPIO::Write(bool)
 .text.dsy_gpio_init
                0x08002e90      0x1b8 ../../../libDaisy/build\libdaisy.a(gpio.o)
                0x08002e90                dsy_gpio_init
 .text.dsy_gpio_read
                0x08003048       0x1c ../../../libDaisy/build\libdaisy.a(gpio.o)
                0x08003048                dsy_gpio_read
 .text.dsy_gpio_write
                0x08003064       0x24 ../../../libDaisy/build\libdaisy.a(gpio.o)
                0x08003064                dsy_gpio_write
 .text._ZN5daisy9I2CHandle4Impl8InitPinsEv
                0x08003088       0x58 ../../../libDaisy/build\libdaisy.a(i2c.o)
                0x08003088                daisy::I2CHandle::Impl::InitPins()
 .text.HAL_I2C_MspInit
                0x080030e0      0x1b4 ../../../libDaisy/build\libdaisy.a(i2c.o)
                0x080030e0                HAL_I2C_MspInit
 .text.dsy_i2c_global_init
                0x08003294       0x78 ../../../libDaisy/build\libdaisy.a(i2c.o)
                0x08003294                dsy_i2c_global_init
 .text.DMA1_Stream6_IRQHandler
                0x0800330c       0x34 ../../../libDaisy/build\libdaisy.a(i2c.o)
                0x0800330c                DMA1_Stream6_IRQHandler
 .text.I2C1_EV_IRQHandler
                0x08003340        0xc ../../../libDaisy/build\libdaisy.a(i2c.o)
                0x08003340                I2C1_EV_IRQHandler
 .text.I2C2_EV_IRQHandler
                0x0800334c        0xc ../../../libDaisy/build\libdaisy.a(i2c.o)
                0x0800334c                I2C2_EV_IRQHandler
 .text.I2C3_EV_IRQHandler
                0x08003358        0xc ../../../libDaisy/build\libdaisy.a(i2c.o)
                0x08003358                I2C3_EV_IRQHandler
 .text._ZN5daisy9I2CHandle4InitERKNS0_6ConfigE
                0x08003364      0x12c ../../../libDaisy/build\libdaisy.a(i2c.o)
                0x08003364                daisy::I2CHandle::Init(daisy::I2CHandle::Config const&)
 .text._ZN5daisy9I2CHandle16TransmitBlockingEtPhtm
                0x08003490       0x50 ../../../libDaisy/build\libdaisy.a(i2c.o)
                0x08003490                daisy::I2CHandle::TransmitBlocking(unsigned short, unsigned char*, unsigned short, unsigned long)
 .text.startup._GLOBAL__sub_I__ZN5daisy9I2CHandle4Impl10GlobalInitEv
                0x080034e0       0x18 ../../../libDaisy/build\libdaisy.a(i2c.o)
 .text._ZN5daisy10QSPIHandle4Impl11WriteEnableEv
                0x080034f8       0x8c ../../../libDaisy/build\libdaisy.a(qspi.o)
                0x080034f8                daisy::QSPIHandle::Impl::WriteEnable()
 *fill*         0x08003584        0x4 
 .text._ZN5daisy10QSPIHandle4Impl17DummyCyclesConfigENS0_6Config6DeviceE
                0x08003588      0x118 ../../../libDaisy/build\libdaisy.a(qspi.o)
                0x08003588                daisy::QSPIHandle::Impl::DummyCyclesConfig(daisy::QSPIHandle::Config::Device)
 .text._ZN5daisy10QSPIHandle4Impl10QuadEnableEv
                0x080036a0      0x158 ../../../libDaisy/build\libdaisy.a(qspi.o)
                0x080036a0                daisy::QSPIHandle::Impl::QuadEnable()
 .text._ZN5daisy10QSPIHandle4InitERKNS0_6ConfigE
                0x080037f8      0x198 ../../../libDaisy/build\libdaisy.a(qspi.o)
                0x080037f8                daisy::QSPIHandle::Init(daisy::QSPIHandle::Config const&)
 .text.HAL_QSPI_MspInit
                0x08003990      0x11c ../../../libDaisy/build\libdaisy.a(qspi.o)
                0x08003990                HAL_QSPI_MspInit
 .text.HAL_QSPI_MspDeInit
                0x08003aac       0x54 ../../../libDaisy/build\libdaisy.a(qspi.o)
                0x08003aac                HAL_QSPI_MspDeInit
 .text.QUADSPI_IRQHandler
                0x08003b00        0xc ../../../libDaisy/build\libdaisy.a(qspi.o)
                0x08003b00                QUADSPI_IRQHandler
 .text.startup._GLOBAL__sub_I__ZN5daisy10QSPIHandle4Impl4InitERKNS0_6ConfigE
                0x08003b0c       0x28 ../../../libDaisy/build\libdaisy.a(qspi.o)
 .text._ZN5daisy9SaiHandle4Impl7InitDmaENS1_15PeripheralBlockE
                0x08003b34       0xa0 ../../../libDaisy/build\libdaisy.a(sai.o)
                0x08003b34                daisy::SaiHandle::Impl::InitDma(daisy::SaiHandle::Impl::PeripheralBlock)
 .text._ZN5daisy9SaiHandle4Impl8InitPinsEv
                0x08003bd4       0xa8 ../../../libDaisy/build\libdaisy.a(sai.o)
                0x08003bd4                daisy::SaiHandle::Impl::InitPins()
 .text.HAL_SAI_MspInit
                0x08003c7c      0x164 ../../../libDaisy/build\libdaisy.a(sai.o)
                0x08003c7c                HAL_SAI_MspInit
 .text.DMA1_Stream0_IRQHandler
                0x08003de0        0xc ../../../libDaisy/build\libdaisy.a(sai.o)
                0x08003de0                DMA1_Stream0_IRQHandler
 .text.DMA1_Stream1_IRQHandler
                0x08003dec        0xc ../../../libDaisy/build\libdaisy.a(sai.o)
                0x08003dec                DMA1_Stream1_IRQHandler
 .text.DMA1_Stream3_IRQHandler
                0x08003df8        0xc ../../../libDaisy/build\libdaisy.a(sai.o)
                0x08003df8                DMA1_Stream3_IRQHandler
 .text.DMA1_Stream4_IRQHandler
                0x08003e04        0xc ../../../libDaisy/build\libdaisy.a(sai.o)
                0x08003e04                DMA1_Stream4_IRQHandler
 .text.HAL_SAI_RxHalfCpltCallback
                0x08003e10       0x78 ../../../libDaisy/build\libdaisy.a(sai.o)
                0x08003e10                HAL_SAI_RxHalfCpltCallback
 .text.HAL_SAI_RxCpltCallback
                0x08003e88       0x70 ../../../libDaisy/build\libdaisy.a(sai.o)
                0x08003e88                HAL_SAI_RxCpltCallback
 .text._ZN5daisy9SaiHandle4InitERKNS0_6ConfigE
                0x08003ef8      0x1f0 ../../../libDaisy/build\libdaisy.a(sai.o)
                0x08003ef8                daisy::SaiHandle::Init(daisy::SaiHandle::Config const&)
 .text._ZNK5daisy9SaiHandle9GetConfigEv
                0x080040e8        0x4 ../../../libDaisy/build\libdaisy.a(sai.o)
                0x080040e8                daisy::SaiHandle::GetConfig() const
 .text._ZN5daisy9SaiHandle8StartDmaEPlS1_jPFvS1_S1_jE
                0x080040ec       0xbc ../../../libDaisy/build\libdaisy.a(sai.o)
                0x080040ec                daisy::SaiHandle::StartDma(long*, long*, unsigned int, void (*)(long*, long*, unsigned int))
 .text._ZN5daisy9SaiHandle13GetSampleRateEv
                0x080041a8       0x24 ../../../libDaisy/build\libdaisy.a(sai.o)
                0x080041a8                daisy::SaiHandle::GetSampleRate()
 .text._ZNK5daisy9SaiHandle9GetOffsetEv
                0x080041cc        0x8 ../../../libDaisy/build\libdaisy.a(sai.o)
                0x080041cc                daisy::SaiHandle::GetOffset() const
 .text._ZN5daisy11TimerHandleD2Ev
                0x080041d4        0x4 ../../../libDaisy/build\libdaisy.a(system.o)
                0x080041d4                daisy::TimerHandle::~TimerHandle()
                0x080041d4                daisy::TimerHandle::~TimerHandle()
 .text.SysTick_Handler
                0x080041d8       0x10 ../../../libDaisy/build\libdaisy.a(system.o)
                0x080041d8                SysTick_Handler
 .text.OTG_HS_EP1_OUT_IRQHandler
                0x080041e8       0x24 ../../../libDaisy/build\libdaisy.a(system.o)
                0x080041e8                OTG_HS_EP1_OUT_IRQHandler
 .text.OTG_HS_EP1_IN_IRQHandler
                0x0800420c       0x24 ../../../libDaisy/build\libdaisy.a(system.o)
                0x0800420c                OTG_HS_EP1_IN_IRQHandler
 .text.OTG_HS_IRQHandler
                0x08004230       0x24 ../../../libDaisy/build\libdaisy.a(system.o)
                0x08004230                OTG_HS_IRQHandler
 .text.HardFault_Handler
                0x08004254       0xe0 ../../../libDaisy/build\libdaisy.a(system.o)
                0x08004254                HardFault_Handler
 .text._ZN5daisy6System5DelayEm
                0x08004334        0x4 ../../../libDaisy/build\libdaisy.a(system.o)
                0x08004334                daisy::System::Delay(unsigned long)
 .text._ZN5daisy6System20GetBootloaderVersionEv
                0x08004338       0x34 ../../../libDaisy/build\libdaisy.a(system.o)
                0x08004338                daisy::System::GetBootloaderVersion()
 .text._ZN5daisy6System15ConfigureClocksEv
                0x0800436c      0x194 ../../../libDaisy/build\libdaisy.a(system.o)
                0x0800436c                daisy::System::ConfigureClocks()
 .text._ZN5daisy6System12ConfigureMpuEv
                0x08004500       0x7c ../../../libDaisy/build\libdaisy.a(system.o)
                0x08004500                daisy::System::ConfigureMpu()
 .text._ZN5daisy6System4InitERKNS0_6ConfigE
                0x0800457c       0xec ../../../libDaisy/build\libdaisy.a(system.o)
                0x0800457c                daisy::System::Init(daisy::System::Config const&)
 .text._ZN5daisy6System12GetPClk1FreqEv
                0x08004668        0x4 ../../../libDaisy/build\libdaisy.a(system.o)
                0x08004668                daisy::System::GetPClk1Freq()
 .text._ZN5daisy6System22GetProgramMemoryRegionEv
                0x0800466c       0x78 ../../../libDaisy/build\libdaisy.a(system.o)
                0x0800466c                daisy::System::GetProgramMemoryRegion()
 .text.startup._GLOBAL__sub_I__ZN5daisy9boot_infoE
                0x080046e4       0x1c ../../../libDaisy/build\libdaisy.a(system.o)
 .text.SystemInit
                0x08004700       0x9c ../../../libDaisy/build\libdaisy.a(system_stm32h7xx.o)
                0x08004700                SystemInit
 .text.dummy_rx_callback
                0x0800479c        0x4 ../../../libDaisy/build\libdaisy.a(usbd_cdc_if.o)
                0x0800479c                dummy_rx_callback
 .text.CDC_DeInit_FS
                0x080047a0        0x4 ../../../libDaisy/build\libdaisy.a(usbd_cdc_if.o)
 .text.CDC_Receive_FS
                0x080047a4       0x2c ../../../libDaisy/build\libdaisy.a(usbd_cdc_if.o)
 .text.CDC_Receive_HS
                0x080047d0       0x2c ../../../libDaisy/build\libdaisy.a(usbd_cdc_if.o)
 .text.CDC_Init_FS
                0x080047fc       0x3c ../../../libDaisy/build\libdaisy.a(usbd_cdc_if.o)
 .text.CDC_Init_HS
                0x08004838       0x3c ../../../libDaisy/build\libdaisy.a(usbd_cdc_if.o)
 .text.CDC_Control_FS
                0x08004874       0x34 ../../../libDaisy/build\libdaisy.a(usbd_cdc_if.o)
 .text.CDC_Control_HS
                0x080048a8       0x34 ../../../libDaisy/build\libdaisy.a(usbd_cdc_if.o)
 .text.CDC_DeInit_HS
                0x080048dc        0x4 ../../../libDaisy/build\libdaisy.a(usbd_cdc_if.o)
 .text.CDC_Transmit_FS
                0x080048e0       0x2c ../../../libDaisy/build\libdaisy.a(usbd_cdc_if.o)
                0x080048e0                CDC_Transmit_FS
 .text.HAL_PCD_MspInit
                0x0800490c      0x144 ../../../libDaisy/build\libdaisy.a(usbd_conf.o)
                0x0800490c                HAL_PCD_MspInit
 .text.HAL_PCD_SetupStageCallback
                0x08004a50        0xc ../../../libDaisy/build\libdaisy.a(usbd_conf.o)
                0x08004a50                HAL_PCD_SetupStageCallback
 .text.HAL_PCD_DataOutStageCallback
                0x08004a5c       0x14 ../../../libDaisy/build\libdaisy.a(usbd_conf.o)
                0x08004a5c                HAL_PCD_DataOutStageCallback
 .text.HAL_PCD_DataInStageCallback
                0x08004a70       0x14 ../../../libDaisy/build\libdaisy.a(usbd_conf.o)
                0x08004a70                HAL_PCD_DataInStageCallback
 .text.HAL_PCD_SOFCallback
                0x08004a84        0x8 ../../../libDaisy/build\libdaisy.a(usbd_conf.o)
                0x08004a84                HAL_PCD_SOFCallback
 .text.HAL_PCD_ResetCallback
                0x08004a8c       0x24 ../../../libDaisy/build\libdaisy.a(usbd_conf.o)
                0x08004a8c                HAL_PCD_ResetCallback
 .text.HAL_PCD_SuspendCallback
                0x08004ab0       0x30 ../../../libDaisy/build\libdaisy.a(usbd_conf.o)
                0x08004ab0                HAL_PCD_SuspendCallback
 .text.HAL_PCD_ResumeCallback
                0x08004ae0        0x8 ../../../libDaisy/build\libdaisy.a(usbd_conf.o)
                0x08004ae0                HAL_PCD_ResumeCallback
 .text.HAL_PCD_ISOOUTIncompleteCallback
                0x08004ae8        0x8 ../../../libDaisy/build\libdaisy.a(usbd_conf.o)
                0x08004ae8                HAL_PCD_ISOOUTIncompleteCallback
 .text.HAL_PCD_ISOINIncompleteCallback
                0x08004af0        0x8 ../../../libDaisy/build\libdaisy.a(usbd_conf.o)
                0x08004af0                HAL_PCD_ISOINIncompleteCallback
 .text.HAL_PCD_ConnectCallback
                0x08004af8        0x8 ../../../libDaisy/build\libdaisy.a(usbd_conf.o)
                0x08004af8                HAL_PCD_ConnectCallback
 .text.HAL_PCD_DisconnectCallback
                0x08004b00        0x8 ../../../libDaisy/build\libdaisy.a(usbd_conf.o)
                0x08004b00                HAL_PCD_DisconnectCallback
 .text.USBD_LL_Init
                0x08004b08       0xe4 ../../../libDaisy/build\libdaisy.a(usbd_conf.o)
                0x08004b08                USBD_LL_Init
 .text.USBD_LL_Start
                0x08004bec       0x1c ../../../libDaisy/build\libdaisy.a(usbd_conf.o)
                0x08004bec                USBD_LL_Start
 .text.USBD_LL_OpenEP
                0x08004c08       0x24 ../../../libDaisy/build\libdaisy.a(usbd_conf.o)
                0x08004c08                USBD_LL_OpenEP
 .text.USBD_LL_CloseEP
                0x08004c2c       0x1c ../../../libDaisy/build\libdaisy.a(usbd_conf.o)
                0x08004c2c                USBD_LL_CloseEP
 .text.USBD_LL_StallEP
                0x08004c48       0x1c ../../../libDaisy/build\libdaisy.a(usbd_conf.o)
                0x08004c48                USBD_LL_StallEP
 .text.USBD_LL_ClearStallEP
                0x08004c64       0x1c ../../../libDaisy/build\libdaisy.a(usbd_conf.o)
                0x08004c64                USBD_LL_ClearStallEP
 .text.USBD_LL_IsStallEP
                0x08004c80       0x28 ../../../libDaisy/build\libdaisy.a(usbd_conf.o)
                0x08004c80                USBD_LL_IsStallEP
 .text.USBD_LL_SetUSBAddress
                0x08004ca8       0x1c ../../../libDaisy/build\libdaisy.a(usbd_conf.o)
                0x08004ca8                USBD_LL_SetUSBAddress
 .text.USBD_LL_Transmit
                0x08004cc4       0x1c ../../../libDaisy/build\libdaisy.a(usbd_conf.o)
                0x08004cc4                USBD_LL_Transmit
 .text.USBD_LL_PrepareReceive
                0x08004ce0       0x1c ../../../libDaisy/build\libdaisy.a(usbd_conf.o)
                0x08004ce0                USBD_LL_PrepareReceive
 .text.USBD_LL_GetRxDataSize
                0x08004cfc        0x8 ../../../libDaisy/build\libdaisy.a(usbd_conf.o)
                0x08004cfc                USBD_LL_GetRxDataSize
 .text.USBD_HS_DeviceDescriptor
                0x08004d04        0xc ../../../libDaisy/build\libdaisy.a(usbd_desc.o)
                0x08004d04                USBD_HS_DeviceDescriptor
 .text.USBD_FS_DeviceDescriptor
                0x08004d10        0xc ../../../libDaisy/build\libdaisy.a(usbd_desc.o)
                0x08004d10                USBD_FS_DeviceDescriptor
 .text.USBD_FS_LangIDStrDescriptor
                0x08004d1c        0xc ../../../libDaisy/build\libdaisy.a(usbd_desc.o)
                0x08004d1c                USBD_FS_LangIDStrDescriptor
 .text.USBD_FS_ManufacturerStrDescriptor
                0x08004d28       0x1c ../../../libDaisy/build\libdaisy.a(usbd_desc.o)
                0x08004d28                USBD_FS_ManufacturerStrDescriptor
 .text.USBD_HS_ProductStrDescriptor
                0x08004d44       0x1c ../../../libDaisy/build\libdaisy.a(usbd_desc.o)
                0x08004d44                USBD_HS_ProductStrDescriptor
 .text.USBD_FS_ConfigStrDescriptor
                0x08004d60       0x1c ../../../libDaisy/build\libdaisy.a(usbd_desc.o)
                0x08004d60                USBD_FS_ConfigStrDescriptor
 .text.USBD_FS_InterfaceStrDescriptor
                0x08004d7c       0x1c ../../../libDaisy/build\libdaisy.a(usbd_desc.o)
                0x08004d7c                USBD_FS_InterfaceStrDescriptor
 .text.USBD_FS_ProductStrDescriptor
                0x08004d98       0x1c ../../../libDaisy/build\libdaisy.a(usbd_desc.o)
                0x08004d98                USBD_FS_ProductStrDescriptor
 .text.USBD_HS_LangIDStrDescriptor
                0x08004db4        0xc ../../../libDaisy/build\libdaisy.a(usbd_desc.o)
                0x08004db4                USBD_HS_LangIDStrDescriptor
 .text.USBD_HS_ManufacturerStrDescriptor
                0x08004dc0       0x1c ../../../libDaisy/build\libdaisy.a(usbd_desc.o)
                0x08004dc0                USBD_HS_ManufacturerStrDescriptor
 .text.USBD_FS_SerialStrDescriptor
                0x08004ddc      0x124 ../../../libDaisy/build\libdaisy.a(usbd_desc.o)
                0x08004ddc                USBD_FS_SerialStrDescriptor
 .text.USBD_HS_SerialStrDescriptor
                0x08004f00      0x124 ../../../libDaisy/build\libdaisy.a(usbd_desc.o)
                0x08004f00                USBD_HS_SerialStrDescriptor
 .text.USBD_HS_InterfaceStrDescriptor
                0x08005024       0x1c ../../../libDaisy/build\libdaisy.a(usbd_desc.o)
                0x08005024                USBD_HS_InterfaceStrDescriptor
 .text.USBD_HS_ConfigStrDescriptor
                0x08005040       0x1c ../../../libDaisy/build\libdaisy.a(usbd_desc.o)
                0x08005040                USBD_HS_ConfigStrDescriptor
 .text.HAL_HCD_SOF_Callback
                0x0800505c        0x8 ../../../libDaisy/build\libdaisy.a(usbh_conf.o)
                0x0800505c                HAL_HCD_SOF_Callback
 .text.HAL_HCD_Connect_Callback
                0x08005064        0x8 ../../../libDaisy/build\libdaisy.a(usbh_conf.o)
                0x08005064                HAL_HCD_Connect_Callback
 .text.HAL_HCD_Disconnect_Callback
                0x0800506c        0x8 ../../../libDaisy/build\libdaisy.a(usbh_conf.o)
                0x0800506c                HAL_HCD_Disconnect_Callback
 .text.HAL_HCD_HC_NotifyURBChange_Callback
                0x08005074        0x4 ../../../libDaisy/build\libdaisy.a(usbh_conf.o)
                0x08005074                HAL_HCD_HC_NotifyURBChange_Callback
 .text.HAL_HCD_PortEnabled_Callback
                0x08005078        0x8 ../../../libDaisy/build\libdaisy.a(usbh_conf.o)
                0x08005078                HAL_HCD_PortEnabled_Callback
 .text.HAL_HCD_PortDisabled_Callback
                0x08005080        0x8 ../../../libDaisy/build\libdaisy.a(usbh_conf.o)
                0x08005080                HAL_HCD_PortDisabled_Callback
 .text.USBH_LL_Stop
                0x08005088       0x1c ../../../libDaisy/build\libdaisy.a(usbh_conf.o)
                0x08005088                USBH_LL_Stop
 .text.dsy_hal_map_get_port
                0x080050a4       0x10 ../../../libDaisy/build\libdaisy.a(hal_map.o)
                0x080050a4                dsy_hal_map_get_port
 .text.dsy_hal_map_get_pin
                0x080050b4       0x10 ../../../libDaisy/build\libdaisy.a(hal_map.o)
                0x080050b4                dsy_hal_map_get_pin
 .text.dsy_hal_map_gpio_clk_enable
                0x080050c4      0x150 ../../../libDaisy/build\libdaisy.a(hal_map.o)
                0x080050c4                dsy_hal_map_gpio_clk_enable
 .text.HAL_MspInit
                0x08005214        0x4 ../../../libDaisy/build\libdaisy.a(stm32h7xx_hal.o)
                0x08005214                HAL_MspInit
 .text.HAL_InitTick
                0x08005218       0x4c ../../../libDaisy/build\libdaisy.a(stm32h7xx_hal.o)
                0x08005218                HAL_InitTick
 .text.HAL_Init
                0x08005264       0x60 ../../../libDaisy/build\libdaisy.a(stm32h7xx_hal.o)
                0x08005264                HAL_Init
 .text.HAL_IncTick
                0x080052c4       0x18 ../../../libDaisy/build\libdaisy.a(stm32h7xx_hal.o)
                0x080052c4                HAL_IncTick
 .text.HAL_GetTick
                0x080052dc        0xc ../../../libDaisy/build\libdaisy.a(stm32h7xx_hal.o)
                0x080052dc                HAL_GetTick
 .text.HAL_Delay
                0x080052e8       0x24 ../../../libDaisy/build\libdaisy.a(stm32h7xx_hal.o)
                0x080052e8                HAL_Delay
 .text.HAL_GetREVID
                0x0800530c        0xc ../../../libDaisy/build\libdaisy.a(stm32h7xx_hal.o)
                0x0800530c                HAL_GetREVID
 .text.HAL_ADC_ConvHalfCpltCallback
                0x08005318        0x4 ../../../libDaisy/build\libdaisy.a(stm32h7xx_hal_adc.o)
                0x08005318                HAL_ADC_ConvHalfCpltCallback
 .text.ADC_DMAHalfConvCplt
                0x0800531c        0xc ../../../libDaisy/build\libdaisy.a(stm32h7xx_hal_adc.o)
                0x0800531c                ADC_DMAHalfConvCplt
 .text.ADC_DMAConvCplt
                0x08005328       0x6c ../../../libDaisy/build\libdaisy.a(stm32h7xx_hal_adc.o)
                0x08005328                ADC_DMAConvCplt
 .text.ADC_DMAError
                0x08005394       0x1c ../../../libDaisy/build\libdaisy.a(stm32h7xx_hal_adc.o)
                0x08005394                ADC_DMAError
 .text.HAL_ADC_ConfigChannel
                0x080053b0      0x3fc ../../../libDaisy/build\libdaisy.a(stm32h7xx_hal_adc.o)
                0x080053b0                HAL_ADC_ConfigChannel
 .text.ADC_Enable
                0x080057ac       0xac ../../../libDaisy/build\libdaisy.a(stm32h7xx_hal_adc.o)
                0x080057ac                ADC_Enable
 .text.HAL_ADC_Start_DMA
                0x08005858      0x114 ../../../libDaisy/build\libdaisy.a(stm32h7xx_hal_adc.o)
                0x08005858                HAL_ADC_Start_DMA
 .text.ADC_Disable
                0x0800596c       0x68 ../../../libDaisy/build\libdaisy.a(stm32h7xx_hal_adc.o)
                0x0800596c                ADC_Disable
 .text.ADC_ConfigureBoostMode
                0x080059d4      0x184 ../../../libDaisy/build\libdaisy.a(stm32h7xx_hal_adc.o)
                0x080059d4                ADC_ConfigureBoostMode
 .text.HAL_ADC_Init
                0x08005b58      0x218 ../../../libDaisy/build\libdaisy.a(stm32h7xx_hal_adc.o)
                0x08005b58                HAL_ADC_Init
 .text.HAL_ADCEx_Calibration_Start
                0x08005d70       0xa4 ../../../libDaisy/build\libdaisy.a(stm32h7xx_hal_adc_ex.o)
                0x08005d70                HAL_ADCEx_Calibration_Start
 .text.HAL_ADCEx_MultiModeConfigChannel
                0x08005e14       0xc4 ../../../libDaisy/build\libdaisy.a(stm32h7xx_hal_adc_ex.o)
                0x08005e14                HAL_ADCEx_MultiModeConfigChannel
 .text.HAL_NVIC_SetPriorityGrouping
                0x08005ed8       0x24 ../../../libDaisy/build\libdaisy.a(stm32h7xx_hal_cortex.o)
                0x08005ed8                HAL_NVIC_SetPriorityGrouping
 .text.HAL_NVIC_SetPriority
                0x08005efc       0x7c ../../../libDaisy/build\libdaisy.a(stm32h7xx_hal_cortex.o)
                0x08005efc                HAL_NVIC_SetPriority
 .text.HAL_NVIC_EnableIRQ
                0x08005f78       0x1c ../../../libDaisy/build\libdaisy.a(stm32h7xx_hal_cortex.o)
                0x08005f78                HAL_NVIC_EnableIRQ
 .text.HAL_NVIC_DisableIRQ
                0x08005f94       0x28 ../../../libDaisy/build\libdaisy.a(stm32h7xx_hal_cortex.o)
                0x08005f94                HAL_NVIC_DisableIRQ
 .text.HAL_SYSTICK_Config
                0x08005fbc       0x2c ../../../libDaisy/build\libdaisy.a(stm32h7xx_hal_cortex.o)
                0x08005fbc                HAL_SYSTICK_Config
 .text.HAL_MPU_Disable
                0x08005fe8       0x1c ../../../libDaisy/build\libdaisy.a(stm32h7xx_hal_cortex.o)
                0x08005fe8                HAL_MPU_Disable
 .text.HAL_MPU_Enable
                0x08006004       0x20 ../../../libDaisy/build\libdaisy.a(stm32h7xx_hal_cortex.o)
                0x08006004                HAL_MPU_Enable
 .text.HAL_MPU_ConfigRegion
                0x08006024       0x64 ../../../libDaisy/build\libdaisy.a(stm32h7xx_hal_cortex.o)
                0x08006024                HAL_MPU_ConfigRegion
 .text.HAL_SYSTICK_Callback
                0x08006088        0x4 ../../../libDaisy/build\libdaisy.a(stm32h7xx_hal_cortex.o)
                0x08006088                HAL_SYSTICK_Callback
 .text.HAL_SYSTICK_IRQHandler
                0x0800608c        0x8 ../../../libDaisy/build\libdaisy.a(stm32h7xx_hal_cortex.o)
                0x0800608c                HAL_SYSTICK_IRQHandler
 .text.DMA_CalcBaseAndBitshift
                0x08006094       0xf4 ../../../libDaisy/build\libdaisy.a(stm32h7xx_hal_dma.o)
 .text.DMA_CalcDMAMUXChannelBaseAndMask
                0x08006188       0xd8 ../../../libDaisy/build\libdaisy.a(stm32h7xx_hal_dma.o)
 .text.HAL_DMA_Init
                0x08006260      0x37c ../../../libDaisy/build\libdaisy.a(stm32h7xx_hal_dma.o)
                0x08006260                HAL_DMA_Init
 .text.HAL_DMA_Start_IT
                0x080065dc      0x240 ../../../libDaisy/build\libdaisy.a(stm32h7xx_hal_dma.o)
                0x080065dc                HAL_DMA_Start_IT
 .text.HAL_DMA_Abort_IT
                0x0800681c      0x134 ../../../libDaisy/build\libdaisy.a(stm32h7xx_hal_dma.o)
                0x0800681c                HAL_DMA_Abort_IT
 .text.HAL_DMA_IRQHandler
                0x08006950      0x6a0 ../../../libDaisy/build\libdaisy.a(stm32h7xx_hal_dma.o)
                0x08006950                HAL_DMA_IRQHandler
 .text.HAL_DMA_GetError
                0x08006ff0        0x4 ../../../libDaisy/build\libdaisy.a(stm32h7xx_hal_dma.o)
                0x08006ff0                HAL_DMA_GetError
 .text.HAL_GPIO_Init
                0x08006ff4      0x280 ../../../libDaisy/build\libdaisy.a(stm32h7xx_hal_gpio.o)
                0x08006ff4                HAL_GPIO_Init
 .text.HAL_GPIO_DeInit
                0x08007274      0x190 ../../../libDaisy/build\libdaisy.a(stm32h7xx_hal_gpio.o)
                0x08007274                HAL_GPIO_DeInit
 .text.HAL_GPIO_ReadPin
                0x08007404        0xc ../../../libDaisy/build\libdaisy.a(stm32h7xx_hal_gpio.o)
                0x08007404                HAL_GPIO_ReadPin
 .text.HAL_GPIO_WritePin
                0x08007410        0x8 ../../../libDaisy/build\libdaisy.a(stm32h7xx_hal_gpio.o)
                0x08007410                HAL_GPIO_WritePin
 .text.HAL_HCD_IRQHandler
                0x08007418      0x780 ../../../libDaisy/build\libdaisy.a(stm32h7xx_hal_hcd.o)
                0x08007418                HAL_HCD_IRQHandler
 .text.HAL_HCD_Stop
                0x08007b98       0x28 ../../../libDaisy/build\libdaisy.a(stm32h7xx_hal_hcd.o)
                0x08007b98                HAL_HCD_Stop
 .text.I2C_WaitOnTXISFlagUntilTimeout
                0x08007bc0       0xb8 ../../../libDaisy/build\libdaisy.a(stm32h7xx_hal_i2c.o)
 .text.I2C_WaitOnSTOPFlagUntilTimeout
                0x08007c78       0xac ../../../libDaisy/build\libdaisy.a(stm32h7xx_hal_i2c.o)
 .text.HAL_I2C_Init
                0x08007d24       0xac ../../../libDaisy/build\libdaisy.a(stm32h7xx_hal_i2c.o)
                0x08007d24                HAL_I2C_Init
 .text.HAL_I2C_Master_Transmit
                0x08007dd0      0x1a8 ../../../libDaisy/build\libdaisy.a(stm32h7xx_hal_i2c.o)
                0x08007dd0                HAL_I2C_Master_Transmit
 .text.HAL_I2C_Slave_Transmit
                0x08007f78      0x1c8 ../../../libDaisy/build\libdaisy.a(stm32h7xx_hal_i2c.o)
                0x08007f78                HAL_I2C_Slave_Transmit
 .text.HAL_I2C_EV_IRQHandler
                0x08008140       0x10 ../../../libDaisy/build\libdaisy.a(stm32h7xx_hal_i2c.o)
                0x08008140                HAL_I2C_EV_IRQHandler
 .text.HAL_I2C_GetState
                0x08008150        0x8 ../../../libDaisy/build\libdaisy.a(stm32h7xx_hal_i2c.o)
                0x08008150                HAL_I2C_GetState
 .text.HAL_I2CEx_ConfigAnalogFilter
                0x08008158       0x54 ../../../libDaisy/build\libdaisy.a(stm32h7xx_hal_i2c_ex.o)
                0x08008158                HAL_I2CEx_ConfigAnalogFilter
 .text.HAL_I2CEx_ConfigDigitalFilter
                0x080081ac       0x58 ../../../libDaisy/build\libdaisy.a(stm32h7xx_hal_i2c_ex.o)
                0x080081ac                HAL_I2CEx_ConfigDigitalFilter
 .text.HAL_PCD_Init
                0x08008204      0x12c ../../../libDaisy/build\libdaisy.a(stm32h7xx_hal_pcd.o)
                0x08008204                HAL_PCD_Init
 .text.HAL_PCD_Start
                0x08008330       0x44 ../../../libDaisy/build\libdaisy.a(stm32h7xx_hal_pcd.o)
                0x08008330                HAL_PCD_Start
 .text.HAL_PCD_IRQHandler
                0x08008374      0x69c ../../../libDaisy/build\libdaisy.a(stm32h7xx_hal_pcd.o)
                0x08008374                HAL_PCD_IRQHandler
 .text.HAL_PCD_SetAddress
                0x08008a10       0x2c ../../../libDaisy/build\libdaisy.a(stm32h7xx_hal_pcd.o)
                0x08008a10                HAL_PCD_SetAddress
 .text.HAL_PCD_EP_Open
                0x08008a3c       0x7c ../../../libDaisy/build\libdaisy.a(stm32h7xx_hal_pcd.o)
                0x08008a3c                HAL_PCD_EP_Open
 .text.HAL_PCD_EP_Close
                0x08008ab8       0x6c ../../../libDaisy/build\libdaisy.a(stm32h7xx_hal_pcd.o)
                0x08008ab8                HAL_PCD_EP_Close
 .text.HAL_PCD_EP_Receive
                0x08008b24       0x50 ../../../libDaisy/build\libdaisy.a(stm32h7xx_hal_pcd.o)
                0x08008b24                HAL_PCD_EP_Receive
 .text.HAL_PCD_EP_GetRxCount
                0x08008b74       0x14 ../../../libDaisy/build\libdaisy.a(stm32h7xx_hal_pcd.o)
                0x08008b74                HAL_PCD_EP_GetRxCount
 .text.HAL_PCD_EP_Transmit
                0x08008b88       0x50 ../../../libDaisy/build\libdaisy.a(stm32h7xx_hal_pcd.o)
                0x08008b88                HAL_PCD_EP_Transmit
 .text.HAL_PCD_EP_SetStall
                0x08008bd8       0x88 ../../../libDaisy/build\libdaisy.a(stm32h7xx_hal_pcd.o)
                0x08008bd8                HAL_PCD_EP_SetStall
 .text.HAL_PCD_EP_ClrStall
                0x08008c60       0x78 ../../../libDaisy/build\libdaisy.a(stm32h7xx_hal_pcd.o)
                0x08008c60                HAL_PCD_EP_ClrStall
 .text.HAL_PCDEx_SetTxFiFo
                0x08008cd8       0x54 ../../../libDaisy/build\libdaisy.a(stm32h7xx_hal_pcd_ex.o)
                0x08008cd8                HAL_PCDEx_SetTxFiFo
 .text.HAL_PCDEx_SetRxFiFo
                0x08008d2c        0xc ../../../libDaisy/build\libdaisy.a(stm32h7xx_hal_pcd_ex.o)
                0x08008d2c                HAL_PCDEx_SetRxFiFo
 .text.HAL_PCDEx_ActivateLPM
                0x08008d38       0x30 ../../../libDaisy/build\libdaisy.a(stm32h7xx_hal_pcd_ex.o)
                0x08008d38                HAL_PCDEx_ActivateLPM
 .text.HAL_PCDEx_LPM_Callback
                0x08008d68        0x4 ../../../libDaisy/build\libdaisy.a(stm32h7xx_hal_pcd_ex.o)
                0x08008d68                HAL_PCDEx_LPM_Callback
 .text.HAL_PWREx_ConfigSupply
                0x08008d6c       0x4c ../../../libDaisy/build\libdaisy.a(stm32h7xx_hal_pwr_ex.o)
                0x08008d6c                HAL_PWREx_ConfigSupply
 .text.HAL_PWREx_EnableUSBVoltageDetector
                0x08008db8       0x10 ../../../libDaisy/build\libdaisy.a(stm32h7xx_hal_pwr_ex.o)
                0x08008db8                HAL_PWREx_EnableUSBVoltageDetector
 .text.QSPI_Config
                0x08008dc8      0x174 ../../../libDaisy/build\libdaisy.a(stm32h7xx_hal_qspi.o)
 .text.HAL_QSPI_Init
                0x08008f3c       0xd8 ../../../libDaisy/build\libdaisy.a(stm32h7xx_hal_qspi.o)
                0x08008f3c                HAL_QSPI_Init
 .text.HAL_QSPI_DeInit
                0x08009014       0x3c ../../../libDaisy/build\libdaisy.a(stm32h7xx_hal_qspi.o)
                0x08009014                HAL_QSPI_DeInit
 .text.HAL_QSPI_Command
                0x08009050       0xd4 ../../../libDaisy/build\libdaisy.a(stm32h7xx_hal_qspi.o)
                0x08009050                HAL_QSPI_Command
 .text.HAL_QSPI_Transmit
                0x08009124       0xfc ../../../libDaisy/build\libdaisy.a(stm32h7xx_hal_qspi.o)
                0x08009124                HAL_QSPI_Transmit
 .text.HAL_QSPI_Receive
                0x08009220      0x108 ../../../libDaisy/build\libdaisy.a(stm32h7xx_hal_qspi.o)
                0x08009220                HAL_QSPI_Receive
 .text.HAL_QSPI_AutoPolling
                0x08009328       0xf0 ../../../libDaisy/build\libdaisy.a(stm32h7xx_hal_qspi.o)
                0x08009328                HAL_QSPI_AutoPolling
 .text.HAL_QSPI_MemoryMapped
                0x08009418       0xc0 ../../../libDaisy/build\libdaisy.a(stm32h7xx_hal_qspi.o)
                0x08009418                HAL_QSPI_MemoryMapped
 .text.HAL_QSPI_ErrorCallback
                0x080094d8        0x4 ../../../libDaisy/build\libdaisy.a(stm32h7xx_hal_qspi.o)
                0x080094d8                HAL_QSPI_ErrorCallback
 .text.QSPI_DMAAbortCplt
                0x080094dc       0x38 ../../../libDaisy/build\libdaisy.a(stm32h7xx_hal_qspi.o)
 .text.HAL_QSPI_AbortCpltCallback
                0x08009514        0x4 ../../../libDaisy/build\libdaisy.a(stm32h7xx_hal_qspi.o)
                0x08009514                HAL_QSPI_AbortCpltCallback
 .text.HAL_QSPI_CmdCpltCallback
                0x08009518        0x4 ../../../libDaisy/build\libdaisy.a(stm32h7xx_hal_qspi.o)
                0x08009518                HAL_QSPI_CmdCpltCallback
 .text.HAL_QSPI_RxCpltCallback
                0x0800951c        0x4 ../../../libDaisy/build\libdaisy.a(stm32h7xx_hal_qspi.o)
                0x0800951c                HAL_QSPI_RxCpltCallback
 .text.HAL_QSPI_TxCpltCallback
                0x08009520        0x4 ../../../libDaisy/build\libdaisy.a(stm32h7xx_hal_qspi.o)
                0x08009520                HAL_QSPI_TxCpltCallback
 .text.HAL_QSPI_FifoThresholdCallback
                0x08009524        0x4 ../../../libDaisy/build\libdaisy.a(stm32h7xx_hal_qspi.o)
                0x08009524                HAL_QSPI_FifoThresholdCallback
 .text.HAL_QSPI_StatusMatchCallback
                0x08009528        0x4 ../../../libDaisy/build\libdaisy.a(stm32h7xx_hal_qspi.o)
                0x08009528                HAL_QSPI_StatusMatchCallback
 .text.HAL_QSPI_TimeOutCallback
                0x0800952c        0x4 ../../../libDaisy/build\libdaisy.a(stm32h7xx_hal_qspi.o)
                0x0800952c                HAL_QSPI_TimeOutCallback
 .text.HAL_QSPI_IRQHandler
                0x08009530      0x210 ../../../libDaisy/build\libdaisy.a(stm32h7xx_hal_qspi.o)
                0x08009530                HAL_QSPI_IRQHandler
 .text.HAL_RCC_OscConfig
                0x08009740      0x51c ../../../libDaisy/build\libdaisy.a(stm32h7xx_hal_rcc.o)
                0x08009740                HAL_RCC_OscConfig
 .text.HAL_RCC_GetSysClockFreq
                0x08009c5c      0x140 ../../../libDaisy/build\libdaisy.a(stm32h7xx_hal_rcc.o)
                0x08009c5c                HAL_RCC_GetSysClockFreq
 .text.HAL_RCC_ClockConfig
                0x08009d9c      0x234 ../../../libDaisy/build\libdaisy.a(stm32h7xx_hal_rcc.o)
                0x08009d9c                HAL_RCC_ClockConfig
 .text.HAL_RCC_GetHCLKFreq
                0x08009fd0       0x2c ../../../libDaisy/build\libdaisy.a(stm32h7xx_hal_rcc.o)
                0x08009fd0                HAL_RCC_GetHCLKFreq
 .text.HAL_RCC_GetPCLK1Freq
                0x08009ffc       0x38 ../../../libDaisy/build\libdaisy.a(stm32h7xx_hal_rcc.o)
                0x08009ffc                HAL_RCC_GetPCLK1Freq
 .text.HAL_RCC_GetPCLK2Freq
                0x0800a034       0x38 ../../../libDaisy/build\libdaisy.a(stm32h7xx_hal_rcc.o)
                0x0800a034                HAL_RCC_GetPCLK2Freq
 .text.RCCEx_PLL2_Config
                0x0800a06c       0xf4 ../../../libDaisy/build\libdaisy.a(stm32h7xx_hal_rcc_ex.o)
 .text.RCCEx_PLL3_Config
                0x0800a160       0xf4 ../../../libDaisy/build\libdaisy.a(stm32h7xx_hal_rcc_ex.o)
 .text.HAL_RCCEx_PeriphCLKConfig
                0x0800a254      0xa7c ../../../libDaisy/build\libdaisy.a(stm32h7xx_hal_rcc_ex.o)
                0x0800a254                HAL_RCCEx_PeriphCLKConfig
 .text.HAL_RCCEx_GetD3PCLK1Freq
                0x0800acd0       0x24 ../../../libDaisy/build\libdaisy.a(stm32h7xx_hal_rcc_ex.o)
                0x0800acd0                HAL_RCCEx_GetD3PCLK1Freq
 .text.HAL_RCCEx_GetPLL2ClockFreq
                0x0800acf4      0x17c ../../../libDaisy/build\libdaisy.a(stm32h7xx_hal_rcc_ex.o)
                0x0800acf4                HAL_RCCEx_GetPLL2ClockFreq
 .text.HAL_RCCEx_GetPLL3ClockFreq
                0x0800ae70      0x17c ../../../libDaisy/build\libdaisy.a(stm32h7xx_hal_rcc_ex.o)
                0x0800ae70                HAL_RCCEx_GetPLL3ClockFreq
 .text.HAL_RCCEx_GetPLL1ClockFreq
                0x0800afec      0x17c ../../../libDaisy/build\libdaisy.a(stm32h7xx_hal_rcc_ex.o)
                0x0800afec                HAL_RCCEx_GetPLL1ClockFreq
 .text.HAL_RCCEx_GetPeriphCLKFreq
                0x0800b168      0x198 ../../../libDaisy/build\libdaisy.a(stm32h7xx_hal_rcc_ex.o)
                0x0800b168                HAL_RCCEx_GetPeriphCLKFreq
 .text.HAL_RCCEx_GetD1SysClockFreq
                0x0800b300       0x2c ../../../libDaisy/build\libdaisy.a(stm32h7xx_hal_rcc_ex.o)
                0x0800b300                HAL_RCCEx_GetD1SysClockFreq
 .text.HAL_SAI_Init.part.0
                0x0800b32c      0x348 ../../../libDaisy/build\libdaisy.a(stm32h7xx_hal_sai.o)
 .text.HAL_SAI_InitProtocol
                0x0800b674      0x178 ../../../libDaisy/build\libdaisy.a(stm32h7xx_hal_sai.o)
                0x0800b674                HAL_SAI_InitProtocol
 .text.HAL_SAI_Transmit_DMA
                0x0800b7ec      0x124 ../../../libDaisy/build\libdaisy.a(stm32h7xx_hal_sai.o)
                0x0800b7ec                HAL_SAI_Transmit_DMA
 .text.HAL_SAI_Receive_DMA
                0x0800b910       0xd0 ../../../libDaisy/build\libdaisy.a(stm32h7xx_hal_sai.o)
                0x0800b910                HAL_SAI_Receive_DMA
 .text.HAL_SAI_TxCpltCallback
                0x0800b9e0        0x4 ../../../libDaisy/build\libdaisy.a(stm32h7xx_hal_sai.o)
                0x0800b9e0                HAL_SAI_TxCpltCallback
 .text.SAI_DMATxCplt
                0x0800b9e4       0x64 ../../../libDaisy/build\libdaisy.a(stm32h7xx_hal_sai.o)
 .text.HAL_SAI_TxHalfCpltCallback
                0x0800ba48        0x4 ../../../libDaisy/build\libdaisy.a(stm32h7xx_hal_sai.o)
                0x0800ba48                HAL_SAI_TxHalfCpltCallback
 .text.SAI_DMATxHalfCplt
                0x0800ba4c        0xc ../../../libDaisy/build\libdaisy.a(stm32h7xx_hal_sai.o)
 .text.SAI_DMARxCplt
                0x0800ba58       0x64 ../../../libDaisy/build\libdaisy.a(stm32h7xx_hal_sai.o)
 .text.SAI_DMARxHalfCplt
                0x0800babc        0xc ../../../libDaisy/build\libdaisy.a(stm32h7xx_hal_sai.o)
 .text.HAL_SAI_ErrorCallback
                0x0800bac8        0x4 ../../../libDaisy/build\libdaisy.a(stm32h7xx_hal_sai.o)
                0x0800bac8                HAL_SAI_ErrorCallback
 .text.SAI_DMAError
                0x0800bacc       0x6c ../../../libDaisy/build\libdaisy.a(stm32h7xx_hal_sai.o)
 .text.HAL_SDRAM_Init
                0x0800bb38       0x54 ../../../libDaisy/build\libdaisy.a(stm32h7xx_hal_sdram.o)
                0x0800bb38                HAL_SDRAM_Init
 .text.HAL_SDRAM_SendCommand
                0x0800bb8c       0x40 ../../../libDaisy/build\libdaisy.a(stm32h7xx_hal_sdram.o)
                0x0800bb8c                HAL_SDRAM_SendCommand
 .text.HAL_SDRAM_ProgramRefreshRate
                0x0800bbcc       0x30 ../../../libDaisy/build\libdaisy.a(stm32h7xx_hal_sdram.o)
                0x0800bbcc                HAL_SDRAM_ProgramRefreshRate
 .text.FMC_SDRAM_Init
                0x0800bbfc       0x7c ../../../libDaisy/build\libdaisy.a(stm32h7xx_ll_fmc.o)
                0x0800bbfc                FMC_SDRAM_Init
 .text.FMC_SDRAM_Timing_Init
                0x0800bc78       0x98 ../../../libDaisy/build\libdaisy.a(stm32h7xx_ll_fmc.o)
                0x0800bc78                FMC_SDRAM_Timing_Init
 .text.FMC_SDRAM_SendCommand
                0x0800bd10       0x28 ../../../libDaisy/build\libdaisy.a(stm32h7xx_ll_fmc.o)
                0x0800bd10                FMC_SDRAM_SendCommand
 .text.FMC_SDRAM_ProgramRefreshRate
                0x0800bd38       0x1c ../../../libDaisy/build\libdaisy.a(stm32h7xx_ll_fmc.o)
                0x0800bd38                FMC_SDRAM_ProgramRefreshRate
 .text.USB_CoreInit
                0x0800bd54      0x124 ../../../libDaisy/build\libdaisy.a(stm32h7xx_ll_usb.o)
                0x0800bd54                USB_CoreInit
 .text.USB_SetTurnaroundTime
                0x0800be78      0x104 ../../../libDaisy/build\libdaisy.a(stm32h7xx_ll_usb.o)
                0x0800be78                USB_SetTurnaroundTime
 .text.USB_EnableGlobalInt
                0x0800bf7c       0x10 ../../../libDaisy/build\libdaisy.a(stm32h7xx_ll_usb.o)
                0x0800bf7c                USB_EnableGlobalInt
 .text.USB_DisableGlobalInt
                0x0800bf8c       0x10 ../../../libDaisy/build\libdaisy.a(stm32h7xx_ll_usb.o)
                0x0800bf8c                USB_DisableGlobalInt
 .text.USB_SetCurrentMode
                0x0800bf9c       0x30 ../../../libDaisy/build\libdaisy.a(stm32h7xx_ll_usb.o)
                0x0800bf9c                USB_SetCurrentMode
 .text.USB_DevInit
                0x0800bfcc      0x20c ../../../libDaisy/build\libdaisy.a(stm32h7xx_ll_usb.o)
                0x0800bfcc                USB_DevInit
 .text.USB_FlushTxFifo
                0x0800c1d8       0x34 ../../../libDaisy/build\libdaisy.a(stm32h7xx_ll_usb.o)
                0x0800c1d8                USB_FlushTxFifo
 .text.USB_GetDevSpeed
                0x0800c20c       0x24 ../../../libDaisy/build\libdaisy.a(stm32h7xx_ll_usb.o)
                0x0800c20c                USB_GetDevSpeed
 .text.USB_ActivateEndpoint
                0x0800c230       0x90 ../../../libDaisy/build\libdaisy.a(stm32h7xx_ll_usb.o)
                0x0800c230                USB_ActivateEndpoint
 .text.USB_DeactivateEndpoint
                0x0800c2c0       0x84 ../../../libDaisy/build\libdaisy.a(stm32h7xx_ll_usb.o)
                0x0800c2c0                USB_DeactivateEndpoint
 .text.USB_EPStartXfer
                0x0800c344      0x230 ../../../libDaisy/build\libdaisy.a(stm32h7xx_ll_usb.o)
                0x0800c344                USB_EPStartXfer
 .text.USB_EP0StartXfer
                0x0800c574      0x174 ../../../libDaisy/build\libdaisy.a(stm32h7xx_ll_usb.o)
                0x0800c574                USB_EP0StartXfer
 .text.USB_WritePacket
                0x0800c6e8       0x2c ../../../libDaisy/build\libdaisy.a(stm32h7xx_ll_usb.o)
                0x0800c6e8                USB_WritePacket
 .text.USB_ReadPacket
                0x0800c714       0x20 ../../../libDaisy/build\libdaisy.a(stm32h7xx_ll_usb.o)
                0x0800c714                USB_ReadPacket
 .text.USB_EPSetStall
                0x0800c734       0x68 ../../../libDaisy/build\libdaisy.a(stm32h7xx_ll_usb.o)
                0x0800c734                USB_EPSetStall
 .text.USB_EPClearStall
                0x0800c79c       0x58 ../../../libDaisy/build\libdaisy.a(stm32h7xx_ll_usb.o)
                0x0800c79c                USB_EPClearStall
 .text.USB_SetDevAddress
                0x0800c7f4       0x24 ../../../libDaisy/build\libdaisy.a(stm32h7xx_ll_usb.o)
                0x0800c7f4                USB_SetDevAddress
 .text.USB_DevConnect
                0x0800c818       0x1c ../../../libDaisy/build\libdaisy.a(stm32h7xx_ll_usb.o)
                0x0800c818                USB_DevConnect
 .text.USB_DevDisconnect
                0x0800c834       0x1c ../../../libDaisy/build\libdaisy.a(stm32h7xx_ll_usb.o)
                0x0800c834                USB_DevDisconnect
 .text.USB_ReadInterrupts
                0x0800c850       0x14 ../../../libDaisy/build\libdaisy.a(stm32h7xx_ll_usb.o)
                0x0800c850                USB_ReadInterrupts
 .text.USB_ReadDevAllOutEpInterrupt
                0x0800c864       0x1c ../../../libDaisy/build\libdaisy.a(stm32h7xx_ll_usb.o)
                0x0800c864                USB_ReadDevAllOutEpInterrupt
 .text.USB_ReadDevAllInEpInterrupt
                0x0800c880       0x1c ../../../libDaisy/build\libdaisy.a(stm32h7xx_ll_usb.o)
                0x0800c880                USB_ReadDevAllInEpInterrupt
 .text.USB_ReadDevOutEPInterrupt
                0x0800c89c       0x1c ../../../libDaisy/build\libdaisy.a(stm32h7xx_ll_usb.o)
                0x0800c89c                USB_ReadDevOutEPInterrupt
 .text.USB_ReadDevInEPInterrupt
                0x0800c8b8       0x38 ../../../libDaisy/build\libdaisy.a(stm32h7xx_ll_usb.o)
                0x0800c8b8                USB_ReadDevInEPInterrupt
 .text.USB_GetMode
                0x0800c8f0        0x8 ../../../libDaisy/build\libdaisy.a(stm32h7xx_ll_usb.o)
                0x0800c8f0                USB_GetMode
 .text.USB_ActivateSetup
                0x0800c8f8       0x38 ../../../libDaisy/build\libdaisy.a(stm32h7xx_ll_usb.o)
                0x0800c8f8                USB_ActivateSetup
 .text.USB_EP0_OutStart
                0x0800c930       0x58 ../../../libDaisy/build\libdaisy.a(stm32h7xx_ll_usb.o)
                0x0800c930                USB_EP0_OutStart
 .text.USB_InitFSLSPClkSel
                0x0800c988       0x44 ../../../libDaisy/build\libdaisy.a(stm32h7xx_ll_usb.o)
                0x0800c988                USB_InitFSLSPClkSel
 .text.USB_HC_ReadInterrupt
                0x0800c9cc        0x8 ../../../libDaisy/build\libdaisy.a(stm32h7xx_ll_usb.o)
                0x0800c9cc                USB_HC_ReadInterrupt
 .text.USB_HC_Halt
                0x0800c9d4       0xc0 ../../../libDaisy/build\libdaisy.a(stm32h7xx_ll_usb.o)
                0x0800c9d4                USB_HC_Halt
 .text.USB_StopHost
                0x0800ca94      0x2ec ../../../libDaisy/build\libdaisy.a(stm32h7xx_ll_usb.o)
                0x0800ca94                USB_StopHost
 .text.USBD_CDC_EP0_RxReady
                0x0800cd80       0x2c ../../../libDaisy/build\libdaisy.a(usbd_cdc.o)
 .text.USBD_CDC_GetFSCfgDesc
                0x0800cdac       0x24 ../../../libDaisy/build\libdaisy.a(usbd_cdc.o)
 .text.USBD_CDC_GetHSCfgDesc
                0x0800cdd0       0x24 ../../../libDaisy/build\libdaisy.a(usbd_cdc.o)
 .text.USBD_CDC_GetOtherSpeedCfgDesc
                0x0800cdf4       0x24 ../../../libDaisy/build\libdaisy.a(usbd_cdc.o)
 .text.USBD_CDC_GetDeviceQualifierDescriptor
                0x0800ce18       0x10 ../../../libDaisy/build\libdaisy.a(usbd_cdc.o)
                0x0800ce18                USBD_CDC_GetDeviceQualifierDescriptor
 .text.USBD_CDC_DataOut
                0x0800ce28       0x30 ../../../libDaisy/build\libdaisy.a(usbd_cdc.o)
 .text.USBD_CDC_DataIn
                0x0800ce58       0x50 ../../../libDaisy/build\libdaisy.a(usbd_cdc.o)
 .text.USBD_CDC_Setup
                0x0800cea8       0xcc ../../../libDaisy/build\libdaisy.a(usbd_cdc.o)
 .text.USBD_CDC_DeInit
                0x0800cf74       0x44 ../../../libDaisy/build\libdaisy.a(usbd_cdc.o)
 .text.USBD_CDC_Init
                0x0800cfb8       0x94 ../../../libDaisy/build\libdaisy.a(usbd_cdc.o)
 .text.USBD_CDC_RegisterInterface
                0x0800d04c       0x10 ../../../libDaisy/build\libdaisy.a(usbd_cdc.o)
                0x0800d04c                USBD_CDC_RegisterInterface
 .text.USBD_CDC_SetTxBuffer
                0x0800d05c       0x14 ../../../libDaisy/build\libdaisy.a(usbd_cdc.o)
                0x0800d05c                USBD_CDC_SetTxBuffer
 .text.USBD_CDC_SetRxBuffer
                0x0800d070       0x10 ../../../libDaisy/build\libdaisy.a(usbd_cdc.o)
                0x0800d070                USBD_CDC_SetRxBuffer
 .text.USBD_CDC_TransmitPacket
                0x0800d080       0x34 ../../../libDaisy/build\libdaisy.a(usbd_cdc.o)
                0x0800d080                USBD_CDC_TransmitPacket
 .text.USBD_CDC_ReceivePacket
                0x0800d0b4       0x38 ../../../libDaisy/build\libdaisy.a(usbd_cdc.o)
                0x0800d0b4                USBD_CDC_ReceivePacket
 .text.USBD_Init
                0x0800d0ec       0x44 ../../../libDaisy/build\libdaisy.a(usbd_core.o)
                0x0800d0ec                USBD_Init
 .text.USBD_RegisterClass
                0x0800d130       0x2c ../../../libDaisy/build\libdaisy.a(usbd_core.o)
                0x0800d130                USBD_RegisterClass
 .text.USBD_Start
                0x0800d15c        0xc ../../../libDaisy/build\libdaisy.a(usbd_core.o)
                0x0800d15c                USBD_Start
 .text.USBD_SetClassConfig
                0x0800d168       0x14 ../../../libDaisy/build\libdaisy.a(usbd_core.o)
                0x0800d168                USBD_SetClassConfig
 .text.USBD_ClrClassConfig
                0x0800d17c       0x10 ../../../libDaisy/build\libdaisy.a(usbd_core.o)
                0x0800d17c                USBD_ClrClassConfig
 .text.USBD_LL_SetupStage
                0x0800d18c       0x5c ../../../libDaisy/build\libdaisy.a(usbd_core.o)
                0x0800d18c                USBD_LL_SetupStage
 .text.USBD_LL_DataOutStage
                0x0800d1e8       0x7c ../../../libDaisy/build\libdaisy.a(usbd_core.o)
                0x0800d1e8                USBD_LL_DataOutStage
 .text.USBD_LL_DataInStage
                0x0800d264       0xcc ../../../libDaisy/build\libdaisy.a(usbd_core.o)
                0x0800d264                USBD_LL_DataInStage
 .text.USBD_LL_Reset
                0x0800d330       0x50 ../../../libDaisy/build\libdaisy.a(usbd_core.o)
                0x0800d330                USBD_LL_Reset
 .text.USBD_LL_SetSpeed
                0x0800d380        0x8 ../../../libDaisy/build\libdaisy.a(usbd_core.o)
                0x0800d380                USBD_LL_SetSpeed
 .text.USBD_LL_Suspend
                0x0800d388       0x14 ../../../libDaisy/build\libdaisy.a(usbd_core.o)
                0x0800d388                USBD_LL_Suspend
 .text.USBD_LL_Resume
                0x0800d39c       0x10 ../../../libDaisy/build\libdaisy.a(usbd_core.o)
                0x0800d39c                USBD_LL_Resume
 .text.USBD_LL_SOF
                0x0800d3ac       0x1c ../../../libDaisy/build\libdaisy.a(usbd_core.o)
                0x0800d3ac                USBD_LL_SOF
 .text.USBD_LL_IsoINIncomplete
                0x0800d3c8        0x4 ../../../libDaisy/build\libdaisy.a(usbd_core.o)
                0x0800d3c8                USBD_LL_IsoINIncomplete
 .text.USBD_LL_IsoOUTIncomplete
                0x0800d3cc        0x4 ../../../libDaisy/build\libdaisy.a(usbd_core.o)
                0x0800d3cc                USBD_LL_IsoOUTIncomplete
 .text.USBD_LL_DevConnected
                0x0800d3d0        0x4 ../../../libDaisy/build\libdaisy.a(usbd_core.o)
                0x0800d3d0                USBD_LL_DevConnected
 .text.USBD_LL_DevDisconnected
                0x0800d3d4       0x18 ../../../libDaisy/build\libdaisy.a(usbd_core.o)
                0x0800d3d4                USBD_LL_DevDisconnected
 .text.USBD_StdDevReq
                0x0800d3ec      0x304 ../../../libDaisy/build\libdaisy.a(usbd_ctlreq.o)
                0x0800d3ec                USBD_StdDevReq
 .text.USBD_StdItfReq
                0x0800d6f0       0x68 ../../../libDaisy/build\libdaisy.a(usbd_ctlreq.o)
                0x0800d6f0                USBD_StdItfReq
 .text.USBD_StdEPReq
                0x0800d758      0x13c ../../../libDaisy/build\libdaisy.a(usbd_ctlreq.o)
                0x0800d758                USBD_StdEPReq
 .text.USBD_ParseSetupRequest
                0x0800d894       0x28 ../../../libDaisy/build\libdaisy.a(usbd_ctlreq.o)
                0x0800d894                USBD_ParseSetupRequest
 .text.USBD_CtlError
                0x0800d8bc       0x18 ../../../libDaisy/build\libdaisy.a(usbd_ctlreq.o)
                0x0800d8bc                USBD_CtlError
 .text.USBD_GetString
                0x0800d8d4       0x54 ../../../libDaisy/build\libdaisy.a(usbd_ctlreq.o)
                0x0800d8d4                USBD_GetString
 .text.USBD_CtlSendData
                0x0800d928       0x1c ../../../libDaisy/build\libdaisy.a(usbd_ioreq.o)
                0x0800d928                USBD_CtlSendData
 .text.USBD_CtlContinueSendData
                0x0800d944       0x14 ../../../libDaisy/build\libdaisy.a(usbd_ioreq.o)
                0x0800d944                USBD_CtlContinueSendData
 .text.USBD_CtlPrepareRx
                0x0800d958       0x1c ../../../libDaisy/build\libdaisy.a(usbd_ioreq.o)
                0x0800d958                USBD_CtlPrepareRx
 .text.USBD_CtlContinueRx
                0x0800d974       0x14 ../../../libDaisy/build\libdaisy.a(usbd_ioreq.o)
                0x0800d974                USBD_CtlContinueRx
 .text.USBD_CtlSendStatus
                0x0800d988       0x18 ../../../libDaisy/build\libdaisy.a(usbd_ioreq.o)
                0x0800d988                USBD_CtlSendStatus
 .text.USBD_CtlReceiveStatus
                0x0800d9a0       0x18 ../../../libDaisy/build\libdaisy.a(usbd_ioreq.o)
                0x0800d9a0                USBD_CtlReceiveStatus
 .text.USBH_LL_IncTimer
                0x0800d9b8       0x20 ../../../libDaisy/build\libdaisy.a(usbh_core.o)
                0x0800d9b8                USBH_LL_IncTimer
 .text.USBH_LL_PortEnabled
                0x0800d9d8        0x8 ../../../libDaisy/build\libdaisy.a(usbh_core.o)
                0x0800d9d8                USBH_LL_PortEnabled
 .text.USBH_LL_PortDisabled
                0x0800d9e0        0x8 ../../../libDaisy/build\libdaisy.a(usbh_core.o)
                0x0800d9e0                USBH_LL_PortDisabled
 .text.USBH_LL_Connect
                0x0800d9e8       0x18 ../../../libDaisy/build\libdaisy.a(usbh_core.o)
                0x0800d9e8                USBH_LL_Connect
 .text.USBH_LL_Disconnect
                0x0800da00       0x2c ../../../libDaisy/build\libdaisy.a(usbh_core.o)
                0x0800da00                USBH_LL_Disconnect
 .text.USBH_FreePipe
                0x0800da2c       0x18 ../../../libDaisy/build\libdaisy.a(usbh_pipes.o)
                0x0800da2c                USBH_FreePipe
 .text._ZN5daisy6Random4InitEv
                0x0800da44       0x3c ../../../libDaisy/build\libdaisy.a(rng.o)
                0x0800da44                daisy::Random::Init()
 .text._ZN5daisy9SpiHandle4Impl7InitDmaEv
                0x0800da80       0xec ../../../libDaisy/build\libdaisy.a(spi.o)
                0x0800da80                daisy::SpiHandle::Impl::InitDma()
 .text._ZN5daisy9SpiHandle4Impl10StartDmaTxEPhjPFvPvEPFvS3_NS0_6ResultEES3_
                0x0800db6c       0xc8 ../../../libDaisy/build\libdaisy.a(spi.o)
                0x0800db6c                daisy::SpiHandle::Impl::StartDmaTx(unsigned char*, unsigned int, void (*)(void*), void (*)(void*, daisy::SpiHandle::Result), void*)
 .text._ZN5daisy9SpiHandle4Impl10StartDmaRxEPhjPFvPvEPFvS3_NS0_6ResultEES3_
                0x0800dc34       0xc8 ../../../libDaisy/build\libdaisy.a(spi.o)
                0x0800dc34                daisy::SpiHandle::Impl::StartDmaRx(unsigned char*, unsigned int, void (*)(void*), void (*)(void*, daisy::SpiHandle::Result), void*)
 .text._ZN5daisy9SpiHandle4Impl12StartDmaRxTxEPhS2_jPFvPvEPFvS3_NS0_6ResultEES3_
                0x0800dcfc       0xcc ../../../libDaisy/build\libdaisy.a(spi.o)
                0x0800dcfc                daisy::SpiHandle::Impl::StartDmaRxTx(unsigned char*, unsigned char*, unsigned int, void (*)(void*), void (*)(void*, daisy::SpiHandle::Result), void*)
 .text._ZN5daisy9SpiHandle4Impl8InitPinsEv
                0x0800ddc8      0x274 ../../../libDaisy/build\libdaisy.a(spi.o)
                0x0800ddc8                daisy::SpiHandle::Impl::InitPins()
 .text.HAL_SPI_MspInit
                0x0800e03c      0x1a8 ../../../libDaisy/build\libdaisy.a(spi.o)
                0x0800e03c                HAL_SPI_MspInit
 .text.dsy_spi_global_init
                0x0800e1e4       0x80 ../../../libDaisy/build\libdaisy.a(spi.o)
                0x0800e1e4                dsy_spi_global_init
 .text.SPI1_IRQHandler
                0x0800e264        0xc ../../../libDaisy/build\libdaisy.a(spi.o)
                0x0800e264                SPI1_IRQHandler
 .text.SPI2_IRQHandler
                0x0800e270        0xc ../../../libDaisy/build\libdaisy.a(spi.o)
                0x0800e270                SPI2_IRQHandler
 .text.SPI3_IRQHandler
                0x0800e27c        0xc ../../../libDaisy/build\libdaisy.a(spi.o)
                0x0800e27c                SPI3_IRQHandler
 .text.SPI4_IRQHandler
                0x0800e288        0xc ../../../libDaisy/build\libdaisy.a(spi.o)
                0x0800e288                SPI4_IRQHandler
 .text.SPI5_IRQHandler
                0x0800e294        0xc ../../../libDaisy/build\libdaisy.a(spi.o)
                0x0800e294                SPI5_IRQHandler
 .text.DMA2_Stream2_IRQHandler
                0x0800e2a0       0x34 ../../../libDaisy/build\libdaisy.a(spi.o)
                0x0800e2a0                DMA2_Stream2_IRQHandler
 .text.DMA2_Stream3_IRQHandler
                0x0800e2d4       0x38 ../../../libDaisy/build\libdaisy.a(spi.o)
                0x0800e2d4                DMA2_Stream3_IRQHandler
 .text.HAL_SPI_TxCpltCallback
                0x0800e30c       0xc4 ../../../libDaisy/build\libdaisy.a(spi.o)
                0x0800e30c                HAL_SPI_TxCpltCallback
 .text.HAL_SPI_RxCpltCallback
                0x0800e3d0       0xc4 ../../../libDaisy/build\libdaisy.a(spi.o)
                0x0800e3d0                HAL_SPI_RxCpltCallback
 .text.HAL_SPI_TxRxCpltCallback
                0x0800e494       0xc4 ../../../libDaisy/build\libdaisy.a(spi.o)
                0x0800e494                HAL_SPI_TxRxCpltCallback
 .text.HAL_SPI_ErrorCallback
                0x0800e558       0xc8 ../../../libDaisy/build\libdaisy.a(spi.o)
                0x0800e558                HAL_SPI_ErrorCallback
 .text.startup._GLOBAL__sub_I__Z19MapInstanceToHandleP11SPI_TypeDef
                0x0800e620      0x1b0 ../../../libDaisy/build\libdaisy.a(spi.o)
 .text.HAL_TIM_Base_MspInit
                0x0800e7d0      0x1e0 ../../../libDaisy/build\libdaisy.a(tim.o)
                0x0800e7d0                HAL_TIM_Base_MspInit
 .text.HAL_TIM_PeriodElapsedCallback
                0x0800e9b0       0x44 ../../../libDaisy/build\libdaisy.a(tim.o)
                0x0800e9b0                HAL_TIM_PeriodElapsedCallback
 .text.TIM2_IRQHandler
                0x0800e9f4        0xc ../../../libDaisy/build\libdaisy.a(tim.o)
                0x0800e9f4                TIM2_IRQHandler
 .text.TIM3_IRQHandler
                0x0800ea00        0xc ../../../libDaisy/build\libdaisy.a(tim.o)
                0x0800ea00                TIM3_IRQHandler
 .text.TIM4_IRQHandler
                0x0800ea0c        0xc ../../../libDaisy/build\libdaisy.a(tim.o)
                0x0800ea0c                TIM4_IRQHandler
 .text.TIM5_IRQHandler
                0x0800ea18        0xc ../../../libDaisy/build\libdaisy.a(tim.o)
                0x0800ea18                TIM5_IRQHandler
 .text._ZN5daisy11TimerHandle4InitERKNS0_6ConfigE
                0x0800ea24       0xd0 ../../../libDaisy/build\libdaisy.a(tim.o)
                0x0800ea24                daisy::TimerHandle::Init(daisy::TimerHandle::Config const&)
 .text._ZN5daisy11TimerHandle5StartEv
                0x0800eaf4       0x24 ../../../libDaisy/build\libdaisy.a(tim.o)
                0x0800eaf4                daisy::TimerHandle::Start()
 .text.startup._GLOBAL__sub_I__ZN5daisy11TimerHandle4Impl4InitERKNS0_6ConfigE
                0x0800eb18       0x38 ../../../libDaisy/build\libdaisy.a(tim.o)
 .text._ZL20UART_CheckRxListenerPN5daisy11UartHandler4ImplE
                0x0800eb50       0x84 ../../../libDaisy/build\libdaisy.a(uart.o)
 .text._ZN5daisy11UartHandler4Impl10StartDmaTxEPhjPFvPvEPFvS3_NS0_6ResultEES3_
                0x0800ebd4      0x184 ../../../libDaisy/build\libdaisy.a(uart.o)
                0x0800ebd4                daisy::UartHandler::Impl::StartDmaTx(unsigned char*, unsigned int, void (*)(void*), void (*)(void*, daisy::UartHandler::Result), void*)
 .text._ZN5daisy11UartHandler4Impl10StartDmaRxEPhjPFvPvEPFvS3_NS0_6ResultEES3_
                0x0800ed58      0x184 ../../../libDaisy/build\libdaisy.a(uart.o)
                0x0800ed58                daisy::UartHandler::Impl::StartDmaRx(unsigned char*, unsigned int, void (*)(void*), void (*)(void*, daisy::UartHandler::Result), void*)
 .text._ZN5daisy11UartHandler4Impl19DmaTransferFinishedEP20__UART_HandleTypeDefNS0_6ResultE
                0x0800eedc       0xc0 ../../../libDaisy/build\libdaisy.a(uart.o)
                0x0800eedc                daisy::UartHandler::Impl::DmaTransferFinished(__UART_HandleTypeDef*, daisy::UartHandler::Result)
 .text._ZN5daisy11UartHandler4Impl8InitPinsEv
                0x0800ef9c      0x154 ../../../libDaisy/build\libdaisy.a(uart.o)
                0x0800ef9c                daisy::UartHandler::Impl::InitPins()
 .text.HAL_UART_MspInit
                0x0800f0f0      0x210 ../../../libDaisy/build\libdaisy.a(uart.o)
                0x0800f0f0                HAL_UART_MspInit
 .text.dsy_uart_global_init
                0x0800f300      0x110 ../../../libDaisy/build\libdaisy.a(uart.o)
                0x0800f300                dsy_uart_global_init
 .text.USART1_IRQHandler
                0x0800f410       0x2c ../../../libDaisy/build\libdaisy.a(uart.o)
                0x0800f410                USART1_IRQHandler
 .text.USART2_IRQHandler
                0x0800f43c       0x34 ../../../libDaisy/build\libdaisy.a(uart.o)
                0x0800f43c                USART2_IRQHandler
 .text.USART3_IRQHandler
                0x0800f470       0x34 ../../../libDaisy/build\libdaisy.a(uart.o)
                0x0800f470                USART3_IRQHandler
 .text.UART4_IRQHandler
                0x0800f4a4       0x34 ../../../libDaisy/build\libdaisy.a(uart.o)
                0x0800f4a4                UART4_IRQHandler
 .text.UART5_IRQHandler
                0x0800f4d8       0x34 ../../../libDaisy/build\libdaisy.a(uart.o)
                0x0800f4d8                UART5_IRQHandler
 .text.USART6_IRQHandler
                0x0800f50c       0x34 ../../../libDaisy/build\libdaisy.a(uart.o)
                0x0800f50c                USART6_IRQHandler
 .text.UART7_IRQHandler
                0x0800f540       0x34 ../../../libDaisy/build\libdaisy.a(uart.o)
                0x0800f540                UART7_IRQHandler
 .text.UART8_IRQHandler
                0x0800f574       0x34 ../../../libDaisy/build\libdaisy.a(uart.o)
                0x0800f574                UART8_IRQHandler
 .text.LPUART1_IRQHandler
                0x0800f5a8       0x34 ../../../libDaisy/build\libdaisy.a(uart.o)
                0x0800f5a8                LPUART1_IRQHandler
 .text.DMA1_Stream5_IRQHandler
                0x0800f5dc       0x34 ../../../libDaisy/build\libdaisy.a(uart.o)
                0x0800f5dc                DMA1_Stream5_IRQHandler
 .text.DMA2_Stream4_IRQHandler
                0x0800f610       0x38 ../../../libDaisy/build\libdaisy.a(uart.o)
                0x0800f610                DMA2_Stream4_IRQHandler
 .text.HAL_UART_TxCpltCallback
                0x0800f648        0x8 ../../../libDaisy/build\libdaisy.a(uart.o)
                0x0800f648                HAL_UART_TxCpltCallback
 .text.HAL_UART_RxCpltCallback
                0x0800f650       0x94 ../../../libDaisy/build\libdaisy.a(uart.o)
                0x0800f650                HAL_UART_RxCpltCallback
 .text.HAL_UART_RxHalfCpltCallback
                0x0800f6e4       0x90 ../../../libDaisy/build\libdaisy.a(uart.o)
                0x0800f6e4                HAL_UART_RxHalfCpltCallback
 .text.HAL_UART_ErrorCallback
                0x0800f774        0x8 ../../../libDaisy/build\libdaisy.a(uart.o)
                0x0800f774                HAL_UART_ErrorCallback
 .text.startup._GLOBAL__sub_I__Z19MapInstanceToHandleP13USART_TypeDef
                0x0800f77c      0x194 ../../../libDaisy/build\libdaisy.a(uart.o)
 .text.dsy_dma_init
                0x0800f910      0x100 ../../../libDaisy/build\libdaisy.a(dma.o)
                0x0800f910                dsy_dma_init
 .text.dsy_dma_invalidate_cache_for_buffer
                0x0800fa10       0x2c ../../../libDaisy/build\libdaisy.a(dma.o)
                0x0800fa10                dsy_dma_invalidate_cache_for_buffer
 .text.HAL_MDMA_Abort_IT
                0x0800fa3c       0x2c ../../../libDaisy/build\libdaisy.a(stm32h7xx_hal_mdma.o)
                0x0800fa3c                HAL_MDMA_Abort_IT
 .text.SPI_CloseTransfer
                0x0800fa68       0xb8 ../../../libDaisy/build\libdaisy.a(stm32h7xx_hal_spi.o)
 .text.HAL_SPI_Init
                0x0800fb20      0x15c ../../../libDaisy/build\libdaisy.a(stm32h7xx_hal_spi.o)
                0x0800fb20                HAL_SPI_Init
 .text.HAL_SPI_Transmit_DMA
                0x0800fc7c      0x170 ../../../libDaisy/build\libdaisy.a(stm32h7xx_hal_spi.o)
                0x0800fc7c                HAL_SPI_Transmit_DMA
 .text.HAL_SPI_TransmitReceive_DMA
                0x0800fdec      0x218 ../../../libDaisy/build\libdaisy.a(stm32h7xx_hal_spi.o)
                0x0800fdec                HAL_SPI_TransmitReceive_DMA
 .text.HAL_SPI_Receive_DMA
                0x08010004      0x1b4 ../../../libDaisy/build\libdaisy.a(stm32h7xx_hal_spi.o)
                0x08010004                HAL_SPI_Receive_DMA
 .text.SPI_DMATransmitCplt
                0x080101b8       0x28 ../../../libDaisy/build\libdaisy.a(stm32h7xx_hal_spi.o)
 .text.SPI_DMAReceiveCplt
                0x080101e0       0x28 ../../../libDaisy/build\libdaisy.a(stm32h7xx_hal_spi.o)
 .text.SPI_DMATransmitReceiveCplt
                0x08010208       0x28 ../../../libDaisy/build\libdaisy.a(stm32h7xx_hal_spi.o)
 .text.HAL_SPI_TxHalfCpltCallback
                0x08010230        0x4 ../../../libDaisy/build\libdaisy.a(stm32h7xx_hal_spi.o)
                0x08010230                HAL_SPI_TxHalfCpltCallback
 .text.SPI_DMAHalfTransmitCplt
                0x08010234        0xc ../../../libDaisy/build\libdaisy.a(stm32h7xx_hal_spi.o)
 .text.HAL_SPI_RxHalfCpltCallback
                0x08010240        0x4 ../../../libDaisy/build\libdaisy.a(stm32h7xx_hal_spi.o)
                0x08010240                HAL_SPI_RxHalfCpltCallback
 .text.SPI_DMAHalfReceiveCplt
                0x08010244        0xc ../../../libDaisy/build\libdaisy.a(stm32h7xx_hal_spi.o)
 .text.HAL_SPI_TxRxHalfCpltCallback
                0x08010250        0x4 ../../../libDaisy/build\libdaisy.a(stm32h7xx_hal_spi.o)
                0x08010250                HAL_SPI_TxRxHalfCpltCallback
 .text.SPI_DMAHalfTransmitReceiveCplt
                0x08010254        0xc ../../../libDaisy/build\libdaisy.a(stm32h7xx_hal_spi.o)
 .text.SPI_DMAError
                0x08010260       0xd8 ../../../libDaisy/build\libdaisy.a(stm32h7xx_hal_spi.o)
 .text.HAL_SPI_IRQHandler
                0x08010338      0x23c ../../../libDaisy/build\libdaisy.a(stm32h7xx_hal_spi.o)
                0x08010338                HAL_SPI_IRQHandler
 .text.SPI_DMAAbortOnError
                0x08010574       0x1c ../../../libDaisy/build\libdaisy.a(stm32h7xx_hal_spi.o)
 .text.HAL_SPI_GetState
                0x08010590        0x8 ../../../libDaisy/build\libdaisy.a(stm32h7xx_hal_spi.o)
                0x08010590                HAL_SPI_GetState
 .text.HAL_TIM_Base_Init
                0x08010598      0x140 ../../../libDaisy/build\libdaisy.a(stm32h7xx_hal_tim.o)
                0x08010598                HAL_TIM_Base_Init
 .text.HAL_TIM_Base_Start
                0x080106d8       0x34 ../../../libDaisy/build\libdaisy.a(stm32h7xx_hal_tim.o)
                0x080106d8                HAL_TIM_Base_Start
 .text.HAL_TIM_Base_Start_IT
                0x0801070c       0x2c ../../../libDaisy/build\libdaisy.a(stm32h7xx_hal_tim.o)
                0x0801070c                HAL_TIM_Base_Start_IT
 .text.HAL_TIM_ConfigClockSource
                0x08010738      0x17c ../../../libDaisy/build\libdaisy.a(stm32h7xx_hal_tim.o)
                0x08010738                HAL_TIM_ConfigClockSource
 .text.HAL_TIM_OC_DelayElapsedCallback
                0x080108b4        0x4 ../../../libDaisy/build\libdaisy.a(stm32h7xx_hal_tim.o)
                0x080108b4                HAL_TIM_OC_DelayElapsedCallback
 .text.HAL_TIM_IC_CaptureCallback
                0x080108b8        0x4 ../../../libDaisy/build\libdaisy.a(stm32h7xx_hal_tim.o)
                0x080108b8                HAL_TIM_IC_CaptureCallback
 .text.HAL_TIM_PWM_PulseFinishedCallback
                0x080108bc        0x4 ../../../libDaisy/build\libdaisy.a(stm32h7xx_hal_tim.o)
                0x080108bc                HAL_TIM_PWM_PulseFinishedCallback
 .text.HAL_TIM_TriggerCallback
                0x080108c0        0x4 ../../../libDaisy/build\libdaisy.a(stm32h7xx_hal_tim.o)
                0x080108c0                HAL_TIM_TriggerCallback
 .text.HAL_TIM_IRQHandler
                0x080108c4      0x170 ../../../libDaisy/build\libdaisy.a(stm32h7xx_hal_tim.o)
                0x080108c4                HAL_TIM_IRQHandler
 .text.HAL_TIMEx_MasterConfigSynchronization
                0x08010a34       0x64 ../../../libDaisy/build\libdaisy.a(stm32h7xx_hal_tim_ex.o)
                0x08010a34                HAL_TIMEx_MasterConfigSynchronization
 .text.HAL_TIMEx_CommutCallback
                0x08010a98        0x4 ../../../libDaisy/build\libdaisy.a(stm32h7xx_hal_tim_ex.o)
                0x08010a98                HAL_TIMEx_CommutCallback
 .text.HAL_TIMEx_BreakCallback
                0x08010a9c        0x4 ../../../libDaisy/build\libdaisy.a(stm32h7xx_hal_tim_ex.o)
                0x08010a9c                HAL_TIMEx_BreakCallback
 .text.HAL_TIMEx_Break2Callback
                0x08010aa0        0x4 ../../../libDaisy/build\libdaisy.a(stm32h7xx_hal_tim_ex.o)
                0x08010aa0                HAL_TIMEx_Break2Callback
 .text.HAL_UART_Transmit_DMA
                0x08010aa4       0xa4 ../../../libDaisy/build\libdaisy.a(stm32h7xx_hal_uart.o)
                0x08010aa4                HAL_UART_Transmit_DMA
 .text.HAL_UART_Receive_DMA
                0x08010b48       0xac ../../../libDaisy/build\libdaisy.a(stm32h7xx_hal_uart.o)
                0x08010b48                HAL_UART_Receive_DMA
 .text.UART_DMATransmitCplt
                0x08010bf4       0x2c ../../../libDaisy/build\libdaisy.a(stm32h7xx_hal_uart.o)
 .text.HAL_UART_TxHalfCpltCallback
                0x08010c20        0x4 ../../../libDaisy/build\libdaisy.a(stm32h7xx_hal_uart.o)
                0x08010c20                HAL_UART_TxHalfCpltCallback
 .text.UART_DMATxHalfCplt
                0x08010c24        0xc ../../../libDaisy/build\libdaisy.a(stm32h7xx_hal_uart.o)
 .text.UART_DMAReceiveCplt