Archive member included to satisfy reference by file (symbol)

../../../libDaisy/build\libdaisy.a(daisy_seed.o)
                              build/chorus.o (daisy::DaisySeed::Configure())
../../../libDaisy/build\libdaisy.a(codec_ak4556.o)
                              ../../../libDaisy/build\libdaisy.a(daisy_seed.o) (daisy::Ak4556::Init(dsy_gpio_pin))
../../../libDaisy/build\libdaisy.a(codec_wm8731.o)
                              ../../../libDaisy/build\libdaisy.a(daisy_seed.o) (daisy::Wm8731::Init(daisy::Wm8731::Config const&, daisy::I2CHandle))
../../../libDaisy/build\libdaisy.a(sdram.o)
                              ../../../libDaisy/build\libdaisy.a(daisy_seed.o) (SdramHandle::Init())
../../../libDaisy/build\libdaisy.a(audio.o)
                              ../../../libDaisy/build\libdaisy.a(daisy_seed.o) (daisy::AudioHandle::Init(daisy::AudioHandle::Config const&, daisy::SaiHandle))
../../../libDaisy/build\libdaisy.a(gpio.o)
                              ../../../libDaisy/build\libdaisy.a(daisy_seed.o) (daisy::GPIO::Init(daisy::Pin, daisy::GPIO::Mode, daisy::GPIO::Pull, daisy::GPIO::Speed))
../../../libDaisy/build\libdaisy.a(i2c.o)
                              ../../../libDaisy/build\libdaisy.a(daisy_seed.o) (daisy::I2CHandle::Init(daisy::I2CHandle::Config const&))
../../../libDaisy/build\libdaisy.a(qspi.o)
                              ../../../libDaisy/build\libdaisy.a(daisy_seed.o) (daisy::QSPIHandle::Init(daisy::QSPIHandle::Config const&))
../../../libDaisy/build\libdaisy.a(sai.o)
                              ../../../libDaisy/build\libdaisy.a(daisy_seed.o) (daisy::SaiHandle::Init(daisy::SaiHandle::Config const&))
../../../libDaisy/build\libdaisy.a(system.o)
                              ../../../libDaisy/build\libdaisy.a(daisy_seed.o) (daisy::System::DeInit())
../../../libDaisy/build\libdaisy.a(system_stm32h7xx.o)
                              build/startup_stm32h750xx.o (SystemInit)
../../../libDaisy/build\libdaisy.a(usbd_conf.o)
                              ../../../libDaisy/build\libdaisy.a(system.o) (hpcd_USB_OTG_HS)
../../../libDaisy/build\libdaisy.a(usbh_conf.o)
                              ../../../libDaisy/build\libdaisy.a(system.o) (hhcd_USB_OTG_HS)
../../../libDaisy/build\libdaisy.a(hal_map.o)
                              ../../../libDaisy/build\libdaisy.a(gpio.o) (dsy_hal_map_get_port)
../../../libDaisy/build\libdaisy.a(stm32h7xx_hal.o)
                              ../../../libDaisy/build\libdaisy.a(system.o) (HAL_Init)
../../../libDaisy/build\libdaisy.a(stm32h7xx_hal_cortex.o)
                              ../../../libDaisy/build\libdaisy.a(stm32h7xx_hal.o) (HAL_NVIC_SetPriorityGrouping)
../../../libDaisy/build\libdaisy.a(stm32h7xx_hal_dma.o)
                              ../../../libDaisy/build\libdaisy.a(i2c.o) (HAL_DMA_Init)
../../../libDaisy/build\libdaisy.a(stm32h7xx_hal_gpio.o)
                              ../../../libDaisy/build\libdaisy.a(sdram.o) (HAL_GPIO_Init)
../../../libDaisy/build\libdaisy.a(stm32h7xx_hal_hcd.o)
                              ../../../libDaisy/build\libdaisy.a(usbh_conf.o) (HAL_HCD_HC_Init)
../../../libDaisy/build\libdaisy.a(stm32h7xx_hal_i2c.o)
                              ../../../libDaisy/build\libdaisy.a(i2c.o) (HAL_I2C_Init)
../../../libDaisy/build\libdaisy.a(stm32h7xx_hal_i2c_ex.o)
                              ../../../libDaisy/build\libdaisy.a(i2c.o) (HAL_I2CEx_ConfigAnalogFilter)
../../../libDaisy/build\libdaisy.a(stm32h7xx_hal_pcd.o)
                              ../../../libDaisy/build\libdaisy.a(usbd_conf.o) (HAL_PCD_Init)
../../../libDaisy/build\libdaisy.a(stm32h7xx_hal_pcd_ex.o)
                              ../../../libDaisy/build\libdaisy.a(usbd_conf.o) (HAL_PCDEx_SetTxFiFo)
../../../libDaisy/build\libdaisy.a(stm32h7xx_hal_pwr_ex.o)
                              ../../../libDaisy/build\libdaisy.a(system.o) (HAL_PWREx_ConfigSupply)
../../../libDaisy/build\libdaisy.a(stm32h7xx_hal_qspi.o)
                              ../../../libDaisy/build\libdaisy.a(qspi.o) (HAL_QSPI_Init)
../../../libDaisy/build\libdaisy.a(stm32h7xx_hal_rcc.o)
                              ../../../libDaisy/build\libdaisy.a(system.o) (HAL_RCC_OscConfig)
../../../libDaisy/build\libdaisy.a(stm32h7xx_hal_rcc_ex.o)
                              ../../../libDaisy/build\libdaisy.a(system.o) (HAL_RCCEx_PeriphCLKConfig)
../../../libDaisy/build\libdaisy.a(stm32h7xx_hal_sai.o)
                              ../../../libDaisy/build\libdaisy.a(sai.o) (HAL_SAI_InitProtocol)
../../../libDaisy/build\libdaisy.a(stm32h7xx_hal_sdram.o)
                              ../../../libDaisy/build\libdaisy.a(sdram.o) (HAL_SDRAM_Init)
../../../libDaisy/build\libdaisy.a(stm32h7xx_ll_fmc.o)
                              ../../../libDaisy/build\libdaisy.a(stm32h7xx_hal_sdram.o) (FMC_SDRAM_Init)
../../../libDaisy/build\libdaisy.a(stm32h7xx_ll_usb.o)
                              ../../../libDaisy/build\libdaisy.a(stm32h7xx_hal_hcd.o) (USB_CoreInit)
[...]
Memory Configuration

Name             Origin             Length             Attributes
FLASH            0x08000000         0x00020000         xr
DTCMRAM          0x20000000         0x00020000         xrw
SRAM             0x24000000         0x00080000         xrw
RAM_D2           0x30000000         0x00048000         xrw
RAM_D3           0x38000000         0x00010000         xrw
BACKUP_SRAM      0x38800000         0x00001000         xrw
ITCMRAM          0x00000000         0x00010000         xrw
SDRAM            0xc0000000         0x04000000         xrw
QSPIFLASH        0x90000000         0x00800000         xr
*default*        0x00000000         0xffffffff

Linker script and memory map

LOAD c:/program files/daisytoolchain/bin/../lib/gcc/arm-none-eabi/10.2.1/thumb/v7e-m+dp/hard/crti.o
LOAD c:/program files/daisytoolchain/bin/../lib/gcc/arm-none-eabi/10.2.1/thumb/v7e-m+dp/hard/crtbegin.o
LOAD c:/program files/daisytoolchain/bin/../lib/gcc/arm-none-eabi/10.2.1/../../../../arm-none-eabi/lib/thumb/v7e-m+dp/hard/crt0.o
LOAD build/startup_stm32h750xx.o
LOAD build/chorus.o
LOAD ../../../libDaisy/build\libdaisy.a
LOAD c:/program files/daisytoolchain/bin/../lib/gcc/arm-none-eabi/10.2.1/../../../../arm-none-eabi/lib/thumb/v7e-m+dp/hard\libnosys.a
LOAD ../../../DaisySP/build\libdaisysp.a
LOAD c:/program files/daisytoolchain/bin/../lib/gcc/arm-none-eabi/10.2.1/../../../../arm-none-eabi/lib/thumb/v7e-m+dp/hard\libstdc++_nano.a
LOAD c:/program files/daisytoolchain/bin/../lib/gcc/arm-none-eabi/10.2.1/../../../../arm-none-eabi/lib/thumb/v7e-m+dp/hard\libm.a
LOAD c:/program files/daisytoolchain/bin/../lib/gcc/arm-none-eabi/10.2.1/../../../../arm-none-eabi/lib/thumb/v7e-m+dp/hard\libc_nano.a
START GROUP
LOAD c:/program files/daisytoolchain/bin/../lib/gcc/arm-none-eabi/10.2.1/thumb/v7e-m+dp/hard\libgcc.a
LOAD c:/program files/daisytoolchain/bin/../lib/gcc/arm-none-eabi/10.2.1/../../../../arm-none-eabi/lib/thumb/v7e-m+dp/hard\libc_nano.a
END GROUP
START GROUP
LOAD c:/program files/daisytoolchain/bin/../lib/gcc/arm-none-eabi/10.2.1/thumb/v7e-m+dp/hard\libgcc.a
LOAD c:/program files/daisytoolchain/bin/../lib/gcc/arm-none-eabi/10.2.1/../../../../arm-none-eabi/lib/thumb/v7e-m+dp/hard\libc_nano.a
LOAD c:/program files/daisytoolchain/bin/../lib/gcc/arm-none-eabi/10.2.1/../../../../arm-none-eabi/lib/thumb/v7e-m+dp/hard\libnosys.a
END GROUP
START GROUP
LOAD c:/program files/daisytoolchain/bin/../lib/gcc/arm-none-eabi/10.2.1/thumb/v7e-m+dp/hard\libgcc.a
LOAD c:/program files/daisytoolchain/bin/../lib/gcc/arm-none-eabi/10.2.1/../../../../arm-none-eabi/lib/thumb/v7e-m+dp/hard\libc_nano.a
LOAD c:/program files/daisytoolchain/bin/../lib/gcc/arm-none-eabi/10.2.1/../../../../arm-none-eabi/lib/thumb/v7e-m+dp/hard\libnosys.a
END GROUP
LOAD c:/program files/daisytoolchain/bin/../lib/gcc/arm-none-eabi/10.2.1/thumb/v7e-m+dp/hard/crtend.o
LOAD c:/program files/daisytoolchain/bin/../lib/gcc/arm-none-eabi/10.2.1/thumb/v7e-m+dp/hard/crtn.o
                0x20020000                _estack = 0x20020000

.isr_vector     0x08000000      0x298
                0x08000000                . = ALIGN (0x4)
 *(.isr_vector)
 .isr_vector    0x08000000      0x298 build/startup_stm32h750xx.o
                0x08000000                g_pfnVectors
                0x08000298                . = ALIGN (0x4)

.text           0x080002a0    0x13b20
                0x080002a0                . = ALIGN (0x4)
                0x080002a0                _stext = .
 *(.text)
 .text          0x080002a0       0x40 c:/program files/daisytoolchain/bin/../lib/gcc/arm-none-eabi/10.2.1/thumb/v7e-m+dp/hard/crtbegin.o
 .text          0x080002e0       0xa0 c:/program files/daisytoolchain/bin/../lib/gcc/arm-none-eabi/10.2.1/../../../../arm-none-eabi/lib/thumb/v7e-m+dp/hard\libc_nano.a(lib_a-memchr.o)
                0x080002e0                memchr
 .text          0x08000380      0x378 c:/program files/daisytoolchain/bin/../lib/gcc/arm-none-eabi/10.2.1/thumb/v7e-m+dp/hard\libgcc.a(_arm_addsubdf3.o)
                0x08000380                __aeabi_drsub
                0x08000388                __aeabi_dsub
                0x08000388                __subdf3
                0x0800038c                __aeabi_dadd
                0x0800038c                __adddf3
                0x08000604                __floatunsidf
                0x08000604                __aeabi_ui2d
                0x08000624                __floatsidf
                0x08000624                __aeabi_i2d
                0x08000648                __aeabi_f2d
                0x08000648                __extendsfdf2
                0x0800068c                __floatundidf
                0x0800068c                __aeabi_ul2d
                0x0800069c                __floatdidf
                0x0800069c                __aeabi_l2d
 .text          0x080006f8       0x30 c:/program files/daisytoolchain/bin/../lib/gcc/arm-none-eabi/10.2.1/thumb/v7e-m+dp/hard\libgcc.a(_aeabi_uldivmod.o)
                0x080006f8                __aeabi_uldivmod
 .text          0x08000728      0x2d0 c:/program files/daisytoolchain/bin/../lib/gcc/arm-none-eabi/10.2.1/thumb/v7e-m+dp/hard\libgcc.a(_udivmoddi4.o)
                0x08000728                __udivmoddi4
 .text          0x080009f8        0x4 c:/program files/daisytoolchain/bin/../lib/gcc/arm-none-eabi/10.2.1/thumb/v7e-m+dp/hard\libgcc.a(_dvmd_tls.o)
                0x080009f8                __aeabi_idiv0
                0x080009f8                __aeabi_ldiv0
 *(.text*)
 .text.Default_Handler
                0x080009fc        0x4 build/startup_stm32h750xx.o
                0x080009fc                RTC_Alarm_IRQHandler
                0x080009fc                HASH_RNG_IRQHandler
                0x080009fc                EXTI2_IRQHandler
                0x080009fc                TIM8_CC_IRQHandler
                0x080009fc                HRTIM1_Master_IRQHandler
                0x080009fc                DebugMon_Handler
                0x080009fc                TIM1_CC_IRQHandler
                0x080009fc                BDMA_Channel6_IRQHandler
                0x080009fc                DMA2_Stream5_IRQHandler
                0x080009fc                HRTIM1_FLT_IRQHandler
                0x080009fc                JPEG_IRQHandler
                0x080009fc                BDMA_Channel1_IRQHandler
                0x080009fc                HRTIM1_TIMD_IRQHandler
                0x080009fc                TAMP_STAMP_IRQHandler
                0x080009fc                PendSV_Handler
                0x080009fc                NMI_Handler
                0x080009fc                EXTI3_IRQHandler
                0x080009fc                LPTIM4_IRQHandler
                0x080009fc                TIM8_TRG_COM_TIM14_IRQHandler
                0x080009fc                LPTIM2_IRQHandler
                0x080009fc                DFSDM1_FLT1_IRQHandler
                0x080009fc                DMAMUX2_OVR_IRQHandler
                0x080009fc                TIM8_UP_TIM13_IRQHandler
                0x080009fc                I2C3_ER_IRQHandler
                0x080009fc                DFSDM1_FLT2_IRQHandler
                0x080009fc                MDMA_IRQHandler
                0x080009fc                LPTIM3_IRQHandler
                0x080009fc                HSEM1_IRQHandler
                0x080009fc                EXTI0_IRQHandler
                0x080009fc                DMA1_Stream2_IRQHandler
                0x080009fc                FPU_IRQHandler
                0x080009fc                OTG_HS_WKUP_IRQHandler
                0x080009fc                FDCAN1_IT1_IRQHandler
                0x080009fc                UsageFault_Handler
                0x080009fc                LTDC_ER_IRQHandler
                0x080009fc                HRTIM1_TIME_IRQHandler
                0x080009fc                TIM6_DAC_IRQHandler
                0x080009fc                DCMI_IRQHandler
                0x080009fc                HRTIM1_TIMC_IRQHandler
                0x080009fc                SAI2_IRQHandler
                0x080009fc                DFSDM1_FLT3_IRQHandler
                0x080009fc                TIM17_IRQHandler
                0x080009fc                CRYP_IRQHandler
                0x080009fc                BDMA_Channel7_IRQHandler
                0x080009fc                LPTIM5_IRQHandler
                0x080009fc                ADC3_IRQHandler
                0x080009fc                DMA2_Stream0_IRQHandler
                0x080009fc                BDMA_Channel2_IRQHandler
                0x080009fc                DMAMUX1_OVR_IRQHandler
                0x080009fc                TIM16_IRQHandler
                0x080009fc                BDMA_Channel5_IRQHandler
                0x080009fc                RCC_IRQHandler
                0x080009fc                TIM8_BRK_TIM12_IRQHandler
                0x080009fc                TIM1_TRG_COM_IRQHandler
                0x080009fc                Default_Handler
                0x080009fc                ECC_IRQHandler
                0x080009fc                CEC_IRQHandler
                0x080009fc                EXTI15_10_IRQHandler
                0x080009fc                BDMA_Channel0_IRQHandler
                0x080009fc                ADC_IRQHandler
                0x080009fc                DMA1_Stream7_IRQHandler
                0x080009fc                HRTIM1_TIMA_IRQHandler
                0x080009fc                TIM7_IRQHandler
                0x080009fc                SDMMC1_IRQHandler
                0x080009fc                DMA2_Stream7_IRQHandler
                0x080009fc                TIM15_IRQHandler
                0x080009fc                PVD_AVD_IRQHandler
                0x080009fc                EXTI9_5_IRQHandler
                0x080009fc                RTC_WKUP_IRQHandler
                0x080009fc                LTDC_IRQHandler
                0x080009fc                SAI3_IRQHandler
                0x080009fc                ETH_WKUP_IRQHandler
                0x080009fc                SPDIF_RX_IRQHandler
                0x080009fc                MemManage_Handler
                0x080009fc                SVC_Handler
                0x080009fc                CRS_IRQHandler
                0x080009fc                EXTI4_IRQHandler
                0x080009fc                HRTIM1_TIMB_IRQHandler
                0x080009fc                FDCAN2_IT1_IRQHandler
                0x080009fc                ETH_IRQHandler
                0x080009fc                TIM1_UP_IRQHandler
                0x080009fc                BDMA_Channel4_IRQHandler
                0x080009fc                WWDG_IRQHandler
                0x080009fc                SPI6_IRQHandler
                0x080009fc                I2C4_EV_IRQHandler
                0x080009fc                MDIOS_IRQHandler
                0x080009fc                FDCAN2_IT0_IRQHandler
                0x080009fc                FDCAN1_IT0_IRQHandler
                0x080009fc                OTG_FS_WKUP_IRQHandler
                0x080009fc                DMA2D_IRQHandler
                0x080009fc                TIM1_BRK_IRQHandler
                0x080009fc                EXTI1_IRQHandler
                0x080009fc                SDMMC2_IRQHandler
                0x080009fc                OTG_FS_EP1_OUT_IRQHandler
                0x080009fc                BDMA_Channel3_IRQHandler
                0x080009fc                MDIOS_WKUP_IRQHandler
                0x080009fc                DFSDM1_FLT0_IRQHandler
                0x080009fc                SAI4_IRQHandler
                0x080009fc                I2C2_ER_IRQHandler
                0x080009fc                DMA2_Stream1_IRQHandler
                0x080009fc                FLASH_IRQHandler
                0x080009fc                BusFault_Handler
                0x080009fc                OTG_FS_IRQHandler
                0x080009fc                WAKEUP_PIN_IRQHandler
                0x080009fc                OTG_FS_EP1_IN_IRQHandler
                0x080009fc                I2C1_ER_IRQHandler
                0x080009fc                FMC_IRQHandler
                0x080009fc                FDCAN_CAL_IRQHandler
                0x080009fc                SWPMI1_IRQHandler
                0x080009fc                COMP1_IRQHandler
                0x080009fc                LPTIM1_IRQHandler
                0x080009fc                I2C4_ER_IRQHandler
                0x080009fc                DMA2_Stream6_IRQHandler
                0x080009fc                SAI1_IRQHandler
 .text.Reset_Handler
                0x08000a00       0x44 build/startup_stm32h750xx.o
                0x08000a00                Reset_Handler
 .text._ZN5daisy9DaisySeedD2Ev
                0x08000a44        0x4 build/chorus.o
                0x08000a44                daisy::DaisySeed::~DaisySeed()
                0x08000a44                daisy::DaisySeed::~DaisySeed()
 .text._ZN7daisysp14AnalogBassDrumD2Ev
                0x08000a48        0x4 build/chorus.o
                0x08000a48                daisysp::AnalogBassDrum::~AnalogBassDrum()
                0x08000a48                daisysp::AnalogBassDrum::~AnalogBassDrum()
 .text._ZN7daisysp6ChorusD2Ev
                0x08000a4c        0x4 build/chorus.o
                0x08000a4c                daisysp::Chorus::~Chorus()
                0x08000a4c                daisysp::Chorus::~Chorus()
 .text._ZN7daisysp21VariableSawOscillatorD2Ev
                0x08000a50        0x4 build/chorus.o
                0x08000a50                daisysp::VariableSawOscillator::~VariableSawOscillator()
                0x08000a50                daisysp::VariableSawOscillator::~VariableSawOscillator()
 .text._ZN7daisysp5MetroD2Ev
                0x08000a54        0x4 build/chorus.o
                0x08000a54                daisysp::Metro::~Metro()
                0x08000a54                daisysp::Metro::~Metro()
 .text._ZN7daisysp5HiHatINS_11SquareNoiseENS_9LinearVCAELb1EED2Ev
                0x08000a58        0x4 build/chorus.o
                0x08000a58                daisysp::HiHat<daisysp::SquareNoise, daisysp::LinearVCA, true>::~HiHat()
                0x08000a58                daisysp::HiHat<daisysp::SquareNoise, daisysp::LinearVCA, true>::~HiHat()
 *fill*         0x08000a5c        0x4 
 .text.startup.main
                0x08000a60      0x200 build/chorus.o
                0x08000a60                main
 .text._ZN7daisysp5HiHatINS_11SquareNoiseENS_9LinearVCAELb1EE7ProcessEb
                0x08000c60      0x23c build/chorus.o
                0x08000c60                daisysp::HiHat<daisysp::SquareNoise, daisysp::LinearVCA, true>::Process(bool)
 .text._Z12ProcessDrumsv
                0x08000e9c      0x100 build/chorus.o
                0x08000e9c                ProcessDrums()
 .text._Z13AudioCallbackPKPKfPPfj
                0x08000f9c       0x48 build/chorus.o
                0x08000f9c                AudioCallback(float const* const*, float**, unsigned int)
 .text.startup._GLOBAL__sub_I_hw
                0x08000fe4       0x88 build/chorus.o
 .text._ZN5daisy9DaisySeed9ConfigureEv
                0x0800106c        0x4 ../../../libDaisy/build\libdaisy.a(daisy_seed.o)
                0x0800106c                daisy::DaisySeed::Configure()
 .text._ZN5daisy9DaisySeed10StartAudioEPFvPKPKfPPfjE
                0x08001070        0x8 ../../../libDaisy/build\libdaisy.a(daisy_seed.o)
                0x08001070                daisy::DaisySeed::StartAudio(void (*)(float const* const*, float**, unsigned int))
 .text._ZN5daisy9DaisySeed15AudioSampleRateEv
                0x08001078        0x8 ../../../libDaisy/build\libdaisy.a(daisy_seed.o)
                0x08001078                daisy::DaisySeed::AudioSampleRate()
 .text._ZN5daisy9DaisySeed17SetAudioBlockSizeEj
                0x08001080       0x38 ../../../libDaisy/build\libdaisy.a(daisy_seed.o)
                0x08001080                daisy::DaisySeed::SetAudioBlockSize(unsigned int)
 .text._ZN5daisy9DaisySeed17CheckBoardVersionEv
                0x080010b8       0x6c ../../../libDaisy/build\libdaisy.a(daisy_seed.o)
                0x080010b8                daisy::DaisySeed::CheckBoardVersion()
 .text._ZN5daisy9DaisySeed14ConfigureAudioEv
                0x08001124      0x10c ../../../libDaisy/build\libdaisy.a(daisy_seed.o)
                0x08001124                daisy::DaisySeed::ConfigureAudio()
 .text._ZN5daisy9DaisySeed4InitEb
                0x08001230      0x108 ../../../libDaisy/build\libdaisy.a(daisy_seed.o)
                0x08001230                daisy::DaisySeed::Init(bool)
 .text._ZN5daisy6Ak45564InitE12dsy_gpio_pin
                0x08001338       0x44 ../../../libDaisy/build\libdaisy.a(codec_ak4556.o)
                0x08001338                daisy::Ak4556::Init(dsy_gpio_pin)
 .text._ZN5daisy6Wm873120WriteControlRegisterEht
                0x0800137c       0x3c ../../../libDaisy/build\libdaisy.a(codec_wm8731.o)
                0x0800137c                daisy::Wm8731::WriteControlRegister(unsigned char, unsigned short)
 .text._ZN5daisy6Wm87314InitERKNS0_6ConfigENS_9I2CHandleE
                0x080013b8      0x1bc ../../../libDaisy/build\libdaisy.a(codec_wm8731.o)
                0x080013b8                daisy::Wm8731::Init(daisy::Wm8731::Config const&, daisy::I2CHandle)
 .text._ZN11SdramHandle10DeviceInitEv
                0x08001574       0x98 ../../../libDaisy/build\libdaisy.a(sdram.o)
                0x08001574                SdramHandle::DeviceInit()
 .text._ZN11SdramHandle4InitEv
                0x0800160c       0x7c ../../../libDaisy/build\libdaisy.a(sdram.o)
                0x0800160c                SdramHandle::Init()
 .text.HAL_SDRAM_MspInit
                0x08001688      0x1a8 ../../../libDaisy/build\libdaisy.a(sdram.o)
                0x08001688                HAL_SDRAM_MspInit
 .text._ZN5daisy11AudioHandle4Impl16InternalCallbackEPlS2_j
                0x08001830      0xbbc ../../../libDaisy/build\libdaisy.a(audio.o)
                0x08001830                daisy::AudioHandle::Impl::InternalCallback(long*, long*, unsigned int)
 .text._ZN5daisy11AudioHandle4InitERKNS0_6ConfigENS_9SaiHandleE
                0x080023ec       0x70 ../../../libDaisy/build\libdaisy.a(audio.o)
                0x080023ec                daisy::AudioHandle::Init(daisy::AudioHandle::Config const&, daisy::SaiHandle)
 .text._ZNK5daisy11AudioHandle9GetConfigEv
                0x0800245c        0x8 ../../../libDaisy/build\libdaisy.a(audio.o)
                0x0800245c                daisy::AudioHandle::GetConfig() const
 .text._ZN5daisy11AudioHandle12SetBlockSizeEj
                0x08002464       0x1c ../../../libDaisy/build\libdaisy.a(audio.o)
                0x08002464                daisy::AudioHandle::SetBlockSize(unsigned int)
 .text._ZN5daisy11AudioHandle13GetSampleRateEv
                0x08002480        0x8 ../../../libDaisy/build\libdaisy.a(audio.o)
                0x08002480                daisy::AudioHandle::GetSampleRate()
 .text._ZN5daisy11AudioHandle5StartEPFvPKPKfPPfjE
                0x08002488       0x44 ../../../libDaisy/build\libdaisy.a(audio.o)
                0x08002488                daisy::AudioHandle::Start(void (*)(float const* const*, float**, unsigned int))
 .text.startup._GLOBAL__sub_I__ZN5daisy11AudioHandle4Impl4InitENS0_6ConfigENS_9SaiHandleE
                0x080024cc       0x24 ../../../libDaisy/build\libdaisy.a(audio.o)
 .text._ZN5daisy4GPIO4InitENS_3PinENS0_4ModeENS0_4PullENS0_5SpeedE
                0x080024f0      0x1cc ../../../libDaisy/build\libdaisy.a(gpio.o)
                0x080024f0                daisy::GPIO::Init(daisy::Pin, daisy::GPIO::Mode, daisy::GPIO::Pull, daisy::GPIO::Speed)
 .text._ZN5daisy4GPIO4ReadEv
                0x080026bc       0x18 ../../../libDaisy/build\libdaisy.a(gpio.o)
                0x080026bc                daisy::GPIO::Read()
 .text._ZN5daisy4GPIO5WriteEb
                0x080026d4       0x14 ../../../libDaisy/build\libdaisy.a(gpio.o)
                0x080026d4                daisy::GPIO::Write(bool)
 .text.dsy_gpio_init
                0x080026e8      0x1b8 ../../../libDaisy/build\libdaisy.a(gpio.o)
                0x080026e8                dsy_gpio_init
 .text.dsy_gpio_write
                0x080028a0       0x24 ../../../libDaisy/build\libdaisy.a(gpio.o)
                0x080028a0                dsy_gpio_write
 .text._ZN5daisy9I2CHandle4Impl8InitPinsEv
                0x080028c4       0x58 ../../../libDaisy/build\libdaisy.a(i2c.o)
                0x080028c4                daisy::I2CHandle::Impl::InitPins()
 .text.HAL_I2C_MspInit
                0x0800291c      0x1b4 ../../../libDaisy/build\libdaisy.a(i2c.o)
                0x0800291c                HAL_I2C_MspInit
 .text.dsy_i2c_global_init
                0x08002ad0       0x78 ../../../libDaisy/build\libdaisy.a(i2c.o)
                0x08002ad0                dsy_i2c_global_init
 .text.DMA1_Stream6_IRQHandler
                0x08002b48       0x34 ../../../libDaisy/build\libdaisy.a(i2c.o)
                0x08002b48                DMA1_Stream6_IRQHandler
 .text.I2C1_EV_IRQHandler
                0x08002b7c        0xc ../../../libDaisy/build\libdaisy.a(i2c.o)
                0x08002b7c                I2C1_EV_IRQHandler
 .text.I2C2_EV_IRQHandler
                0x08002b88        0xc ../../../libDaisy/build\libdaisy.a(i2c.o)
                0x08002b88                I2C2_EV_IRQHandler
 .text.I2C3_EV_IRQHandler
                0x08002b94        0xc ../../../libDaisy/build\libdaisy.a(i2c.o)
                0x08002b94                I2C3_EV_IRQHandler
 .text._ZN5daisy9I2CHandle4InitERKNS0_6ConfigE
                0x08002ba0      0x12c ../../../libDaisy/build\libdaisy.a(i2c.o)
                0x08002ba0                daisy::I2CHandle::Init(daisy::I2CHandle::Config const&)
 .text._ZN5daisy9I2CHandle16TransmitBlockingEtPhtm
                0x08002ccc       0x50 ../../../libDaisy/build\libdaisy.a(i2c.o)
                0x08002ccc                daisy::I2CHandle::TransmitBlocking(unsigned short, unsigned char*, unsigned short, unsigned long)
 .text.startup._GLOBAL__sub_I__ZN5daisy9I2CHandle4Impl10GlobalInitEv
                0x08002d1c       0x18 ../../../libDaisy/build\libdaisy.a(i2c.o)
 .text._ZN5daisy10QSPIHandle4Impl11WriteEnableEv
                0x08002d34       0x8c ../../../libDaisy/build\libdaisy.a(qspi.o)
                0x08002d34                daisy::QSPIHandle::Impl::WriteEnable()
 .text._ZN5daisy10QSPIHandle4Impl17DummyCyclesConfigENS0_6Config6DeviceE
                0x08002dc0      0x118 ../../../libDaisy/build\libdaisy.a(qspi.o)
                0x08002dc0                daisy::QSPIHandle::Impl::DummyCyclesConfig(daisy::QSPIHandle::Config::Device)
 .text._ZN5daisy10QSPIHandle4Impl10QuadEnableEv
                0x08002ed8      0x158 ../../../libDaisy/build\libdaisy.a(qspi.o)
                0x08002ed8                daisy::QSPIHandle::Impl::QuadEnable()
 .text._ZN5daisy10QSPIHandle4InitERKNS0_6ConfigE
                0x08003030      0x198 ../../../libDaisy/build\libdaisy.a(qspi.o)
                0x08003030                daisy::QSPIHandle::Init(daisy::QSPIHandle::Config const&)
 .text.HAL_QSPI_MspInit
                0x080031c8      0x11c ../../../libDaisy/build\libdaisy.a(qspi.o)
                0x080031c8                HAL_QSPI_MspInit
 .text.HAL_QSPI_MspDeInit
                0x080032e4       0x54 ../../../libDaisy/build\libdaisy.a(qspi.o)
                0x080032e4                HAL_QSPI_MspDeInit
 .text.QUADSPI_IRQHandler
                0x08003338        0xc ../../../libDaisy/build\libdaisy.a(qspi.o)
                0x08003338                QUADSPI_IRQHandler
 .text.startup._GLOBAL__sub_I__ZN5daisy10QSPIHandle4Impl4InitERKNS0_6ConfigE
                0x08003344       0x28 ../../../libDaisy/build\libdaisy.a(qspi.o)
 .text._ZN5daisy9SaiHandle4Impl7InitDmaENS1_15PeripheralBlockE
                0x0800336c       0xa0 ../../../libDaisy/build\libdaisy.a(sai.o)
                0x0800336c                daisy::SaiHandle::Impl::InitDma(daisy::SaiHandle::Impl::PeripheralBlock)
 .text._ZN5daisy9SaiHandle4Impl8InitPinsEv
                0x0800340c       0xa8 ../../../libDaisy/build\libdaisy.a(sai.o)
                0x0800340c                daisy::SaiHandle::Impl::InitPins()
 .text.HAL_SAI_MspInit
                0x080034b4      0x164 ../../../libDaisy/build\libdaisy.a(sai.o)
                0x080034b4                HAL_SAI_MspInit
 .text.DMA1_Stream0_IRQHandler
                0x08003618        0xc ../../../libDaisy/build\libdaisy.a(sai.o)
                0x08003618                DMA1_Stream0_IRQHandler
 .text.DMA1_Stream1_IRQHandler
                0x08003624        0xc ../../../libDaisy/build\libdaisy.a(sai.o)
                0x08003624                DMA1_Stream1_IRQHandler
 .text.DMA1_Stream3_IRQHandler
                0x08003630        0xc ../../../libDaisy/build\libdaisy.a(sai.o)
                0x08003630                DMA1_Stream3_IRQHandler
 .text.DMA1_Stream4_IRQHandler
                0x0800363c        0xc ../../../libDaisy/build\libdaisy.a(sai.o)
                0x0800363c                DMA1_Stream4_IRQHandler
 .text.HAL_SAI_RxHalfCpltCallback
                0x08003648       0x78 ../../../libDaisy/build\libdaisy.a(sai.o)
                0x08003648                HAL_SAI_RxHalfCpltCallback
 .text.HAL_SAI_RxCpltCallback
                0x080036c0       0x70 ../../../libDaisy/build\libdaisy.a(sai.o)
                0x080036c0                HAL_SAI_RxCpltCallback
 .text._ZN5daisy9SaiHandle4InitERKNS0_6ConfigE
                0x08003730      0x1f0 ../../../libDaisy/build\libdaisy.a(sai.o)
                0x08003730                daisy::SaiHandle::Init(daisy::SaiHandle::Config const&)
 .text._ZNK5daisy9SaiHandle9GetConfigEv
                0x08003920        0x4 ../../../libDaisy/build\libdaisy.a(sai.o)
                0x08003920                daisy::SaiHandle::GetConfig() const
 .text._ZN5daisy9SaiHandle8StartDmaEPlS1_jPFvS1_S1_jE
                0x08003924       0xbc ../../../libDaisy/build\libdaisy.a(sai.o)
                0x08003924                daisy::SaiHandle::StartDma(long*, long*, unsigned int, void (*)(long*, long*, unsigned int))
 .text._ZN5daisy9SaiHandle13GetSampleRateEv
                0x080039e0       0x24 ../../../libDaisy/build\libdaisy.a(sai.o)
                0x080039e0                daisy::SaiHandle::GetSampleRate()
 .text._ZNK5daisy9SaiHandle9GetOffsetEv
                0x08003a04        0x8 ../../../libDaisy/build\libdaisy.a(sai.o)
                0x08003a04                daisy::SaiHandle::GetOffset() const
 .text._ZN5daisy11TimerHandleD2Ev
                0x08003a0c        0x4 ../../../libDaisy/build\libdaisy.a(system.o)
                0x08003a0c                daisy::TimerHandle::~TimerHandle()
                0x08003a0c                daisy::TimerHandle::~TimerHandle()
 .text.SysTick_Handler
                0x08003a10       0x10 ../../../libDaisy/build\libdaisy.a(system.o)
                0x08003a10                SysTick_Handler
 .text.OTG_HS_EP1_OUT_IRQHandler
                0x08003a20       0x24 ../../../libDaisy/build\libdaisy.a(system.o)
                0x08003a20                OTG_HS_EP1_OUT_IRQHandler
 .text.OTG_HS_EP1_IN_IRQHandler
                0x08003a44       0x24 ../../../libDaisy/build\libdaisy.a(system.o)
                0x08003a44                OTG_HS_EP1_IN_IRQHandler
 .text.OTG_HS_IRQHandler
                0x08003a68       0x24 ../../../libDaisy/build\libdaisy.a(system.o)
                0x08003a68                OTG_HS_IRQHandler
 .text.HardFault_Handler
                0x08003a8c       0xe0 ../../../libDaisy/build\libdaisy.a(system.o)
                0x08003a8c                HardFault_Handler
 .text._ZN5daisy6System5DelayEm
                0x08003b6c        0x4 ../../../libDaisy/build\libdaisy.a(system.o)
                0x08003b6c                daisy::System::Delay(unsigned long)
 .text._ZN5daisy6System20GetBootloaderVersionEv
                0x08003b70       0x34 ../../../libDaisy/build\libdaisy.a(system.o)
                0x08003b70                daisy::System::GetBootloaderVersion()
 .text._ZN5daisy6System15ConfigureClocksEv
                0x08003ba4      0x194 ../../../libDaisy/build\libdaisy.a(system.o)
                0x08003ba4                daisy::System::ConfigureClocks()
 .text._ZN5daisy6System12ConfigureMpuEv
                0x08003d38       0x7c ../../../libDaisy/build\libdaisy.a(system.o)
                0x08003d38                daisy::System::ConfigureMpu()
 .text._ZN5daisy6System4InitERKNS0_6ConfigE
                0x08003db4       0xec ../../../libDaisy/build\libdaisy.a(system.o)
                0x08003db4                daisy::System::Init(daisy::System::Config const&)
 .text._ZN5daisy6System12GetPClk1FreqEv
                0x08003ea0        0x4 ../../../libDaisy/build\libdaisy.a(system.o)
                0x08003ea0                daisy::System::GetPClk1Freq()
 .text._ZN5daisy6System22GetProgramMemoryRegionEv
                0x08003ea4       0x78 ../../../libDaisy/build\libdaisy.a(system.o)
                0x08003ea4                daisy::System::GetProgramMemoryRegion()
 .text.startup._GLOBAL__sub_I__ZN5daisy9boot_infoE
                0x08003f1c       0x1c ../../../libDaisy/build\libdaisy.a(system.o)
 .text.SystemInit
                0x08003f38       0x9c ../../../libDaisy/build\libdaisy.a(system_stm32h7xx.o)
                0x08003f38                SystemInit
 .text.HAL_PCD_SetupStageCallback
                0x08003fd4        0xc ../../../libDaisy/build\libdaisy.a(usbd_conf.o)
                0x08003fd4                HAL_PCD_SetupStageCallback
 .text.HAL_PCD_DataOutStageCallback
                0x08003fe0       0x14 ../../../libDaisy/build\libdaisy.a(usbd_conf.o)
                0x08003fe0                HAL_PCD_DataOutStageCallback
 .text.HAL_PCD_DataInStageCallback
                0x08003ff4       0x14 ../../../libDaisy/build\libdaisy.a(usbd_conf.o)
                0x08003ff4                HAL_PCD_DataInStageCallback
 .text.HAL_PCD_SOFCallback
                0x08004008        0x8 ../../../libDaisy/build\libdaisy.a(usbd_conf.o)
                0x08004008                HAL_PCD_SOFCallback
 .text.HAL_PCD_ResetCallback
                0x08004010       0x24 ../../../libDaisy/build\libdaisy.a(usbd_conf.o)
                0x08004010                HAL_PCD_ResetCallback
 .text.HAL_PCD_SuspendCallback
                0x08004034       0x30 ../../../libDaisy/build\libdaisy.a(usbd_conf.o)
                0x08004034                HAL_PCD_SuspendCallback
 .text.HAL_PCD_ResumeCallback
                0x08004064        0x8 ../../../libDaisy/build\libdaisy.a(usbd_conf.o)
                0x08004064                HAL_PCD_ResumeCallback
 .text.HAL_PCD_ISOOUTIncompleteCallback
                0x0800406c        0x8 ../../../libDaisy/build\libdaisy.a(usbd_conf.o)
                0x0800406c                HAL_PCD_ISOOUTIncompleteCallback
 .text.HAL_PCD_ISOINIncompleteCallback
                0x08004074        0x8 ../../../libDaisy/build\libdaisy.a(usbd_conf.o)
                0x08004074                HAL_PCD_ISOINIncompleteCallback
 .text.HAL_PCD_ConnectCallback
                0x0800407c        0x8 ../../../libDaisy/build\libdaisy.a(usbd_conf.o)
                0x0800407c                HAL_PCD_ConnectCallback
 .text.HAL_PCD_DisconnectCallback
                0x08004084        0x8 ../../../libDaisy/build\libdaisy.a(usbd_conf.o)
                0x08004084                HAL_PCD_DisconnectCallback
 .text.USBD_LL_OpenEP
                0x0800408c       0x24 ../../../libDaisy/build\libdaisy.a(usbd_conf.o)
                0x0800408c                USBD_LL_OpenEP
 .text.USBD_LL_StallEP
                0x080040b0       0x1c ../../../libDaisy/build\libdaisy.a(usbd_conf.o)
                0x080040b0                USBD_LL_StallEP
 .text.USBD_LL_ClearStallEP
                0x080040cc       0x1c ../../../libDaisy/build\libdaisy.a(usbd_conf.o)
                0x080040cc                USBD_LL_ClearStallEP
 .text.USBD_LL_IsStallEP
                0x080040e8       0x28 ../../../libDaisy/build\libdaisy.a(usbd_conf.o)
                0x080040e8                USBD_LL_IsStallEP
 .text.USBD_LL_SetUSBAddress
                0x08004110       0x1c ../../../libDaisy/build\libdaisy.a(usbd_conf.o)
                0x08004110                USBD_LL_SetUSBAddress
 .text.USBD_LL_Transmit
                0x0800412c       0x1c ../../../libDaisy/build\libdaisy.a(usbd_conf.o)
                0x0800412c                USBD_LL_Transmit
 .text.USBD_LL_PrepareReceive
                0x08004148       0x1c ../../../libDaisy/build\libdaisy.a(usbd_conf.o)
                0x08004148                USBD_LL_PrepareReceive
 .text.HAL_HCD_SOF_Callback
                0x08004164        0x8 ../../../libDaisy/build\libdaisy.a(usbh_conf.o)
                0x08004164                HAL_HCD_SOF_Callback
 .text.HAL_HCD_Connect_Callback
                0x0800416c        0x8 ../../../libDaisy/build\libdaisy.a(usbh_conf.o)
                0x0800416c                HAL_HCD_Connect_Callback
 .text.HAL_HCD_Disconnect_Callback
                0x08004174        0x8 ../../../libDaisy/build\libdaisy.a(usbh_conf.o)
                0x08004174                HAL_HCD_Disconnect_Callback
 .text.HAL_HCD_HC_NotifyURBChange_Callback
                0x0800417c        0x4 ../../../libDaisy/build\libdaisy.a(usbh_conf.o)
                0x0800417c                HAL_HCD_HC_NotifyURBChange_Callback
 .text.HAL_HCD_PortEnabled_Callback
                0x08004180        0x8 ../../../libDaisy/build\libdaisy.a(usbh_conf.o)
                0x08004180                HAL_HCD_PortEnabled_Callback
 .text.HAL_HCD_PortDisabled_Callback
                0x08004188        0x8 ../../../libDaisy/build\libdaisy.a(usbh_conf.o)
                0x08004188                HAL_HCD_PortDisabled_Callback
 .text.USBH_LL_Stop
                0x08004190       0x1c ../../../libDaisy/build\libdaisy.a(usbh_conf.o)
                0x08004190                USBH_LL_Stop
 .text.dsy_hal_map_get_port
                0x080041ac       0x10 ../../../libDaisy/build\libdaisy.a(hal_map.o)
                0x080041ac                dsy_hal_map_get_port
 .text.dsy_hal_map_get_pin
                0x080041bc       0x10 ../../../libDaisy/build\libdaisy.a(hal_map.o)
                0x080041bc                dsy_hal_map_get_pin
 .text.dsy_hal_map_gpio_clk_enable
                0x080041cc      0x150 ../../../libDaisy/build\libdaisy.a(hal_map.o)
                0x080041cc                dsy_hal_map_gpio_clk_enable
 .text.HAL_MspInit
                0x0800431c        0x4 ../../../libDaisy/build\libdaisy.a(stm32h7xx_hal.o)
                0x0800431c                HAL_MspInit
 .text.HAL_InitTick
                0x08004320       0x4c ../../../libDaisy/build\libdaisy.a(stm32h7xx_hal.o)
                0x08004320                HAL_InitTick
 .text.HAL_Init
                0x0800436c       0x60 ../../../libDaisy/build\libdaisy.a(stm32h7xx_hal.o)
                0x0800436c                HAL_Init
 .text.HAL_IncTick
                0x080043cc       0x18 ../../../libDaisy/build\libdaisy.a(stm32h7xx_hal.o)
                0x080043cc                HAL_IncTick
 .text.HAL_GetTick
                0x080043e4        0xc ../../../libDaisy/build\libdaisy.a(stm32h7xx_hal.o)
                0x080043e4                HAL_GetTick
 .text.HAL_Delay
                0x080043f0       0x24 ../../../libDaisy/build\libdaisy.a(stm32h7xx_hal.o)
                0x080043f0                HAL_Delay
 .text.HAL_GetREVID
                0x08004414        0xc ../../../libDaisy/build\libdaisy.a(stm32h7xx_hal.o)
                0x08004414                HAL_GetREVID
 .text.HAL_NVIC_SetPriorityGrouping
                0x08004420       0x24 ../../../libDaisy/build\libdaisy.a(stm32h7xx_hal_cortex.o)
                0x08004420                HAL_NVIC_SetPriorityGrouping
 .text.HAL_NVIC_SetPriority
                0x08004444       0x7c ../../../libDaisy/build\libdaisy.a(stm32h7xx_hal_cortex.o)
                0x08004444                HAL_NVIC_SetPriority
 .text.HAL_NVIC_EnableIRQ
                0x080044c0       0x1c ../../../libDaisy/build\libdaisy.a(stm32h7xx_hal_cortex.o)
                0x080044c0                HAL_NVIC_EnableIRQ
 .text.HAL_NVIC_DisableIRQ
                0x080044dc       0x28 ../../../libDaisy/build\libdaisy.a(stm32h7xx_hal_cortex.o)
                0x080044dc                HAL_NVIC_DisableIRQ
 .text.HAL_SYSTICK_Config
                0x08004504       0x2c ../../../libDaisy/build\libdaisy.a(stm32h7xx_hal_cortex.o)
                0x08004504                HAL_SYSTICK_Config
 .text.HAL_MPU_Disable
                0x08004530       0x1c ../../../libDaisy/build\libdaisy.a(stm32h7xx_hal_cortex.o)
                0x08004530                HAL_MPU_Disable
 .text.HAL_MPU_Enable
                0x0800454c       0x20 ../../../libDaisy/build\libdaisy.a(stm32h7xx_hal_cortex.o)
                0x0800454c                HAL_MPU_Enable
 .text.HAL_MPU_ConfigRegion
                0x0800456c       0x64 ../../../libDaisy/build\libdaisy.a(stm32h7xx_hal_cortex.o)
                0x0800456c                HAL_MPU_ConfigRegion
 .text.HAL_SYSTICK_Callback
                0x080045d0        0x4 ../../../libDaisy/build\libdaisy.a(stm32h7xx_hal_cortex.o)
                0x080045d0                HAL_SYSTICK_Callback
 .text.HAL_SYSTICK_IRQHandler
                0x080045d4        0x8 ../../../libDaisy/build\libdaisy.a(stm32h7xx_hal_cortex.o)
                0x080045d4                HAL_SYSTICK_IRQHandler
 .text.DMA_CalcBaseAndBitshift
                0x080045dc       0xf4 ../../../libDaisy/build\libdaisy.a(stm32h7xx_hal_dma.o)
 .text.DMA_CalcDMAMUXChannelBaseAndMask
                0x080046d0       0xd8 ../../../libDaisy/build\libdaisy.a(stm32h7xx_hal_dma.o)
 .text.HAL_DMA_Init
                0x080047a8      0x37c ../../../libDaisy/build\libdaisy.a(stm32h7xx_hal_dma.o)
                0x080047a8                HAL_DMA_Init
 .text.HAL_DMA_Start_IT
                0x08004b24      0x240 ../../../libDaisy/build\libdaisy.a(stm32h7xx_hal_dma.o)
                0x08004b24                HAL_DMA_Start_IT
 .text.HAL_DMA_Abort_IT
                0x08004d64      0x134 ../../../libDaisy/build\libdaisy.a(stm32h7xx_hal_dma.o)
                0x08004d64                HAL_DMA_Abort_IT
 .text.HAL_DMA_IRQHandler
                0x08004e98      0x6a0 ../../../libDaisy/build\libdaisy.a(stm32h7xx_hal_dma.o)
                0x08004e98                HAL_DMA_IRQHandler
 .text.HAL_DMA_GetError
                0x08005538        0x4 ../../../libDaisy/build\libdaisy.a(stm32h7xx_hal_dma.o)
                0x08005538                HAL_DMA_GetError
 .text.HAL_GPIO_Init
                0x0800553c      0x280 ../../../libDaisy/build\libdaisy.a(stm32h7xx_hal_gpio.o)
                0x0800553c                HAL_GPIO_Init
 .text.HAL_GPIO_DeInit
                0x080057bc      0x190 ../../../libDaisy/build\libdaisy.a(stm32h7xx_hal_gpio.o)
                0x080057bc                HAL_GPIO_DeInit
 .text.HAL_GPIO_ReadPin
                0x0800594c        0xc ../../../libDaisy/build\libdaisy.a(stm32h7xx_hal_gpio.o)
                0x0800594c                HAL_GPIO_ReadPin
 .text.HAL_GPIO_WritePin
                0x08005958        0x8 ../../../libDaisy/build\libdaisy.a(stm32h7xx_hal_gpio.o)
                0x08005958                HAL_GPIO_WritePin
 .text.HAL_HCD_IRQHandler
                0x08005960      0x780 ../../../libDaisy/build\libdaisy.a(stm32h7xx_hal_hcd.o)
                0x08005960                HAL_HCD_IRQHandler
 .text.HAL_HCD_Stop
                0x080060e0       0x28 ../../../libDaisy/build\libdaisy.a(stm32h7xx_hal_hcd.o)
                0x080060e0                HAL_HCD_Stop
 .text.I2C_WaitOnTXISFlagUntilTimeout
                0x08006108       0xb8 ../../../libDaisy/build\libdaisy.a(stm32h7xx_hal_i2c.o)
 .text.I2C_WaitOnSTOPFlagUntilTimeout
                0x080061c0       0xac ../../../libDaisy/build\libdaisy.a(stm32h7xx_hal_i2c.o)
 .text.HAL_I2C_Init
                0x0800626c       0xac ../../../libDaisy/build\libdaisy.a(stm32h7xx_hal_i2c.o)
                0x0800626c                HAL_I2C_Init
 .text.HAL_I2C_Master_Transmit
                0x08006318      0x1a8 ../../../libDaisy/build\libdaisy.a(stm32h7xx_hal_i2c.o)
                0x08006318                HAL_I2C_Master_Transmit
 .text.HAL_I2C_Slave_Transmit
                0x080064c0      0x1c8 ../../../libDaisy/build\libdaisy.a(stm32h7xx_hal_i2c.o)
                0x080064c0                HAL_I2C_Slave_Transmit
 .text.HAL_I2C_EV_IRQHandler
                0x08006688       0x10 ../../../libDaisy/build\libdaisy.a(stm32h7xx_hal_i2c.o)
                0x08006688                HAL_I2C_EV_IRQHandler
 .text.HAL_I2C_GetState
                0x08006698        0x8 ../../../libDaisy/build\libdaisy.a(stm32h7xx_hal_i2c.o)
                0x08006698                HAL_I2C_GetState
 .text.HAL_I2CEx_ConfigAnalogFilter
                0x080066a0       0x54 ../../../libDaisy/build\libdaisy.a(stm32h7xx_hal_i2c_ex.o)
                0x080066a0                HAL_I2CEx_ConfigAnalogFilter
 .text.HAL_I2CEx_ConfigDigitalFilter
                0x080066f4       0x58 ../../../libDaisy/build\libdaisy.a(stm32h7xx_hal_i2c_ex.o)
                0x080066f4                HAL_I2CEx_ConfigDigitalFilter
 .text.HAL_PCD_IRQHandler
                0x0800674c      0x69c ../../../libDaisy/build\libdaisy.a(stm32h7xx_hal_pcd.o)
                0x0800674c                HAL_PCD_IRQHandler
 .text.HAL_PCD_SetAddress
                0x08006de8       0x2c ../../../libDaisy/build\libdaisy.a(stm32h7xx_hal_pcd.o)
                0x08006de8                HAL_PCD_SetAddress
 .text.HAL_PCD_EP_Open
                0x08006e14       0x7c ../../../libDaisy/build\libdaisy.a(stm32h7xx_hal_pcd.o)
                0x08006e14                HAL_PCD_EP_Open
 .text.HAL_PCD_EP_Receive
                0x08006e90       0x50 ../../../libDaisy/build\libdaisy.a(stm32h7xx_hal_pcd.o)
                0x08006e90                HAL_PCD_EP_Receive
 .text.HAL_PCD_EP_Transmit
                0x08006ee0       0x50 ../../../libDaisy/build\libdaisy.a(stm32h7xx_hal_pcd.o)
                0x08006ee0                HAL_PCD_EP_Transmit
 .text.HAL_PCD_EP_SetStall
                0x08006f30       0x88 ../../../libDaisy/build\libdaisy.a(stm32h7xx_hal_pcd.o)
                0x08006f30                HAL_PCD_EP_SetStall
 .text.HAL_PCD_EP_ClrStall
                0x08006fb8       0x78 ../../../libDaisy/build\libdaisy.a(stm32h7xx_hal_pcd.o)
                0x08006fb8                HAL_PCD_EP_ClrStall
 .text.HAL_PCDEx_LPM_Callback
                0x08007030        0x4 ../../../libDaisy/build\libdaisy.a(stm32h7xx_hal_pcd_ex.o)
                0x08007030                HAL_PCDEx_LPM_Callback
 .text.HAL_PWREx_ConfigSupply
                0x08007034       0x4c ../../../libDaisy/build\libdaisy.a(stm32h7xx_hal_pwr_ex.o)
                0x08007034                HAL_PWREx_ConfigSupply
 .text.HAL_PWREx_EnableUSBVoltageDetector
                0x08007080       0x10 ../../../libDaisy/build\libdaisy.a(stm32h7xx_hal_pwr_ex.o)
                0x08007080                HAL_PWREx_EnableUSBVoltageDetector
 .text.QSPI_Config
                0x08007090      0x174 ../../../libDaisy/build\libdaisy.a(stm32h7xx_hal_qspi.o)
 .text.HAL_QSPI_Init
                0x08007204       0xd8 ../../../libDaisy/build\libdaisy.a(stm32h7xx_hal_qspi.o)
                0x08007204                HAL_QSPI_Init
 .text.HAL_QSPI_DeInit
                0x080072dc       0x3c ../../../libDaisy/build\libdaisy.a(stm32h7xx_hal_qspi.o)
                0x080072dc                HAL_QSPI_DeInit
 .text.HAL_QSPI_Command
                0x08007318       0xd4 ../../../libDaisy/build\libdaisy.a(stm32h7xx_hal_qspi.o)
                0x08007318                HAL_QSPI_Command
 .text.HAL_QSPI_Transmit
                0x080073ec       0xfc ../../../libDaisy/build\libdaisy.a(stm32h7xx_hal_qspi.o)
                0x080073ec                HAL_QSPI_Transmit
 .text.HAL_QSPI_Receive
                0x080074e8      0x108 ../../../libDaisy/build\libdaisy.a(stm32h7xx_hal_qspi.o)
                0x080074e8                HAL_QSPI_Receive
 .text.HAL_QSPI_AutoPolling
                0x080075f0       0xf0 ../../../libDaisy/build\libdaisy.a(stm32h7xx_hal_qspi.o)
                0x080075f0                HAL_QSPI_AutoPolling
 .text.HAL_QSPI_MemoryMapped
                0x080076e0       0xc0 ../../../libDaisy/build\libdaisy.a(stm32h7xx_hal_qspi.o)
                0x080076e0                HAL_QSPI_MemoryMapped
 .text.HAL_QSPI_ErrorCallback
                0x080077a0        0x4 ../../../libDaisy/build\libdaisy.a(stm32h7xx_hal_qspi.o)
                0x080077a0                HAL_QSPI_ErrorCallback
 .text.QSPI_DMAAbortCplt
                0x080077a4       0x38 ../../../libDaisy/build\libdaisy.a(stm32h7xx_hal_qspi.o)
 .text.HAL_QSPI_AbortCpltCallback
                0x080077dc        0x4 ../../../libDaisy/build\libdaisy.a(stm32h7xx_hal_qspi.o)
                0x080077dc                HAL_QSPI_AbortCpltCallback
 .text.HAL_QSPI_CmdCpltCallback
                0x080077e0        0x4 ../../../libDaisy/build\libdaisy.a(stm32h7xx_hal_qspi.o)
                0x080077e0                HAL_QSPI_CmdCpltCallback
 .text.HAL_QSPI_RxCpltCallback
                0x080077e4        0x4 ../../../libDaisy/build\libdaisy.a(stm32h7xx_hal_qspi.o)
                0x080077e4                HAL_QSPI_RxCpltCallback
 .text.HAL_QSPI_TxCpltCallback
                0x080077e8        0x4 ../../../libDaisy/build\libdaisy.a(stm32h7xx_hal_qspi.o)
                0x080077e8                HAL_QSPI_TxCpltCallback
 .text.HAL_QSPI_FifoThresholdCallback
                0x080077ec        0x4 ../../../libDaisy/build\libdaisy.a(stm32h7xx_hal_qspi.o)
                0x080077ec                HAL_QSPI_FifoThresholdCallback
 .text.HAL_QSPI_StatusMatchCallback
                0x080077f0        0x4 ../../../libDaisy/build\libdaisy.a(stm32h7xx_hal_qspi.o)
                0x080077f0                HAL_QSPI_StatusMatchCallback
 .text.HAL_QSPI_TimeOutCallback
                0x080077f4        0x4 ../../../libDaisy/build\libdaisy.a(stm32h7xx_hal_qspi.o)
                0x080077f4                HAL_QSPI_TimeOutCallback
 .text.HAL_QSPI_IRQHandler
                0x080077f8      0x210 ../../../libDaisy/build\libdaisy.a(stm32h7xx_hal_qspi.o)
                0x080077f8                HAL_QSPI_IRQHandler
 .text.HAL_RCC_OscConfig
                0x08007a08      0x51c ../../../libDaisy/build\libdaisy.a(stm32h7xx_hal_rcc.o)
                0x08007a08                HAL_RCC_OscConfig
 .text.HAL_RCC_GetSysClockFreq
                0x08007f24      0x140 ../../../libDaisy/build\libdaisy.a(stm32h7xx_hal_rcc.o)
                0x08007f24                HAL_RCC_GetSysClockFreq
 .text.HAL_RCC_ClockConfig
                0x08008064      0x234 ../../../libDaisy/build\libdaisy.a(stm32h7xx_hal_rcc.o)
                0x08008064                HAL_RCC_ClockConfig
 .text.HAL_RCC_GetHCLKFreq
                0x08008298       0x2c ../../../libDaisy/build\libdaisy.a(stm32h7xx_hal_rcc.o)
                0x08008298                HAL_RCC_GetHCLKFreq
 .text.HAL_RCC_GetPCLK1Freq
                0x080082c4       0x38 ../../../libDaisy/build\libdaisy.a(stm32h7xx_hal_rcc.o)
                0x080082c4                HAL_RCC_GetPCLK1Freq
 .text.HAL_RCC_GetPCLK2Freq
                0x080082fc       0x38 ../../../libDaisy/build\libdaisy.a(stm32h7xx_hal_rcc.o)
                0x080082fc                HAL_RCC_GetPCLK2Freq
 .text.RCCEx_PLL2_Config
                0x08008334       0xf4 ../../../libDaisy/build\libdaisy.a(stm32h7xx_hal_rcc_ex.o)
 .text.RCCEx_PLL3_Config
                0x08008428       0xf4 ../../../libDaisy/build\libdaisy.a(stm32h7xx_hal_rcc_ex.o)
 .text.HAL_RCCEx_PeriphCLKConfig
                0x0800851c      0xa7c ../../../libDaisy/build\libdaisy.a(stm32h7xx_hal_rcc_ex.o)
                0x0800851c                HAL_RCCEx_PeriphCLKConfig
 .text.HAL_RCCEx_GetD3PCLK1Freq
                0x08008f98       0x24 ../../../libDaisy/build\libdaisy.a(stm32h7xx_hal_rcc_ex.o)
                0x08008f98                HAL_RCCEx_GetD3PCLK1Freq
 .text.HAL_RCCEx_GetPLL2ClockFreq
                0x08008fbc      0x17c ../../../libDaisy/build\libdaisy.a(stm32h7xx_hal_rcc_ex.o)
                0x08008fbc                HAL_RCCEx_GetPLL2ClockFreq
 .text.HAL_RCCEx_GetPLL3ClockFreq
                0x08009138      0x17c ../../../libDaisy/build\libdaisy.a(stm32h7xx_hal_rcc_ex.o)
                0x08009138                HAL_RCCEx_GetPLL3ClockFreq
 .text.HAL_RCCEx_GetPLL1ClockFreq
                0x080092b4      0x17c ../../../libDaisy/build\libdaisy.a(stm32h7xx_hal_rcc_ex.o)
                0x080092b4                HAL_RCCEx_GetPLL1ClockFreq
 .text.HAL_RCCEx_GetPeriphCLKFreq
                0x08009430      0x198 ../../../libDaisy/build\libdaisy.a(stm32h7xx_hal_rcc_ex.o)
                0x08009430                HAL_RCCEx_GetPeriphCLKFreq
 .text.HAL_RCCEx_GetD1SysClockFreq
                0x080095c8       0x2c ../../../libDaisy/build\libdaisy.a(stm32h7xx_hal_rcc_ex.o)
                0x080095c8                HAL_RCCEx_GetD1SysClockFreq
 .text.HAL_SAI_Init.part.0
                0x080095f4      0x348 ../../../libDaisy/build\libdaisy.a(stm32h7xx_hal_sai.o)
 .text.HAL_SAI_InitProtocol
                0x0800993c      0x178 ../../../libDaisy/build\libdaisy.a(stm32h7xx_hal_sai.o)
                0x0800993c                HAL_SAI_InitProtocol
 .text.HAL_SAI_Transmit_DMA
                0x08009ab4      0x124 ../../../libDaisy/build\libdaisy.a(stm32h7xx_hal_sai.o)
                0x08009ab4                HAL_SAI_Transmit_DMA
 .text.HAL_SAI_Receive_DMA
                0x08009bd8       0xd0 ../../../libDaisy/build\libdaisy.a(stm32h7xx_hal_sai.o)
                0x08009bd8                HAL_SAI_Receive_DMA
 .text.HAL_SAI_TxCpltCallback
                0x08009ca8        0x4 ../../../libDaisy/build\libdaisy.a(stm32h7xx_hal_sai.o)
                0x08009ca8                HAL_SAI_TxCpltCallback
 .text.SAI_DMATxCplt
                0x08009cac       0x64 ../../../libDaisy/build\libdaisy.a(stm32h7xx_hal_sai.o)
 .text.HAL_SAI_TxHalfCpltCallback
                0x08009d10        0x4 ../../../libDaisy/build\libdaisy.a(stm32h7xx_hal_sai.o)
                0x08009d10                HAL_SAI_TxHalfCpltCallback
 .text.SAI_DMATxHalfCplt
                0x08009d14        0xc ../../../libDaisy/build\libdaisy.a(stm32h7xx_hal_sai.o)
 .text.SAI_DMARxCplt
                0x08009d20       0x64 ../../../libDaisy/build\libdaisy.a(stm32h7xx_hal_sai.o)
 .text.SAI_DMARxHalfCplt
                0x08009d84        0xc ../../../libDaisy/build\libdaisy.a(stm32h7xx_hal_sai.o)
 .text.HAL_SAI_ErrorCallback
                0x08009d90        0x4 ../../../libDaisy/build\libdaisy.a(stm32h7xx_hal_sai.o)
                0x08009d90                HAL_SAI_ErrorCallback
 .text.SAI_DMAError
                0x08009d94       0x6c ../../../libDaisy/build\libdaisy.a(stm32h7xx_hal_sai.o)
 .text.HAL_SDRAM_Init
                0x08009e00       0x54 ../../../libDaisy/build\libdaisy.a(stm32h7xx_hal_sdram.o)
                0x08009e00                HAL_SDRAM_Init
 .text.HAL_SDRAM_SendCommand
                0x08009e54       0x40 ../../../libDaisy/build\libdaisy.a(stm32h7xx_hal_sdram.o)
                0x08009e54                HAL_SDRAM_SendCommand
 .text.HAL_SDRAM_ProgramRefreshRate
                0x08009e94       0x30 ../../../libDaisy/build\libdaisy.a(stm32h7xx_hal_sdram.o)
                0x08009e94                HAL_SDRAM_ProgramRefreshRate
 .text.FMC_SDRAM_Init
                0x08009ec4       0x7c ../../../libDaisy/build\libdaisy.a(stm32h7xx_ll_fmc.o)
                0x08009ec4                FMC_SDRAM_Init
 .text.FMC_SDRAM_Timing_Init
                0x08009f40       0x98 ../../../libDaisy/build\libdaisy.a(stm32h7xx_ll_fmc.o)
                0x08009f40                FMC_SDRAM_Timing_Init
 .text.FMC_SDRAM_SendCommand
                0x08009fd8       0x28 ../../../libDaisy/build\libdaisy.a(stm32h7xx_ll_fmc.o)
                0x08009fd8                FMC_SDRAM_SendCommand
 .text.FMC_SDRAM_ProgramRefreshRate
                0x0800a000       0x1c ../../../libDaisy/build\libdaisy.a(stm32h7xx_ll_fmc.o)
                0x0800a000                FMC_SDRAM_ProgramRefreshRate
 .text.USB_SetTurnaroundTime
                0x0800a01c      0x104 ../../../libDaisy/build\libdaisy.a(stm32h7xx_ll_usb.o)
                0x0800a01c                USB_SetTurnaroundTime
 .text.USB_FlushTxFifo
                0x0800a120       0x34 ../../../libDaisy/build\libdaisy.a(stm32h7xx_ll_usb.o)
                0x0800a120                USB_FlushTxFifo
 .text.USB_GetDevSpeed
                0x0800a154       0x24 ../../../libDaisy/build\libdaisy.a(stm32h7xx_ll_usb.o)
                0x0800a154                USB_GetDevSpeed
 .text.USB_ActivateEndpoint
                0x0800a178       0x90 ../../../libDaisy/build\libdaisy.a(stm32h7xx_ll_usb.o)
                0x0800a178                USB_ActivateEndpoint
 .text.USB_EPStartXfer
                0x0800a208      0x230 ../../../libDaisy/build\libdaisy.a(stm32h7xx_ll_usb.o)
                0x0800a208                USB_EPStartXfer
 .text.USB_EP0StartXfer
                0x0800a438      0x174 ../../../libDaisy/build\libdaisy.a(stm32h7xx_ll_usb.o)
                0x0800a438                USB_EP0StartXfer
 .text.USB_WritePacket
                0x0800a5ac       0x2c ../../../libDaisy/build\libdaisy.a(stm32h7xx_ll_usb.o)
                0x0800a5ac                USB_WritePacket
 .text.USB_ReadPacket
                0x0800a5d8       0x20 ../../../libDaisy/build\libdaisy.a(stm32h7xx_ll_usb.o)
                0x0800a5d8                USB_ReadPacket
 .text.USB_EPSetStall
                0x0800a5f8       0x68 ../../../libDaisy/build\libdaisy.a(stm32h7xx_ll_usb.o)
                0x0800a5f8                USB_EPSetStall
 .text.USB_EPClearStall
                0x0800a660       0x58 ../../../libDaisy/build\libdaisy.a(stm32h7xx_ll_usb.o)
                0x0800a660                USB_EPClearStall
 .text.USB_SetDevAddress
                0x0800a6b8       0x24 ../../../libDaisy/build\libdaisy.a(stm32h7xx_ll_usb.o)
                0x0800a6b8                USB_SetDevAddress
 .text.USB_ReadInterrupts
                0x0800a6dc       0x14 ../../../libDaisy/build\libdaisy.a(stm32h7xx_ll_usb.o)
                0x0800a6dc                USB_ReadInterrupts
 .text.USB_ReadDevAllOutEpInterrupt
                0x0800a6f0       0x1c ../../../libDaisy/build\libdaisy.a(stm32h7xx_ll_usb.o)
                0x0800a6f0                USB_ReadDevAllOutEpInterrupt
 .text.USB_ReadDevAllInEpInterrupt
                0x0800a70c       0x1c ../../../libDaisy/build\libdaisy.a(stm32h7xx_ll_usb.o)
                0x0800a70c                USB_ReadDevAllInEpInterrupt
 .text.USB_ReadDevOutEPInterrupt
                0x0800a728       0x1c ../../../libDaisy/build\libdaisy.a(stm32h7xx_ll_usb.o)
                0x0800a728                USB_ReadDevOutEPInterrupt
 .text.USB_ReadDevInEPInterrupt
                0x0800a744       0x38 ../../../libDaisy/build\libdaisy.a(stm32h7xx_ll_usb.o)
                0x0800a744                USB_ReadDevInEPInterrupt
 .text.USB_GetMode
                0x0800a77c        0x8 ../../../libDaisy/build\libdaisy.a(stm32h7xx_ll_usb.o)
                0x0800a77c                USB_GetMode
 .text.USB_ActivateSetup
                0x0800a784       0x38 ../../../libDaisy/build\libdaisy.a(stm32h7xx_ll_usb.o)
                0x0800a784                USB_ActivateSetup
 .text.USB_EP0_OutStart
                0x0800a7bc       0x58 ../../../libDaisy/build\libdaisy.a(stm32h7xx_ll_usb.o)
                0x0800a7bc                USB_EP0_OutStart
 .text.USB_InitFSLSPClkSel
                0x0800a814       0x44 ../../../libDaisy/build\libdaisy.a(stm32h7xx_ll_usb.o)
                0x0800a814                USB_InitFSLSPClkSel
 .text.USB_HC_ReadInterrupt
                0x0800a858        0x8 ../../../libDaisy/build\libdaisy.a(stm32h7xx_ll_usb.o)
                0x0800a858                USB_HC_ReadInterrupt
 .text.USB_HC_Halt
                0x0800a860       0xc0 ../../../libDaisy/build\libdaisy.a(stm32h7xx_ll_usb.o)
                0x0800a860                USB_HC_Halt
 .text.USB_StopHost
                0x0800a920      0x2ec ../../../libDaisy/build\libdaisy.a(stm32h7xx_ll_usb.o)
                0x0800a920                USB_StopHost
 .text.USBD_SetClassConfig
                0x0800ac0c       0x14 ../../../libDaisy/build\libdaisy.a(usbd_core.o)
                0x0800ac0c                USBD_SetClassConfig
 .text.USBD_ClrClassConfig
                0x0800ac20       0x10 ../../../libDaisy/build\libdaisy.a(usbd_core.o)
                0x0800ac20                USBD_ClrClassConfig
 .text.USBD_LL_SetupStage
                0x0800ac30       0x5c ../../../libDaisy/build\libdaisy.a(usbd_core.o)
                0x0800ac30                USBD_LL_SetupStage
 .text.USBD_LL_DataOutStage
                0x0800ac8c       0x7c ../../../libDaisy/build\libdaisy.a(usbd_core.o)
                0x0800ac8c                USBD_LL_DataOutStage
 .text.USBD_LL_DataInStage
                0x0800ad08       0xcc ../../../libDaisy/build\libdaisy.a(usbd_core.o)
                0x0800ad08                USBD_LL_DataInStage
 .text.USBD_LL_Reset
                0x0800add4       0x50 ../../../libDaisy/build\libdaisy.a(usbd_core.o)
                0x0800add4                USBD_LL_Reset
 .text.USBD_LL_SetSpeed
                0x0800ae24        0x8 ../../../libDaisy/build\libdaisy.a(usbd_core.o)
                0x0800ae24                USBD_LL_SetSpeed
 .text.USBD_LL_Suspend
                0x0800ae2c       0x14 ../../../libDaisy/build\libdaisy.a(usbd_core.o)
                0x0800ae2c                USBD_LL_Suspend
 .text.USBD_LL_Resume
                0x0800ae40       0x10 ../../../libDaisy/build\libdaisy.a(usbd_core.o)
                0x0800ae40                USBD_LL_Resume
 .text.USBD_LL_SOF
                0x0800ae50       0x1c ../../../libDaisy/build\libdaisy.a(usbd_core.o)
                0x0800ae50                USBD_LL_SOF
 .text.USBD_LL_IsoINIncomplete
                0x0800ae6c        0x4 ../../../libDaisy/build\libdaisy.a(usbd_core.o)
                0x0800ae6c                USBD_LL_IsoINIncomplete
 .text.USBD_LL_IsoOUTIncomplete
                0x0800ae70        0x4 ../../../libDaisy/build\libdaisy.a(usbd_core.o)
                0x0800ae70                USBD_LL_IsoOUTIncomplete
 .text.USBD_LL_DevConnected
                0x0800ae74        0x4 ../../../libDaisy/build\libdaisy.a(usbd_core.o)
                0x0800ae74                USBD_LL_DevConnected
 .text.USBD_LL_DevDisconnected
                0x0800ae78       0x18 ../../../libDaisy/build\libdaisy.a(usbd_core.o)
                0x0800ae78                USBD_LL_DevDisconnected
 .text.USBD_StdDevReq
                0x0800ae90      0x304 ../../../libDaisy/build\libdaisy.a(usbd_ctlreq.o)
                0x0800ae90                USBD_StdDevReq
 .text.USBD_StdItfReq
                0x0800b194       0x68 ../../../libDaisy/build\libdaisy.a(usbd_ctlreq.o)
                0x0800b194                USBD_StdItfReq
 .text.USBD_StdEPReq
                0x0800b1fc      0x13c ../../../libDaisy/build\libdaisy.a(usbd_ctlreq.o)
                0x0800b1fc                USBD_StdEPReq
 .text.USBD_ParseSetupRequest
                0x0800b338       0x28 ../../../libDaisy/build\libdaisy.a(usbd_ctlreq.o)
                0x0800b338                USBD_ParseSetupRequest
 .text.USBD_CtlSendData
                0x0800b360       0x1c ../../../libDaisy/build\libdaisy.a(usbd_ioreq.o)
                0x0800b360                USBD_CtlSendData
 .text.USBD_CtlContinueSendData
                0x0800b37c       0x14 ../../../libDaisy/build\libdaisy.a(usbd_ioreq.o)
                0x0800b37c                USBD_CtlContinueSendData
 .text.USBD_CtlContinueRx
                0x0800b390       0x14 ../../../libDaisy/build\libdaisy.a(usbd_ioreq.o)
                0x0800b390                USBD_CtlContinueRx
 .text.USBD_CtlSendStatus
                0x0800b3a4       0x18 ../../../libDaisy/build\libdaisy.a(usbd_ioreq.o)
                0x0800b3a4                USBD_CtlSendStatus
 .text.USBD_CtlReceiveStatus
                0x0800b3bc       0x18 ../../../libDaisy/build\libdaisy.a(usbd_ioreq.o)
                0x0800b3bc                USBD_CtlReceiveStatus
 .text.USBH_LL_IncTimer
                0x0800b3d4       0x20 ../../../libDaisy/build\libdaisy.a(usbh_core.o)
                0x0800b3d4                USBH_LL_IncTimer
 .text.USBH_LL_PortEnabled
                0x0800b3f4        0x8 ../../../libDaisy/build\libdaisy.a(usbh_core.o)
                0x0800b3f4                USBH_LL_PortEnabled
 .text.USBH_LL_PortDisabled
                0x0800b3fc        0x8 ../../../libDaisy/build\libdaisy.a(usbh_core.o)
                0x0800b3fc                USBH_LL_PortDisabled
 .text.USBH_LL_Connect
                0x0800b404       0x18 ../../../libDaisy/build\libdaisy.a(usbh_core.o)
                0x0800b404                USBH_LL_Connect
 .text.USBH_LL_Disconnect
                0x0800b41c       0x2c ../../../libDaisy/build\libdaisy.a(usbh_core.o)
                0x0800b41c                USBH_LL_Disconnect
 .text.USBH_FreePipe
                0x0800b448       0x18 ../../../libDaisy/build\libdaisy.a(usbh_pipes.o)
                0x0800b448                USBH_FreePipe
 .text._ZN5daisy6Random4InitEv
                0x0800b460       0x3c ../../../libDaisy/build\libdaisy.a(rng.o)
                0x0800b460                daisy::Random::Init()
 .text._ZN5daisy9SpiHandle4Impl7InitDmaEv
                0x0800b49c       0xec ../../../libDaisy/build\libdaisy.a(spi.o)
                0x0800b49c                daisy::SpiHandle::Impl::InitDma()
 .text._ZN5daisy9SpiHandle4Impl10StartDmaTxEPhjPFvPvEPFvS3_NS0_6ResultEES3_
                0x0800b588       0xc8 ../../../libDaisy/build\libdaisy.a(spi.o)
                0x0800b588                daisy::SpiHandle::Impl::StartDmaTx(unsigned char*, unsigned int, void (*)(void*), void (*)(void*, daisy::SpiHandle::Result), void*)
 .text._ZN5daisy9SpiHandle4Impl10StartDmaRxEPhjPFvPvEPFvS3_NS0_6ResultEES3_
                0x0800b650       0xc8 ../../../libDaisy/build\libdaisy.a(spi.o)
                0x0800b650                daisy::SpiHandle::Impl::StartDmaRx(unsigned char*, unsigned int, void (*)(void*), void (*)(void*, daisy::SpiHandle::Result), void*)
 .text._ZN5daisy9SpiHandle4Impl12StartDmaRxTxEPhS2_jPFvPvEPFvS3_NS0_6ResultEES3_
                0x0800b718       0xcc ../../../libDaisy/build\libdaisy.a(spi.o)
                0x0800b718                daisy::SpiHandle::Impl::StartDmaRxTx(unsigned char*, unsigned char*, unsigned int, void (*)(void*), void (*)(void*, daisy::SpiHandle::Result), void*)
 .text._ZN5daisy9SpiHandle4Impl8InitPinsEv
                0x0800b7e4      0x274 ../../../libDaisy/build\libdaisy.a(spi.o)
                0x0800b7e4                daisy::SpiHandle::Impl::InitPins()
 .text.HAL_SPI_MspInit
                0x0800ba58      0x1a8 ../../../libDaisy/build\libdaisy.a(spi.o)
                0x0800ba58                HAL_SPI_MspInit
 .text.dsy_spi_global_init
                0x0800bc00       0x80 ../../../libDaisy/build\libdaisy.a(spi.o)
                0x0800bc00                dsy_spi_global_init
 .text.SPI1_IRQHandler
                0x0800bc80        0xc ../../../libDaisy/build\libdaisy.a(spi.o)
                0x0800bc80                SPI1_IRQHandler
 .text.SPI2_IRQHandler
                0x0800bc8c        0xc ../../../libDaisy/build\libdaisy.a(spi.o)
                0x0800bc8c                SPI2_IRQHandler
 .text.SPI3_IRQHandler
                0x0800bc98        0xc ../../../libDaisy/build\libdaisy.a(spi.o)
                0x0800bc98                SPI3_IRQHandler
 .text.SPI4_IRQHandler
                0x0800bca4        0xc ../../../libDaisy/build\libdaisy.a(spi.o)
                0x0800bca4                SPI4_IRQHandler
 .text.SPI5_IRQHandler
                0x0800bcb0        0xc ../../../libDaisy/build\libdaisy.a(spi.o)
                0x0800bcb0                SPI5_IRQHandler
 .text.DMA2_Stream2_IRQHandler
                0x0800bcbc       0x34 ../../../libDaisy/build\libdaisy.a(spi.o)
                0x0800bcbc                DMA2_Stream2_IRQHandler
 .text.DMA2_Stream3_IRQHandler
                0x0800bcf0       0x38 ../../../libDaisy/build\libdaisy.a(spi.o)
                0x0800bcf0                DMA2_Stream3_IRQHandler
 .text.HAL_SPI_TxCpltCallback
                0x0800bd28       0xc4 ../../../libDaisy/build\libdaisy.a(spi.o)
                0x0800bd28                HAL_SPI_TxCpltCallback
 .text.HAL_SPI_RxCpltCallback
                0x0800bdec       0xc4 ../../../libDaisy/build\libdaisy.a(spi.o)
                0x0800bdec                HAL_SPI_RxCpltCallback
 .text.HAL_SPI_TxRxCpltCallback
                0x0800beb0       0xc4 ../../../libDaisy/build\libdaisy.a(spi.o)
                0x0800beb0                HAL_SPI_TxRxCpltCallback
 .text.HAL_SPI_ErrorCallback
                0x0800bf74       0xc8 ../../../libDaisy/build\libdaisy.a(spi.o)
                0x0800bf74                HAL_SPI_ErrorCallback
 .text.startup._GLOBAL__sub_I__Z19MapInstanceToHandleP11SPI_TypeDef
                0x0800c03c      0x1b0 ../../../libDaisy/build\libdaisy.a(spi.o)
 .text.HAL_TIM_Base_MspInit
                0x0800c1ec      0x1e0 ../../../libDaisy/build\libdaisy.a(tim.o)
                0x0800c1ec                HAL_TIM_Base_MspInit
 .text.HAL_TIM_PeriodElapsedCallback
                0x0800c3cc       0x44 ../../../libDaisy/build\libdaisy.a(tim.o)
                0x0800c3cc                HAL_TIM_PeriodElapsedCallback
 .text.TIM2_IRQHandler
                0x0800c410        0xc ../../../libDaisy/build\libdaisy.a(tim.o)
                0x0800c410                TIM2_IRQHandler
 .text.TIM3_IRQHandler
                0x0800c41c        0xc ../../../libDaisy/build\libdaisy.a(tim.o)
                0x0800c41c                TIM3_IRQHandler
 .text.TIM4_IRQHandler
                0x0800c428        0xc ../../../libDaisy/build\libdaisy.a(tim.o)
                0x0800c428                TIM4_IRQHandler
 .text.TIM5_IRQHandler
                0x0800c434        0xc ../../../libDaisy/build\libdaisy.a(tim.o)
                0x0800c434                TIM5_IRQHandler
 .text._ZN5daisy11TimerHandle4InitERKNS0_6ConfigE
                0x0800c440       0xd0 ../../../libDaisy/build\libdaisy.a(tim.o)
                0x0800c440                daisy::TimerHandle::Init(daisy::TimerHandle::Config const&)
 .text._ZN5daisy11TimerHandle5StartEv
                0x0800c510       0x24 ../../../libDaisy/build\libdaisy.a(tim.o)
                0x0800c510                daisy::TimerHandle::Start()
 .text.startup._GLOBAL__sub_I__ZN5daisy11TimerHandle4Impl4InitERKNS0_6ConfigE
                0x0800c534       0x38 ../../../libDaisy/build\libdaisy.a(tim.o)
 .text._ZL20UART_CheckRxListenerPN5daisy11UartHandler4ImplE
                0x0800c56c       0x84 ../../../libDaisy/build\libdaisy.a(uart.o)
 .text._ZN5daisy11UartHandler4Impl10StartDmaTxEPhjPFvPvEPFvS3_NS0_6ResultEES3_
                0x0800c5f0      0x184 ../../../libDaisy/build\libdaisy.a(uart.o)
                0x0800c5f0                daisy::UartHandler::Impl::StartDmaTx(unsigned char*, unsigned int, void (*)(void*), void (*)(void*, daisy::UartHandler::Result), void*)
 .text._ZN5daisy11UartHandler4Impl10StartDmaRxEPhjPFvPvEPFvS3_NS0_6ResultEES3_
                0x0800c774      0x184 ../../../libDaisy/build\libdaisy.a(uart.o)
                0x0800c774                daisy::UartHandler::Impl::StartDmaRx(unsigned char*, unsigned int, void (*)(void*), void (*)(void*, daisy::UartHandler::Result), void*)
 .text._ZN5daisy11UartHandler4Impl19DmaTransferFinishedEP20__UART_HandleTypeDefNS0_6ResultE
                0x0800c8f8       0xc0 ../../../libDaisy/build\libdaisy.a(uart.o)
                0x0800c8f8                daisy::UartHandler::Impl::DmaTransferFinished(__UART_HandleTypeDef*, daisy::UartHandler::Result)
 .text._ZN5daisy11UartHandler4Impl8InitPinsEv
                0x0800c9b8      0x154 ../../../libDaisy/build\libdaisy.a(uart.o)
                0x0800c9b8                daisy::UartHandler::Impl::InitPins()
 .text.HAL_UART_MspInit
                0x0800cb0c      0x210 ../../../libDaisy/build\libdaisy.a(uart.o)
                0x0800cb0c                HAL_UART_MspInit
 .text.dsy_uart_global_init
                0x0800cd1c      0x110 ../../../libDaisy/build\libdaisy.a(uart.o)
                0x0800cd1c                dsy_uart_global_init
 .text.USART1_IRQHandler
                0x0800ce2c       0x2c ../../../libDaisy/build\libdaisy.a(uart.o)
                0x0800ce2c                USART1_IRQHandler
 .text.USART2_IRQHandler
                0x0800ce58       0x34 ../../../libDaisy/build\libdaisy.a(uart.o)
                0x0800ce58                USART2_IRQHandler
 .text.USART3_IRQHandler
                0x0800ce8c       0x34 ../../../libDaisy/build\libdaisy.a(uart.o)
                0x0800ce8c                USART3_IRQHandler
 .text.UART4_IRQHandler
                0x0800cec0       0x34 ../../../libDaisy/build\libdaisy.a(uart.o)
                0x0800cec0                UART4_IRQHandler
 .text.UART5_IRQHandler
                0x0800cef4       0x34 ../../../libDaisy/build\libdaisy.a(uart.o)
                0x0800cef4                UART5_IRQHandler
 .text.USART6_IRQHandler
                0x0800cf28       0x34 ../../../libDaisy/build\libdaisy.a(uart.o)
                0x0800cf28                USART6_IRQHandler
 .text.UART7_IRQHandler
                0x0800cf5c       0x34 ../../../libDaisy/build\libdaisy.a(uart.o)
                0x0800cf5c                UART7_IRQHandler
 .text.UART8_IRQHandler
                0x0800cf90       0x34 ../../../libDaisy/build\libdaisy.a(uart.o)
                0x0800cf90                UART8_IRQHandler
 .text.LPUART1_IRQHandler
                0x0800cfc4       0x34 ../../../libDaisy/build\libdaisy.a(uart.o)
                0x0800cfc4                LPUART1_IRQHandler
 .text.DMA1_Stream5_IRQHandler
                0x0800cff8       0x34 ../../../libDaisy/build\libdaisy.a(uart.o)
                0x0800cff8                DMA1_Stream5_IRQHandler
 .text.DMA2_Stream4_IRQHandler
                0x0800d02c       0x38 ../../../libDaisy/build\libdaisy.a(uart.o)
                0x0800d02c                DMA2_Stream4_IRQHandler
 .text.HAL_UART_TxCpltCallback
                0x0800d064        0x8 ../../../libDaisy/build\libdaisy.a(uart.o)
                0x0800d064                HAL_UART_TxCpltCallback
 .text.HAL_UART_RxCpltCallback
                0x0800d06c       0x94 ../../../libDaisy/build\libdaisy.a(uart.o)
                0x0800d06c                HAL_UART_RxCpltCallback
 .text.HAL_UART_RxHalfCpltCallback
                0x0800d100       0x90 ../../../libDaisy/build\libdaisy.a(uart.o)
                0x0800d100                HAL_UART_RxHalfCpltCallback
 .text.HAL_UART_ErrorCallback
                0x0800d190        0x8 ../../../libDaisy/build\libdaisy.a(uart.o)
                0x0800d190                HAL_UART_ErrorCallback
 .text.startup._GLOBAL__sub_I__Z19MapInstanceToHandleP13USART_TypeDef
                0x0800d198      0x194 ../../../libDaisy/build\libdaisy.a(uart.o)
 .text.dsy_dma_init
                0x0800d32c      0x100 ../../../libDaisy/build\libdaisy.a(dma.o)
                0x0800d32c                dsy_dma_init
 .text.dsy_dma_invalidate_cache_for_buffer
                0x0800d42c       0x2c ../../../libDaisy/build\libdaisy.a(dma.o)
                0x0800d42c                dsy_dma_invalidate_cache_for_buffer
 .text.HAL_MDMA_Abort_IT
                0x0800d458       0x2c ../../../libDaisy/build\libdaisy.a(stm32h7xx_hal_mdma.o)
                0x0800d458                HAL_MDMA_Abort_IT
 .text.SPI_CloseTransfer
                0x0800d484       0xb8 ../../../libDaisy/build\libdaisy.a(stm32h7xx_hal_spi.o)
 .text.HAL_SPI_Init
                0x0800d53c      0x15c ../../../libDaisy/build\libdaisy.a(stm32h7xx_hal_spi.o)
                0x0800d53c                HAL_SPI_Init
 .text.HAL_SPI_Transmit_DMA
                0x0800d698      0x170 ../../../libDaisy/build\libdaisy.a(stm32h7xx_hal_spi.o)
                0x0800d698                HAL_SPI_Transmit_DMA
 .text.HAL_SPI_TransmitReceive_DMA
                0x0800d808      0x218 ../../../libDaisy/build\libdaisy.a(stm32h7xx_hal_spi.o)
                0x0800d808                HAL_SPI_TransmitReceive_DMA
 .text.HAL_SPI_Receive_DMA
                0x0800da20      0x1b4 ../../../libDaisy/build\libdaisy.a(stm32h7xx_hal_spi.o)
                0x0800da20                HAL_SPI_Receive_DMA
 .text.SPI_DMATransmitCplt
                0x0800dbd4       0x28 ../../../libDaisy/build\libdaisy.a(stm32h7xx_hal_spi.o)
 .text.SPI_DMAReceiveCplt
                0x0800dbfc       0x28 ../../../libDaisy/build\libdaisy.a(stm32h7xx_hal_spi.o)
 .text.SPI_DMATransmitReceiveCplt
                0x0800dc24       0x28 ../../../libDaisy/build\libdaisy.a(stm32h7xx_hal_spi.o)
 .text.HAL_SPI_TxHalfCpltCallback
                0x0800dc4c        0x4 ../../../libDaisy/build\libdaisy.a(stm32h7xx_hal_spi.o)
                0x0800dc4c                HAL_SPI_TxHalfCpltCallback
 .text.SPI_DMAHalfTransmitCplt
                0x0800dc50        0xc ../../../libDaisy/build\libdaisy.a(stm32h7xx_hal_spi.o)
 .text.HAL_SPI_RxHalfCpltCallback
                0x0800dc5c        0x4 ../../../libDaisy/build\libdaisy.a(stm32h7xx_hal_spi.o)
                0x0800dc5c                HAL_SPI_RxHalfCpltCallback
 .text.SPI_DMAHalfReceiveCplt
                0x0800dc60        0xc ../../../libDaisy/build\libdaisy.a(stm32h7xx_hal_spi.o)
 .text.HAL_SPI_TxRxHalfCpltCallback
                0x0800dc6c        0x4 ../../../libDaisy/build\libdaisy.a(stm32h7xx_hal_spi.o)
                0x0800dc6c                HAL_SPI_TxRxHalfCpltCallback
 .text.SPI_DMAHalfTransmitReceiveCplt
                0x0800dc70        0xc ../../../libDaisy/build\libdaisy.a(stm32h7xx_hal_spi.o)
 .text.SPI_DMAError
                0x0800dc7c       0xd8 ../../../libDaisy/build\libdaisy.a(stm32h7xx_hal_spi.o)
 .text.HAL_SPI_IRQHandler
                0x0800dd54      0x23c ../../../libDaisy/build\libdaisy.a(stm32h7xx_hal_spi.o)
                0x0800dd54                HAL_SPI_IRQHandler
 .text.SPI_DMAAbortOnError
                0x0800df90       0x1c ../../../libDaisy/build\libdaisy.a(stm32h7xx_hal_spi.o)
 .text.HAL_SPI_GetState
                0x0800dfac        0x8 ../../../libDaisy/build\libdaisy.a(stm32h7xx_hal_spi.o)
                0x0800dfac                HAL_SPI_GetState
 .text.HAL_TIM_Base_Init
                0x0800dfb4      0x140 ../../../libDaisy/build\libdaisy.a(stm32h7xx_hal_tim.o)
                0x0800dfb4                HAL_TIM_Base_Init
 .text.HAL_TIM_Base_Start
                0x0800e0f4       0x34 ../../../libDaisy/build\libdaisy.a(stm32h7xx_hal_tim.o)
                0x0800e0f4                HAL_TIM_Base_Start
 .text.HAL_TIM_Base_Start_IT
                0x0800e128       0x2c ../../../libDaisy/build\libdaisy.a(stm32h7xx_hal_tim.o)
                0x0800e128                HAL_TIM_Base_Start_IT
 .text.HAL_TIM_ConfigClockSource
                0x0800e154      0x17c ../../../libDaisy/build\libdaisy.a(stm32h7xx_hal_tim.o)
                0x0800e154                HAL_TIM_ConfigClockSource
 .text.HAL_TIM_OC_DelayElapsedCallback
                0x0800e2d0        0x4 ../../../libDaisy/build\libdaisy.a(stm32h7xx_hal_tim.o)
                0x0800e2d0                HAL_TIM_OC_DelayElapsedCallback
 .text.HAL_TIM_IC_CaptureCallback
                0x0800e2d4        0x4 ../../../libDaisy/build\libdaisy.a(stm32h7xx_hal_tim.o)
                0x0800e2d4                HAL_TIM_IC_CaptureCallback
 .text.HAL_TIM_PWM_PulseFinishedCallback
                0x0800e2d8        0x4 ../../../libDaisy/build\libdaisy.a(stm32h7xx_hal_tim.o)
                0x0800e2d8                HAL_TIM_PWM_PulseFinishedCallback
 .text.HAL_TIM_TriggerCallback
                0x0800e2dc        0x4 ../../../libDaisy/build\libdaisy.a(stm32h7xx_hal_tim.o)
                0x0800e2dc                HAL_TIM_TriggerCallback
 .text.HAL_TIM_IRQHandler
                0x0800e2e0      0x170 ../../../libDaisy/build\libdaisy.a(stm32h7xx_hal_tim.o)
                0x0800e2e0                HAL_TIM_IRQHandler
 .text.HAL_TIMEx_MasterConfigSynchronization
                0x0800e450       0x64 ../../../libDaisy/build\libdaisy.a(stm32h7xx_hal_tim_ex.o)
                0x0800e450                HAL_TIMEx_MasterConfigSynchronization
 .text.HAL_TIMEx_CommutCallback
                0x0800e4b4        0x4 ../../../libDaisy/build\libdaisy.a(stm32h7xx_hal_tim_ex.o)
                0x0800e4b4                HAL_TIMEx_CommutCallback
 .text.HAL_TIMEx_BreakCallback
                0x0800e4b8        0x4 ../../../libDaisy/build\libdaisy.a(stm32h7xx_hal_tim_ex.o)
                0x0800e4b8                HAL_TIMEx_BreakCallback
 .text.HAL_TIMEx_Break2Callback
                0x0800e4bc        0x4 ../../../libDaisy/build\libdaisy.a(stm32h7xx_hal_tim_ex.o)
                0x0800e4bc                HAL_TIMEx_Break2Callback
 .text.HAL_UART_Transmit_DMA
                0x0800e4c0       0xa4 ../../../libDaisy/build\libdaisy.a(stm32h7xx_hal_uart.o)
                0x0800e4c0                HAL_UART_Transmit_DMA
 .text.HAL_UART_Receive_DMA
                0x0800e564       0xac ../../../libDaisy/build\libdaisy.a(stm32h7xx_hal_uart.o)
                0x0800e564                HAL_UART_Receive_DMA
 .text.UART_DMATransmitCplt
                0x0800e610       0x2c ../../../libDaisy/build\libdaisy.a(stm32h7xx_hal_uart.o)
 .text.HAL_UART_TxHalfCpltCallback
                0x0800e63c        0x4 ../../../libDaisy/build\libdaisy.a(stm32h7xx_hal_uart.o)
                0x0800e63c                HAL_UART_TxHalfCpltCallback
 .text.UART_DMATxHalfCplt
                0x0800e640        0xc ../../../libDaisy/build\libdaisy.a(stm32h7xx_hal_uart.o)
 .text.UART_DMAReceiveCplt
                0x0800e64c       0x38 ../../../libDaisy/build\libdaisy.a(stm32h7xx_hal_uart.o)
 .text.UART_DMARxHalfCplt
                0x0800e684        0xc ../../../libDaisy/build\libdaisy.a(stm32h7xx_hal_uart.o)
 .text.UART_DMAError
                0x0800e690       0x78 ../../../libDaisy/build\libdaisy.a(stm32h7xx_hal_uart.o)
 .text.HAL_UART_IRQHandler
                0x0800e708      0x1d0 ../../../libDaisy/build\libdaisy.a(stm32h7xx_hal_uart.o)
                0x0800e708                HAL_UART_IRQHandler
 .text.UART_DMAAbortOnError
                0x0800e8d8       0x14 ../../../libDaisy/build\libdaisy.a(stm32h7xx_hal_uart.o)
 .text.HAL_UART_GetState
                0x0800e8ec        0xc ../../../libDaisy/build\libdaisy.a(stm32h7xx_hal_uart.o)
                0x0800e8ec                HAL_UART_GetState
 .text.UART_SetConfig
                0x0800e8f8     0x14b8 ../../../libDaisy/build\libdaisy.a(stm32h7xx_hal_uart.o)
                0x0800e8f8                UART_SetConfig
 .text.UART_AdvFeatureConfig
                0x0800fdb0       0xb0 ../../../libDaisy/build\libdaisy.a(stm32h7xx_hal_uart.o)
                0x0800fdb0                UART_AdvFeatureConfig
 .text.UART_CheckIdleState
                0x0800fe60       0x84 ../../../libDaisy/build\libdaisy.a(stm32h7xx_hal_uart.o)
                0x0800fe60                UART_CheckIdleState
 .text.HAL_UART_Init
                0x0800fee4       0x68 ../../../libDaisy/build\libdaisy.a(stm32h7xx_hal_uart.o)
                0x0800fee4                HAL_UART_Init
 .text.HAL_UARTEx_WakeupCallback
                0x0800ff4c        0x4 ../../../libDaisy/build\libdaisy.a(stm32h7xx_hal_uart_ex.o)
                0x0800ff4c                HAL_UARTEx_WakeupCallback
 .text.HAL_UARTEx_RxFifoFullCallback
                0x0800ff50        0x4 ../../../libDaisy/build\libdaisy.a(stm32h7xx_hal_uart_ex.o)
                0x0800ff50                HAL_UARTEx_RxFifoFullCallback
 .text.HAL_UARTEx_TxFifoEmptyCallback
                0x0800ff54        0x4 ../../../libDaisy/build\libdaisy.a(stm32h7xx_hal_uart_ex.o)
                0x0800ff54                HAL_UARTEx_TxFifoEmptyCallback
 .text._ZN7daisysp14AnalogBassDrum4InitEf
                0x0800ff58       0x90 ../../../DaisySP/build\libdaisysp.a(analogbassdrum.o)
                0x0800ff58                daisysp::AnalogBassDrum::Init(float)
 .text._ZN7daisysp14AnalogBassDrum7ProcessEb
                0x0800ffe8      0x374 ../../../DaisySP/build\libdaisysp.a(analogbassdrum.o)
                0x0800ffe8                daisysp::AnalogBassDrum::Process(bool)
 .text._ZN7daisysp11SquareNoise4InitEf
                0x0801035c       0x10 ../../../DaisySP/build\libdaisysp.a(hihat.o)
                0x0801035c                daisysp::SquareNoise::Init(float)
 .text._ZN7daisysp11SquareNoise7ProcessEf
                0x0801036c      0x1bc ../../../DaisySP/build\libdaisysp.a(hihat.o)
                0x0801036c                daisysp::SquareNoise::Process(float)
 .text._ZN7daisysp6Chorus4InitEf
                0x08010528      0x194 ../../../DaisySP/build\libdaisysp.a(chorus.o)
                0x08010528                daisysp::Chorus::Init(float)
 .text._ZN7daisysp6Chorus7ProcessEf
                0x080106bc      0x270 ../../../DaisySP/build\libdaisysp.a(chorus.o)
                0x080106bc                daisysp::Chorus::Process(float)
 .text._ZN7daisysp6Chorus7GetLeftEv
                0x0801092c        0xc ../../../DaisySP/build\libdaisysp.a(chorus.o)
                0x0801092c                daisysp::Chorus::GetLeft()
 .text._ZN7daisysp6Chorus8GetRightEv
                0x08010938        0xc ../../../DaisySP/build\libdaisysp.a(chorus.o)
                0x08010938                daisysp::Chorus::GetRight()
 .text._ZN7daisysp6Chorus11SetLfoDepthEff
                0x08010944       0x40 ../../../DaisySP/build\libdaisysp.a(chorus.o)
                0x08010944                daisysp::Chorus::SetLfoDepth(float, float)
 .text._ZN7daisysp6Chorus10SetLfoFreqEff
                0x08010984       0x7c ../../../DaisySP/build\libdaisysp.a(chorus.o)
                0x08010984                daisysp::Chorus::SetLfoFreq(float, float)
 .text._ZN7daisysp6Chorus8SetDelayEff
                0x08010a00       0x70 ../../../DaisySP/build\libdaisysp.a(chorus.o)
                0x08010a00                daisysp::Chorus::SetDelay(float, float)
 .text._ZN7daisysp3Svf4InitEf
                0x08010a70       0x48 ../../../DaisySP/build\libdaisysp.a(svf.o)
                0x08010a70                daisysp::Svf::Init(float)
 .text._ZN7daisysp3Svf7ProcessEf
                0x08010ab8       0xc8 ../../../DaisySP/build\libdaisysp.a(svf.o)
                0x08010ab8                daisysp::Svf::Process(float)
 .text._ZN7daisysp3Svf7SetFreqEf
                0x08010b80       0xc8 ../../../DaisySP/build\libdaisysp.a(svf.o)
                0x08010b80                daisysp::Svf::SetFreq(float)
 .text._ZN7daisysp3Svf6SetResEf
                0x08010c48       0x8c ../../../DaisySP/build\libdaisysp.a(svf.o)
                0x08010c48                daisysp::Svf::SetRes(float)
 .text._ZN7daisysp21VariableSawOscillator4InitEf
                0x08010cd4       0x70 ../../../DaisySP/build\libdaisysp.a(variablesawosc.o)
                0x08010cd4                daisysp::VariableSawOscillator::Init(float)
 .text._ZN7daisysp21VariableSawOscillator7ProcessEv
                0x08010d44      0x1cc ../../../DaisySP/build\libdaisysp.a(variablesawosc.o)
                0x08010d44                daisysp::VariableSawOscillator::Process()
 .text._ZN7daisysp21VariableSawOscillator7SetFreqEf
                0x08010f10       0x30 ../../../DaisySP/build\libdaisysp.a(variablesawosc.o)
                0x08010f10                daisysp::VariableSawOscillator::SetFreq(float)
 .text._ZN7daisysp21VariableSawOscillator5SetPWEf
                0x08010f40       0x38 ../../../DaisySP/build\libdaisysp.a(variablesawosc.o)
                0x08010f40                daisysp::VariableSawOscillator::SetPW(float)
 .text._ZN7daisysp21VariableSawOscillator12SetWaveshapeEf
                0x08010f78        0x8 ../../../DaisySP/build\libdaisysp.a(variablesawosc.o)
                0x08010f78                daisysp::VariableSawOscillator::SetWaveshape(float)
 .text._ZN7daisysp5Metro4InitEff
                0x08010f80       0x24 ../../../DaisySP/build\libdaisysp.a(metro.o)
                0x08010f80                daisysp::Metro::Init(float, float)
 .text._ZN7daisysp5Metro7ProcessEv
                0x08010fa4       0x34 ../../../DaisySP/build\libdaisysp.a(metro.o)
                0x08010fa4                daisysp::Metro::Process()
 .text.__aeabi_atexit
                0x08010fd8        0xa c:/program files/daisytoolchain/bin/../lib/gcc/arm-none-eabi/10.2.1/../../../../arm-none-eabi/lib/thumb/v7e-m+dp/hard\libstdc++_nano.a(atexit_arm.o)
                0x08010fd8                __aeabi_atexit
 *fill*         0x08010fe2        0x6 
 .text.cos      0x08010fe8       0x80 c:/program files/daisytoolchain/bin/../lib/gcc/arm-none-eabi/10.2.1/../../../../arm-none-eabi/lib/thumb/v7e-m+dp/hard\libm.a(lib_a-s_cos.o)
                0x08010fe8                cos
 .text.sin      0x08011068       0x80 c:/program files/daisytoolchain/bin/../lib/gcc/arm-none-eabi/10.2.1/../../../../arm-none-eabi/lib/thumb/v7e-m+dp/hard\libm.a(lib_a-s_sin.o)
                0x08011068                sin
 .text.powf     0x080110e8      0x328 c:/program files/daisytoolchain/bin/../lib/gcc/arm-none-eabi/10.2.1/../../../../arm-none-eabi/lib/thumb/v7e-m+dp/hard\libm.a(lib_a-sf_pow.o)
                0x080110e8                powf
 .text.sinf     0x08011410      0x20c c:/program files/daisytoolchain/bin/../lib/gcc/arm-none-eabi/10.2.1/../../../../arm-none-eabi/lib/thumb/v7e-m+dp/hard\libm.a(lib_a-sinf.o)
                0x08011410                sinf
 *fill*         0x0801161c        0x4 
 .text.__ieee754_rem_pio2
                0x08011620      0x294 c:/program files/daisytoolchain/bin/../lib/gcc/arm-none-eabi/10.2.1/../../../../arm-none-eabi/lib/thumb/v7e-m+dp/hard\libm.a(lib_a-e_rem_pio2.o)
                0x08011620                __ieee754_rem_pio2
 *fill*         0x080118b4        0x4 
 .text.__kernel_cos
                0x080118b8      0x130 c:/program files/daisytoolchain/bin/../lib/gcc/arm-none-eabi/10.2.1/../../../../arm-none-eabi/lib/thumb/v7e-m+dp/hard\libm.a(lib_a-k_cos.o)
                0x080118b8                __kernel_cos
 .text.__kernel_rem_pio2
                0x080119e8      0x6b0 c:/program files/daisytoolchain/bin/../lib/gcc/arm-none-eabi/10.2.1/../../../../arm-none-eabi/lib/thumb/v7e-m+dp/hard\libm.a(lib_a-k_rem_pio2.o)
                0x080119e8                __kernel_rem_pio2
 .text.__kernel_sin
                0x08012098       0xb0 c:/program files/daisytoolchain/bin/../lib/gcc/arm-none-eabi/10.2.1/../../../../arm-none-eabi/lib/thumb/v7e-m+dp/hard\libm.a(lib_a-k_sin.o)
                0x08012098                __kernel_sin
 .text.with_errnof
                0x08012148       0x18 c:/program files/daisytoolchain/bin/../lib/gcc/arm-none-eabi/10.2.1/../../../../arm-none-eabi/lib/thumb/v7e-m+dp/hard\libm.a(lib_a-math_errf.o)
 .text.xflowf   0x08012160       0x20 c:/program files/daisytoolchain/bin/../lib/gcc/arm-none-eabi/10.2.1/../../../../arm-none-eabi/lib/thumb/v7e-m+dp/hard\libm.a(lib_a-math_errf.o)
 .text.__math_uflowf
                0x08012180        0xc c:/program files/daisytoolchain/bin/../lib/gcc/arm-none-eabi/10.2.1/../../../../arm-none-eabi/lib/thumb/v7e-m+dp/hard\libm.a(lib_a-math_errf.o)
                0x08012180                __math_uflowf
 .text.__math_may_uflowf
                0x0801218c        0xc c:/program files/daisytoolchain/bin/../lib/gcc/arm-none-eabi/10.2.1/../../../../arm-none-eabi/lib/thumb/v7e-m+dp/hard\libm.a(lib_a-math_errf.o)
                0x0801218c                __math_may_uflowf
 .text.__math_oflowf
                0x08012198        0xc c:/program files/daisytoolchain/bin/../lib/gcc/arm-none-eabi/10.2.1/../../../../arm-none-eabi/lib/thumb/v7e-m+dp/hard\libm.a(lib_a-math_errf.o)
                0x08012198                __math_oflowf
 .text.__math_divzerof
                0x080121a4       0x24 c:/program files/daisytoolchain/bin/../lib/gcc/arm-none-eabi/10.2.1/../../../../arm-none-eabi/lib/thumb/v7e-m+dp/hard\libm.a(lib_a-math_errf.o)
                0x080121a4                __math_divzerof
 .text.__math_invalidf
                0x080121c8       0x20 c:/program files/daisytoolchain/bin/../lib/gcc/arm-none-eabi/10.2.1/../../../../arm-none-eabi/lib/thumb/v7e-m+dp/hard\libm.a(lib_a-math_errf.o)
                0x080121c8                __math_invalidf
 .text.fabs     0x080121e8       0x14 c:/program files/daisytoolchain/bin/../lib/gcc/arm-none-eabi/10.2.1/../../../../arm-none-eabi/lib/thumb/v7e-m+dp/hard\libm.a(lib_a-s_fabs.o)
                0x080121e8                fabs
 *fill*         0x080121fc        0x4 
 .text.floor    0x08012200      0x108 c:/program files/daisytoolchain/bin/../lib/gcc/arm-none-eabi/10.2.1/../../../../arm-none-eabi/lib/thumb/v7e-m+dp/hard\libm.a(lib_a-s_floor.o)
                0x08012200                floor
 .text.scalbn   0x08012308      0x10c c:/program files/daisytoolchain/bin/../lib/gcc/arm-none-eabi/10.2.1/../../../../arm-none-eabi/lib/thumb/v7e-m+dp/hard\libm.a(lib_a-s_scalbn.o)
                0x08012308                scalbn
 .text.__cxa_atexit
                0x08012414       0x1c c:/program files/daisytoolchain/bin/../lib/gcc/arm-none-eabi/10.2.1/../../../../arm-none-eabi/lib/thumb/v7e-m+dp/hard\libc_nano.a(lib_a-cxa_atexit.o)
                0x08012414                __cxa_atexit
 .text.__errno  0x08012430        0xc c:/program files/daisytoolchain/bin/../lib/gcc/arm-none-eabi/10.2.1/../../../../arm-none-eabi/lib/thumb/v7e-m+dp/hard\libc_nano.a(lib_a-errno.o)
                0x08012430                __errno
 .text.__libc_init_array
                0x0801243c       0x48 c:/program files/daisytoolchain/bin/../lib/gcc/arm-none-eabi/10.2.1/../../../../arm-none-eabi/lib/thumb/v7e-m+dp/hard\libc_nano.a(lib_a-init.o)
                0x0801243c                __libc_init_array
 .text.memcpy   0x08012484       0x1c c:/program files/daisytoolchain/bin/../lib/gcc/arm-none-eabi/10.2.1/../../../../arm-none-eabi/lib/thumb/v7e-m+dp/hard\libc_nano.a(lib_a-memcpy-stub.o)
                0x08012484                memcpy
 .text.memset   0x080124a0       0x10 c:/program files/daisytoolchain/bin/../lib/gcc/arm-none-eabi/10.2.1/../../../../arm-none-eabi/lib/thumb/v7e-m+dp/hard\libc_nano.a(lib_a-memset.o)
                0x080124a0                memset
 .text.rand     0x080124b0       0x7c c:/program files/daisytoolchain/bin/../lib/gcc/arm-none-eabi/10.2.1/../../../../arm-none-eabi/lib/thumb/v7e-m+dp/hard\libc_nano.a(lib_a-rand.o)
                0x080124b0                rand
 .text.__assert_func
                0x0801252c       0x3c c:/program files/daisytoolchain/bin/../lib/gcc/arm-none-eabi/10.2.1/../../../../arm-none-eabi/lib/thumb/v7e-m+dp/hard\libc_nano.a(lib_a-assert.o)
                0x0801252c                __assert_func
 .text.std      0x08012568       0x48 c:/program files/daisytoolchain/bin/../lib/gcc/arm-none-eabi/10.2.1/../../../../arm-none-eabi/lib/thumb/v7e-m+dp/hard\libc_nano.a(lib_a-findfp.o)
 .text._cleanup_r
                0x080125b0        0xc c:/program files/daisytoolchain/bin/../lib/gcc/arm-none-eabi/10.2.1/../../../../arm-none-eabi/lib/thumb/v7e-m+dp/hard\libc_nano.a(lib_a-findfp.o)
                0x080125b0                _cleanup_r
 .text.__sfmoreglue
                0x080125bc       0x2c c:/program files/daisytoolchain/bin/../lib/gcc/arm-none-eabi/10.2.1/../../../../arm-none-eabi/lib/thumb/v7e-m+dp/hard\libc_nano.a(lib_a-findfp.o)
                0x080125bc                __sfmoreglue
 .text.__sfp_lock_acquire
                0x080125e8        0xc c:/program files/daisytoolchain/bin/../lib/gcc/arm-none-eabi/10.2.1/../../../../arm-none-eabi/lib/thumb/v7e-m+dp/hard\libc_nano.a(lib_a-findfp.o)
                0x080125e8                __sfp_lock_acquire
 .text.__sfp_lock_release
                0x080125f4        0xc c:/program files/daisytoolchain/bin/../lib/gcc/arm-none-eabi/10.2.1/../../../../arm-none-eabi/lib/thumb/v7e-m+dp/hard\libc_nano.a(lib_a-findfp.o)
                0x080125f4                __sfp_lock_release
 .text.__sinit_lock_acquire
                0x08012600        0xc c:/program files/daisytoolchain/bin/../lib/gcc/arm-none-eabi/10.2.1/../../../../arm-none-eabi/lib/thumb/v7e-m+dp/hard\libc_nano.a(lib_a-findfp.o)
                0x08012600                __sinit_lock_acquire
 .text.__sinit_lock_release
                0x0801260c        0xc c:/program files/daisytoolchain/bin/../lib/gcc/arm-none-eabi/10.2.1/../../../../arm-none-eabi/lib/thumb/v7e-m+dp/hard\libc_nano.a(lib_a-findfp.o)
                0x0801260c                __sinit_lock_release
 .text.__sinit  0x08012618       0x70 c:/program files/daisytoolchain/bin/../lib/gcc/arm-none-eabi/10.2.1/../../../../arm-none-eabi/lib/thumb/v7e-m+dp/hard\libc_nano.a(lib_a-findfp.o)
                0x08012618                __sinit
 .text.__sfp    0x08012688       0x8c c:/program files/daisytoolchain/bin/../lib/gcc/arm-none-eabi/10.2.1/../../../../arm-none-eabi/lib/thumb/v7e-m+dp/hard\libc_nano.a(lib_a-findfp.o)
                0x08012688                __sfp
 .text.fprintf  0x08012714       0x24 c:/program files/daisytoolchain/bin/../lib/gcc/arm-none-eabi/10.2.1/../../../../arm-none-eabi/lib/thumb/v7e-m+dp/hard\libc_nano.a(lib_a-fprintf.o)
                0x08012714                fiprintf
                0x08012714                fprintf
 .text._fwalk_reent
                0x08012738       0x3e c:/program files/daisytoolchain/bin/../lib/gcc/arm-none-eabi/10.2.1/../../../../arm-none-eabi/lib/thumb/v7e-m+dp/hard\libc_nano.a(lib_a-fwalk.o)
                0x08012738                _fwalk_reent
 .text.__retarget_lock_init_recursive
                0x08012776        0x2 c:/program files/daisytoolchain/bin/../lib/gcc/arm-none-eabi/10.2.1/../../../../arm-none-eabi/lib/thumb/v7e-m+dp/hard\libc_nano.a(lib_a-lock.o)
                0x08012776                __retarget_lock_init_recursive
 .text.__retarget_lock_acquire_recursive
                0x08012778        0x2 c:/program files/daisytoolchain/bin/../lib/gcc/arm-none-eabi/10.2.1/../../../../arm-none-eabi/lib/thumb/v7e-m+dp/hard\libc_nano.a(lib_a-lock.o)
                0x08012778                __retarget_lock_acquire_recursive
 .text.__retarget_lock_release_recursive
                0x0801277a        0x2 c:/program files/daisytoolchain/bin/../lib/gcc/arm-none-eabi/10.2.1/../../../../arm-none-eabi/lib/thumb/v7e-m+dp/hard\libc_nano.a(lib_a-lock.o)
                0x0801277a                __retarget_lock_release_recursive